Archive member included because of file (symbol)

.\CortexM0\ARM_GCC_493\Debug\SCB_SpiCommSlave01.a(cyfitter_cfg.o)
                              .\CortexM0\ARM_GCC_493\Debug\Cm0Start.o (cyfitter_cfg)
.\CortexM0\ARM_GCC_493\Debug\SCB_SpiCommSlave01.a(LED_GREEN.o)
                              .\CortexM0\ARM_GCC_493\Debug\cypress_slave_spi.o (LED_GREEN_Write)
.\CortexM0\ARM_GCC_493\Debug\SCB_SpiCommSlave01.a(LED_RED.o)
                              .\CortexM0\ARM_GCC_493\Debug\cypress_slave_spi.o (LED_RED_Write)
.\CortexM0\ARM_GCC_493\Debug\SCB_SpiCommSlave01.a(LED_BLUE.o)
                              .\CortexM0\ARM_GCC_493\Debug\cypress_slave_spi.o (LED_BLUE_Write)
.\CortexM0\ARM_GCC_493\Debug\SCB_SpiCommSlave01.a(SPIS.o)
                              .\CortexM0\ARM_GCC_493\Debug\cypress_slave_spi.o (SPIS_Start)
.\CortexM0\ARM_GCC_493\Debug\SCB_SpiCommSlave01.a(SPIS_SPI_UART.o)
                              .\CortexM0\ARM_GCC_493\Debug\cypress_slave_spi.o (SPIS_SpiUartReadRxData)
.\CortexM0\ARM_GCC_493\Debug\SCB_SpiCommSlave01.a(SPIS_SPI.o)
                              .\CortexM0\ARM_GCC_493\Debug\SCB_SpiCommSlave01.a(SPIS.o) (SPIS_SpiInit)
.\CortexM0\ARM_GCC_493\Debug\SCB_SpiCommSlave01.a(SPIS_SPI_UART_INT.o)
                              .\CortexM0\ARM_GCC_493\Debug\SCB_SpiCommSlave01.a(SPIS_SPI.o) (SPIS_SPI_UART_ISR)
.\CortexM0\ARM_GCC_493\Debug\SCB_SpiCommSlave01.a(CyLib.o)
                              .\CortexM0\ARM_GCC_493\Debug\SCB_SpiCommSlave01.a(cyfitter_cfg.o) (CySysClkWriteImoFreq)
.\CortexM0\ARM_GCC_493\Debug\SCB_SpiCommSlave01.a(CyLFClk.o)
                              .\CortexM0\ARM_GCC_493\Debug\SCB_SpiCommSlave01.a(CyLib.o) (CySysClkWcoEnabled)
.\CortexM0\ARM_GCC_493\Debug\SCB_SpiCommSlave01.a(RTD.o)
                              .\CortexM0\ARM_GCC_493\Debug\sensors.o (RTD_GetTemperature)
.\CortexM0\ARM_GCC_493\Debug\SCB_SpiCommSlave01.a(ADC_SAR_SEQ.o)
                              .\CortexM0\ARM_GCC_493\Debug\sensors.o (ADC_SAR_SEQ_Start)
.\CortexM0\ARM_GCC_493\Debug\SCB_SpiCommSlave01.a(ADC_SAR_SEQ_INT.o)
                              .\CortexM0\ARM_GCC_493\Debug\SCB_SpiCommSlave01.a(ADC_SAR_SEQ.o) (ADC_SAR_SEQ_ISR)
.\CortexM0\ARM_GCC_493\Debug\SCB_SpiCommSlave01.a(ADC_SAR_SEQ_IRQ.o)
                              .\CortexM0\ARM_GCC_493\Debug\sensors.o (ADC_SAR_SEQ_IRQ_StartEx)
.\CortexM0\ARM_GCC_493\Debug\SCB_SpiCommSlave01.a(IDAC.o)
                              .\CortexM0\ARM_GCC_493\Debug\sensors.o (IDAC_Start)
.\CortexM0\ARM_GCC_493\Debug\SCB_SpiCommSlave01.a(Current_Mux.o)
                              .\CortexM0\ARM_GCC_493\Debug\sensors.o (Current_Mux_Start)
.\CortexM0\ARM_GCC_493\Debug\SCB_SpiCommSlave01.a(CyBootAsmGnu.o)
                              .\CortexM0\ARM_GCC_493\Debug\SCB_SpiCommSlave01.a(CyLib.o) (CyDelayCycles)
.\CortexM0\ARM_GCC_493\Debug\SCB_SpiCommSlave01.a(CyFlash.o)
                              .\CortexM0\ARM_GCC_493\Debug\SCB_SpiCommSlave01.a(CyLib.o) (CySysFlashSetWaitCycles)
c:/program files (x86)/cypress/psoc creator/4.0/psoc creator/import/gnu/arm/4.9.3/bin/../lib/gcc/arm-none-eabi/4.9.3/armv6-m\libgcc.a(_udivsi3.o)
                              .\CortexM0\ARM_GCC_493\Debug\sensors.o (__aeabi_uidiv)
c:/program files (x86)/cypress/psoc creator/4.0/psoc creator/import/gnu/arm/4.9.3/bin/../lib/gcc/arm-none-eabi/4.9.3/armv6-m\libgcc.a(_divsi3.o)
                              .\CortexM0\ARM_GCC_493\Debug\SCB_SpiCommSlave01.a(CyLib.o) (__aeabi_idiv)
c:/program files (x86)/cypress/psoc creator/4.0/psoc creator/import/gnu/arm/4.9.3/bin/../lib/gcc/arm-none-eabi/4.9.3/armv6-m\libgcc.a(_dvmd_tls.o)
                              c:/program files (x86)/cypress/psoc creator/4.0/psoc creator/import/gnu/arm/4.9.3/bin/../lib/gcc/arm-none-eabi/4.9.3/armv6-m\libgcc.a(_udivsi3.o) (__aeabi_idiv0)
c:/program files (x86)/cypress/psoc creator/4.0/psoc creator/import/gnu/arm/4.9.3/bin/../lib/gcc/arm-none-eabi/4.9.3/armv6-m\libgcc.a(_aeabi_ldivmod.o)
                              .\CortexM0\ARM_GCC_493\Debug\SCB_SpiCommSlave01.a(ADC_SAR_SEQ.o) (__aeabi_ldivmod)
c:/program files (x86)/cypress/psoc creator/4.0/psoc creator/import/gnu/arm/4.9.3/bin/../lib/gcc/arm-none-eabi/4.9.3/armv6-m\libgcc.a(_muldi3.o)
                              .\CortexM0\ARM_GCC_493\Debug\SCB_SpiCommSlave01.a(RTD.o) (__aeabi_lmul)
c:/program files (x86)/cypress/psoc creator/4.0/psoc creator/import/gnu/arm/4.9.3/bin/../lib/gcc/arm-none-eabi/4.9.3/armv6-m\libgcc.a(_fixunsdfsi.o)
                              .\CortexM0\ARM_GCC_493\Debug\sensors.o (__aeabi_d2uiz)
c:/program files (x86)/cypress/psoc creator/4.0/psoc creator/import/gnu/arm/4.9.3/bin/../lib/gcc/arm-none-eabi/4.9.3/armv6-m\libgcc.a(bpabi.o)
                              c:/program files (x86)/cypress/psoc creator/4.0/psoc creator/import/gnu/arm/4.9.3/bin/../lib/gcc/arm-none-eabi/4.9.3/armv6-m\libgcc.a(_aeabi_ldivmod.o) (__gnu_ldivmod_helper)
[...]
Memory Configuration

Name             Origin             Length             Attributes
rom              0x00000000         0x00040000         xr
ram              0x20000000         0x00008000         xrw
*default*        0x00000000         0xffffffff

Linker script and memory map

LOAD c:/program files (x86)/cypress/psoc creator/4.0/psoc creator/import/gnu/arm/4.9.3/bin/../lib/gcc/arm-none-eabi/4.9.3/armv6-m/crti.o
LOAD c:/program files (x86)/cypress/psoc creator/4.0/psoc creator/import/gnu/arm/4.9.3/bin/../lib/gcc/arm-none-eabi/4.9.3/armv6-m/crtbegin.o
LOAD c:/program files (x86)/cypress/psoc creator/4.0/psoc creator/import/gnu/arm/4.9.3/bin/../lib/gcc/arm-none-eabi/4.9.3/../../../../arm-none-eabi/lib/armv6-m/crt0.o
START GROUP
LOAD .\CortexM0\ARM_GCC_493\Debug\main.o
LOAD .\CortexM0\ARM_GCC_493\Debug\cypress_slave_spi.o
LOAD .\CortexM0\ARM_GCC_493\Debug\cypress_arduino.o
LOAD .\CortexM0\ARM_GCC_493\Debug\sensors.o
LOAD .\CortexM0\ARM_GCC_493\Debug\controls.o
LOAD .\CortexM0\ARM_GCC_493\Debug\cymetadata.o
LOAD .\CortexM0\ARM_GCC_493\Debug\Cm0Start.o
LOAD .\CortexM0\ARM_GCC_493\Debug\SCB_SpiCommSlave01.a
LOAD C:\Program Files (x86)\Cypress\PSoC Creator\4.0\PSoC Creator\psoc\content\cycomponentlibrary\CyComponentLibrary.cylib\CortexM0\ARM_GCC_493\Debug\CyComponentLibrary.a
END GROUP
START GROUP
LOAD c:/program files (x86)/cypress/psoc creator/4.0/psoc creator/import/gnu/arm/4.9.3/bin/../lib/gcc/arm-none-eabi/4.9.3/armv6-m\libgcc.a
LOAD c:/program files (x86)/cypress/psoc creator/4.0/psoc creator/import/gnu/arm/4.9.3/bin/../lib/gcc/arm-none-eabi/4.9.3/../../../../arm-none-eabi/lib/armv6-m\libg_nano.a
LOAD c:/program files (x86)/cypress/psoc creator/4.0/psoc creator/import/gnu/arm/4.9.3/bin/../lib/gcc/arm-none-eabi/4.9.3/../../../../arm-none-eabi/lib/armv6-m\libc_nano.a
END GROUP
START GROUP
LOAD c:/program files (x86)/cypress/psoc creator/4.0/psoc creator/import/gnu/arm/4.9.3/bin/../lib/gcc/arm-none-eabi/4.9.3/armv6-m\libgcc.a
LOAD c:/program files (x86)/cypress/psoc creator/4.0/psoc creator/import/gnu/arm/4.9.3/bin/../lib/gcc/arm-none-eabi/4.9.3/../../../../arm-none-eabi/lib/armv6-m\libc_nano.a
END GROUP
LOAD c:/program files (x86)/cypress/psoc creator/4.0/psoc creator/import/gnu/arm/4.9.3/bin/../lib/gcc/arm-none-eabi/4.9.3/armv6-m/crtend.o
LOAD c:/program files (x86)/cypress/psoc creator/4.0/psoc creator/import/gnu/arm/4.9.3/bin/../lib/gcc/arm-none-eabi/4.9.3/armv6-m/crtn.o
START GROUP
LOAD c:/program files (x86)/cypress/psoc creator/4.0/psoc creator/import/gnu/arm/4.9.3/bin/../lib/gcc/arm-none-eabi/4.9.3/armv6-m\libgcc.a
LOAD c:/program files (x86)/cypress/psoc creator/4.0/psoc creator/import/gnu/arm/4.9.3/bin/../lib/gcc/arm-none-eabi/4.9.3/../../../../arm-none-eabi/lib/armv6-m\libc.a
LOAD c:/program files (x86)/cypress/psoc creator/4.0/psoc creator/import/gnu/arm/4.9.3/bin/../lib/gcc/arm-none-eabi/4.9.3/../../../../arm-none-eabi/lib/armv6-m\libnosys.a
END GROUP
                0x00000000                CY_APPL_ORIGIN = 0x0
                0x00000100                CY_FLASH_ROW_SIZE = 0x100
                0x00000001                CY_APPL_NUM = 0x1
                0x00000001                CY_APPL_MAX = 0x1
                0x00000040                CY_METADATA_SIZE = 0x40
                0x00000000                CY_APPL_LOADABLE = 0x0
                0x00000000                CY_CHECKSUM_EXCLUDE_SIZE = ALIGN (0x0, CY_FLASH_ROW_SIZE)
                0x00000000                CY_APP_FOR_STACK_AND_COPIER = 0x0
                0x200002f8                PROVIDE (__cy_heap_start, _end)
                0x00000001                PROVIDE (__cy_region_num, ((__cy_regions_end - __cy_regions) / 0x10))
                0x20008000                PROVIDE (__cy_stack, (ORIGIN (ram) + 0x8000))
                0x20007c00                PROVIDE (__cy_heap_end, (__cy_stack - 0x400))

.cybootloader   0x00000000        0x0
 *(.cybootloader)
                0x00000000                appl1_start = CY_APPL_ORIGIN?CY_APPL_ORIGIN:ALIGN (CY_FLASH_ROW_SIZE)
                0x0001ff00                appl2_start = (appl1_start + ALIGN ((((0x40000 - appl1_start) - (0x2 * CY_FLASH_ROW_SIZE)) / 0x2), CY_FLASH_ROW_SIZE))
                0x00000000                appl_start = (CY_APPL_NUM == 0x1)?appl1_start:appl2_start
                0x00000001                cy_project_type_bootloader = (appl_start == 0x0)?0x1:0x0
                0x00000000                cy_project_type_app_for_stack_and_copier = (CY_APP_FOR_STACK_AND_COPIER == 0x1)?0x1:0x0

.text           0x00000000     0x3a46
 CREATE_OBJECT_SYMBOLS
                0x00000000                PROVIDE (__cy_interrupt_vector, RomVectors)
 *(.romvectors)
 .romvectors    0x00000000       0x10 .\CortexM0\ARM_GCC_493\Debug\Cm0Start.o
                0x00000000                RomVectors
                0x00000001                ASSERT ((. != __cy_interrupt_vector), No interrupt vector)
                0x00000001                ASSERT (CY_APPL_ORIGIN?(SIZEOF (.cybootloader) <= CY_APPL_ORIGIN):0x1, Wrong image location)
                0x00000010                PROVIDE (__cy_reset, Reset)
 *(.text.Reset)
 .text.Reset    0x00000010        0x8 .\CortexM0\ARM_GCC_493\Debug\Cm0Start.o
                0x00000010                Reset
                0x00000001                ASSERT ((. != __cy_reset), No reset code)
 *(.psocinit)
 .psocinit      0x00000018      0x250 .\CortexM0\ARM_GCC_493\Debug\SCB_SpiCommSlave01.a(cyfitter_cfg.o)
                0x000000a8                cyfitter_cfg
                0x00000268                . = MAX (., 0x100)
 *(.text .text.* .gnu.linkonce.t.*)
 .text          0x00000268       0x60 c:/program files (x86)/cypress/psoc creator/4.0/psoc creator/import/gnu/arm/4.9.3/bin/../lib/gcc/arm-none-eabi/4.9.3/armv6-m/crtbegin.o
 .text.main     0x000002c8       0x24 .\CortexM0\ARM_GCC_493\Debug\main.o
                0x000002c8                main
 .text.process_slave_spi
                0x000002ec      0x1f4 .\CortexM0\ARM_GCC_493\Debug\cypress_slave_spi.o
                0x000002ec                process_slave_spi
 .text.init_slave_spi
                0x000004e0        0xc .\CortexM0\ARM_GCC_493\Debug\cypress_slave_spi.o
                0x000004e0                init_slave_spi
 .text.SPI_read
                0x000004ec       0x58 .\CortexM0\ARM_GCC_493\Debug\cypress_slave_spi.o
 .text.SPI_write
                0x00000544       0x80 .\CortexM0\ARM_GCC_493\Debug\cypress_slave_spi.o
 .text.spi_read_command_complete
                0x000005c4       0xe0 .\CortexM0\ARM_GCC_493\Debug\cypress_slave_spi.o
 .text.spi_read_complete
                0x000006a4       0xc8 .\CortexM0\ARM_GCC_493\Debug\cypress_slave_spi.o
 .text.spi_write_complete
                0x0000076c       0x1c .\CortexM0\ARM_GCC_493\Debug\cypress_slave_spi.o
 .text.init_arduiono
                0x00000788        0x8 .\CortexM0\ARM_GCC_493\Debug\cypress_arduino.o
                0x00000788                init_arduiono
 .text.set_float_sensor_data
                0x00000790       0x50 .\CortexM0\ARM_GCC_493\Debug\cypress_arduino.o
                0x00000790                set_float_sensor_data
 .text.ADC_SAR_SEQ_ISR_LOC
                0x000007e0       0xa4 .\CortexM0\ARM_GCC_493\Debug\sensors.o
                0x000007e0                ADC_SAR_SEQ_ISR_LOC
 .text.init_sensors
                0x00000884       0x14 .\CortexM0\ARM_GCC_493\Debug\sensors.o
                0x00000884                init_sensors
 .text.process_sensors
                0x00000898        0xc .\CortexM0\ARM_GCC_493\Debug\sensors.o
                0x00000898                process_sensors
 .text.process_RTD
                0x000008a4      0x38c .\CortexM0\ARM_GCC_493\Debug\sensors.o
                0x000008a4                process_RTD
 .text.init_controls
                0x00000c30       0x1c .\CortexM0\ARM_GCC_493\Debug\controls.o
                0x00000c30                init_controls
 .text.process_controls
                0x00000c4c        0x8 .\CortexM0\ARM_GCC_493\Debug\controls.o
                0x00000c4c                process_controls
 .text.IntDefaultHandler
                0x00000c54       0x14 .\CortexM0\ARM_GCC_493\Debug\Cm0Start.o
                0x00000c54                IntDefaultHandler
 .text.Start_c  0x00000c68       0x98 .\CortexM0\ARM_GCC_493\Debug\Cm0Start.o
                0x00000c68                Start_c
 .text.initialize_psoc
                0x00000d00       0x70 .\CortexM0\ARM_GCC_493\Debug\Cm0Start.o
                0x00000d00                initialize_psoc
 .text.CYMEMZERO
                0x00000d70       0x20 .\CortexM0\ARM_GCC_493\Debug\SCB_SpiCommSlave01.a(cyfitter_cfg.o)
 .text.cfg_write_bytes32
                0x00000d90       0x80 .\CortexM0\ARM_GCC_493\Debug\SCB_SpiCommSlave01.a(cyfitter_cfg.o)
 .text.AnalogSetDefault
                0x00000e10       0x88 .\CortexM0\ARM_GCC_493\Debug\SCB_SpiCommSlave01.a(cyfitter_cfg.o)
 .text.SetAnalogRoutingPumps
                0x00000e98       0x40 .\CortexM0\ARM_GCC_493\Debug\SCB_SpiCommSlave01.a(cyfitter_cfg.o)
                0x00000e98                SetAnalogRoutingPumps
 .text.Current_Mux_Set
                0x00000ed8       0x5c .\CortexM0\ARM_GCC_493\Debug\SCB_SpiCommSlave01.a(cyfitter_cfg.o)
                0x00000ed8                Current_Mux_Set
 .text.Current_Mux_Unset
                0x00000f34       0x64 .\CortexM0\ARM_GCC_493\Debug\SCB_SpiCommSlave01.a(cyfitter_cfg.o)
                0x00000f34                Current_Mux_Unset
 .text.LED_GREEN_Write
                0x00000f98       0x4c .\CortexM0\ARM_GCC_493\Debug\SCB_SpiCommSlave01.a(LED_GREEN.o)
                0x00000f98                LED_GREEN_Write
 .text.LED_RED_Write
                0x00000fe4       0x4c .\CortexM0\ARM_GCC_493\Debug\SCB_SpiCommSlave01.a(LED_RED.o)
                0x00000fe4                LED_RED_Write
 .text.LED_BLUE_Write
                0x00001030       0x4c .\CortexM0\ARM_GCC_493\Debug\SCB_SpiCommSlave01.a(LED_BLUE.o)
                0x00001030                LED_BLUE_Write
 .text.SPIS_Init
                0x0000107c        0xc .\CortexM0\ARM_GCC_493\Debug\SCB_SpiCommSlave01.a(SPIS.o)
                0x0000107c                SPIS_Init
 .text.SPIS_Enable
                0x00001088       0x24 .\CortexM0\ARM_GCC_493\Debug\SCB_SpiCommSlave01.a(SPIS.o)
                0x00001088                SPIS_Enable
 .text.SPIS_Start
                0x000010ac       0x24 .\CortexM0\ARM_GCC_493\Debug\SCB_SpiCommSlave01.a(SPIS.o)
                0x000010ac                SPIS_Start
 .text.SPIS_ScbEnableIntr
                0x000010d0       0x10 .\CortexM0\ARM_GCC_493\Debug\SCB_SpiCommSlave01.a(SPIS.o)
 .text.SPIS_ScbModePostEnable
                0x000010e0        0xc .\CortexM0\ARM_GCC_493\Debug\SCB_SpiCommSlave01.a(SPIS.o)
 .text.SPIS_SpiUartReadRxData
                0x000010ec       0x20 .\CortexM0\ARM_GCC_493\Debug\SCB_SpiCommSlave01.a(SPIS_SPI_UART.o)
                0x000010ec                SPIS_SpiUartReadRxData
 .text.SPIS_SpiUartGetRxBufferSize
                0x0000110c       0x20 .\CortexM0\ARM_GCC_493\Debug\SCB_SpiCommSlave01.a(SPIS_SPI_UART.o)
                0x0000110c                SPIS_SpiUartGetRxBufferSize
 .text.SPIS_SpiUartClearRxBuffer
                0x0000112c       0x2c .\CortexM0\ARM_GCC_493\Debug\SCB_SpiCommSlave01.a(SPIS_SPI_UART.o)
                0x0000112c                SPIS_SpiUartClearRxBuffer
 .text.SPIS_SpiUartWriteTxData
                0x00001158       0x2c .\CortexM0\ARM_GCC_493\Debug\SCB_SpiCommSlave01.a(SPIS_SPI_UART.o)
                0x00001158                SPIS_SpiUartWriteTxData
 .text.SPIS_SpiUartPutArray
                0x00001184       0x34 .\CortexM0\ARM_GCC_493\Debug\SCB_SpiCommSlave01.a(SPIS_SPI_UART.o)
                0x00001184                SPIS_SpiUartPutArray
 .text.SPIS_SpiUartGetTxBufferSize
                0x000011b8       0x20 .\CortexM0\ARM_GCC_493\Debug\SCB_SpiCommSlave01.a(SPIS_SPI_UART.o)
                0x000011b8                SPIS_SpiUartGetTxBufferSize
 .text.SPIS_SpiInit
                0x000011d8       0xb4 .\CortexM0\ARM_GCC_493\Debug\SCB_SpiCommSlave01.a(SPIS_SPI.o)
                0x000011d8                SPIS_SpiInit
 .text.SPIS_SpiPostEnable
                0x0000128c       0x18 .\CortexM0\ARM_GCC_493\Debug\SCB_SpiCommSlave01.a(SPIS_SPI.o)
                0x0000128c                SPIS_SpiPostEnable
 .text.SPIS_SPI_UART_ISR
                0x000012a4       0x1c .\CortexM0\ARM_GCC_493\Debug\SCB_SpiCommSlave01.a(SPIS_SPI_UART_INT.o)
                0x000012a4                SPIS_SPI_UART_ISR
 .text.CySysClkImoEnableWcoLock
                0x000012c0      0x154 .\CortexM0\ARM_GCC_493\Debug\SCB_SpiCommSlave01.a(CyLib.o)
                0x000012c0                CySysClkImoEnableWcoLock
 .text.CySysClkImoDisableWcoLock
                0x00001414       0x1c .\CortexM0\ARM_GCC_493\Debug\SCB_SpiCommSlave01.a(CyLib.o)
                0x00001414                CySysClkImoDisableWcoLock
 .text.CySysClkImoGetWcoLock
                0x00001430       0x20 .\CortexM0\ARM_GCC_493\Debug\SCB_SpiCommSlave01.a(CyLib.o)
                0x00001430                CySysClkImoGetWcoLock
 .text.CySysClkImoEnableUsbLock
                0x00001450       0x50 .\CortexM0\ARM_GCC_493\Debug\SCB_SpiCommSlave01.a(CyLib.o)
                0x00001450                CySysClkImoEnableUsbLock
 .text.CySysClkImoDisableUsbLock
                0x000014a0       0x34 .\CortexM0\ARM_GCC_493\Debug\SCB_SpiCommSlave01.a(CyLib.o)
                0x000014a0                CySysClkImoDisableUsbLock
 .text.CySysClkImoGetUsbLock
                0x000014d4       0x20 .\CortexM0\ARM_GCC_493\Debug\SCB_SpiCommSlave01.a(CyLib.o)
                0x000014d4                CySysClkImoGetUsbLock
 .text.CySysClkWriteImoFreq
                0x000014f4      0x26c .\CortexM0\ARM_GCC_493\Debug\SCB_SpiCommSlave01.a(CyLib.o)
                0x000014f4                CySysClkWriteImoFreq
 .text.CyIntSetVector
                0x00001760       0x4c .\CortexM0\ARM_GCC_493\Debug\SCB_SpiCommSlave01.a(CyLib.o)
                0x00001760                CyIntSetVector
 .text.CyIntSetPriority
                0x000017ac       0xa8 .\CortexM0\ARM_GCC_493\Debug\SCB_SpiCommSlave01.a(CyLib.o)
                0x000017ac                CyIntSetPriority
 .text.CyIntEnable
                0x00001854       0x28 .\CortexM0\ARM_GCC_493\Debug\SCB_SpiCommSlave01.a(CyLib.o)
                0x00001854                CyIntEnable
 .text.CyIntDisable
                0x0000187c       0x28 .\CortexM0\ARM_GCC_493\Debug\SCB_SpiCommSlave01.a(CyLib.o)
                0x0000187c                CyIntDisable
 .text.CyHalt   0x000018a4       0x14 .\CortexM0\ARM_GCC_493\Debug\SCB_SpiCommSlave01.a(CyLib.o)
                0x000018a4                CyHalt
 .text.CyDelay  0x000018b8       0x48 .\CortexM0\ARM_GCC_493\Debug\SCB_SpiCommSlave01.a(CyLib.o)
                0x000018b8                CyDelay
 .text.CyDelayUs
                0x00001900       0x28 .\CortexM0\ARM_GCC_493\Debug\SCB_SpiCommSlave01.a(CyLib.o)
                0x00001900                CyDelayUs
 .text.CySysClkWcoEnabled
                0x00001928       0x1c .\CortexM0\ARM_GCC_493\Debug\SCB_SpiCommSlave01.a(CyLFClk.o)
                0x00001928                CySysClkWcoEnabled
 .text.RTD_MultShift24
                0x00001944       0x94 .\CortexM0\ARM_GCC_493\Debug\SCB_SpiCommSlave01.a(RTD.o)
                0x00001944                RTD_MultShift24
 .text.RTD_GetTemperature
                0x000019d8      0x18c .\CortexM0\ARM_GCC_493\Debug\SCB_SpiCommSlave01.a(RTD.o)
                0x000019d8                RTD_GetTemperature
 .text.ADC_SAR_SEQ_Start
                0x00001b64       0x24 .\CortexM0\ARM_GCC_493\Debug\SCB_SpiCommSlave01.a(ADC_SAR_SEQ.o)
                0x00001b64                ADC_SAR_SEQ_Start
 .text.ADC_SAR_SEQ_Init
                0x00001b88      0x218 .\CortexM0\ARM_GCC_493\Debug\SCB_SpiCommSlave01.a(ADC_SAR_SEQ.o)
                0x00001b88                ADC_SAR_SEQ_Init
 .text.ADC_SAR_SEQ_Enable
                0x00001da0       0x38 .\CortexM0\ARM_GCC_493\Debug\SCB_SpiCommSlave01.a(ADC_SAR_SEQ.o)
                0x00001da0                ADC_SAR_SEQ_Enable
 .text.ADC_SAR_SEQ_StartConvert
                0x00001dd8       0x1c .\CortexM0\ARM_GCC_493\Debug\SCB_SpiCommSlave01.a(ADC_SAR_SEQ.o)
                0x00001dd8                ADC_SAR_SEQ_StartConvert
 .text.ADC_SAR_SEQ_StopConvert
                0x00001df4       0x1c .\CortexM0\ARM_GCC_493\Debug\SCB_SpiCommSlave01.a(ADC_SAR_SEQ.o)
                0x00001df4                ADC_SAR_SEQ_StopConvert
 .text.ADC_SAR_SEQ_GetResult16
                0x00001e10       0x44 .\CortexM0\ARM_GCC_493\Debug\SCB_SpiCommSlave01.a(ADC_SAR_SEQ.o)
                0x00001e10                ADC_SAR_SEQ_GetResult16
 .text.ADC_SAR_SEQ_SetChanMask
                0x00001e54       0x1c .\CortexM0\ARM_GCC_493\Debug\SCB_SpiCommSlave01.a(ADC_SAR_SEQ.o)
                0x00001e54                ADC_SAR_SEQ_SetChanMask
 .text.ADC_SAR_SEQ_CountsTo_Volts
                0x00001e70       0x80 .\CortexM0\ARM_GCC_493\Debug\SCB_SpiCommSlave01.a(ADC_SAR_SEQ.o)
                0x00001e70                ADC_SAR_SEQ_CountsTo_Volts
 .text.ADC_SAR_SEQ_ISR
                0x00001ef0       0x1c .\CortexM0\ARM_GCC_493\Debug\SCB_SpiCommSlave01.a(ADC_SAR_SEQ_INT.o)
                0x00001ef0                ADC_SAR_SEQ_ISR
 .text.ADC_SAR_SEQ_IRQ_StartEx
                0x00001f0c       0x24 .\CortexM0\ARM_GCC_493\Debug\SCB_SpiCommSlave01.a(ADC_SAR_SEQ_IRQ.o)
                0x00001f0c                ADC_SAR_SEQ_IRQ_StartEx
 .text.ADC_SAR_SEQ_IRQ_SetVector
                0x00001f30       0x1c .\CortexM0\ARM_GCC_493\Debug\SCB_SpiCommSlave01.a(ADC_SAR_SEQ_IRQ.o)
                0x00001f30                ADC_SAR_SEQ_IRQ_SetVector
 .text.ADC_SAR_SEQ_IRQ_SetPriority
                0x00001f4c       0x50 .\CortexM0\ARM_GCC_493\Debug\SCB_SpiCommSlave01.a(ADC_SAR_SEQ_IRQ.o)
                0x00001f4c                ADC_SAR_SEQ_IRQ_SetPriority
 .text.ADC_SAR_SEQ_IRQ_Enable
                0x00001f9c       0x14 .\CortexM0\ARM_GCC_493\Debug\SCB_SpiCommSlave01.a(ADC_SAR_SEQ_IRQ.o)
                0x00001f9c                ADC_SAR_SEQ_IRQ_Enable
 .text.ADC_SAR_SEQ_IRQ_Disable
                0x00001fb0       0x14 .\CortexM0\ARM_GCC_493\Debug\SCB_SpiCommSlave01.a(ADC_SAR_SEQ_IRQ.o)
                0x00001fb0                ADC_SAR_SEQ_IRQ_Disable
 .text.IDAC_Init
                0x00001fc4       0x84 .\CortexM0\ARM_GCC_493\Debug\SCB_SpiCommSlave01.a(IDAC.o)
                0x00001fc4                IDAC_Init
 .text.IDAC_Enable
                0x00002048       0x44 .\CortexM0\ARM_GCC_493\Debug\SCB_SpiCommSlave01.a(IDAC.o)
                0x00002048                IDAC_Enable
 .text.IDAC_Start
                0x0000208c       0x24 .\CortexM0\ARM_GCC_493\Debug\SCB_SpiCommSlave01.a(IDAC.o)
                0x0000208c                IDAC_Start
 .text.IDAC_SetValue
                0x000020b0       0x40 .\CortexM0\ARM_GCC_493\Debug\SCB_SpiCommSlave01.a(IDAC.o)
                0x000020b0                IDAC_SetValue
 .text.Current_Mux_Start
                0x000020f0       0x3c .\CortexM0\ARM_GCC_493\Debug\SCB_SpiCommSlave01.a(Current_Mux.o)
                0x000020f0                Current_Mux_Start
 .text.Current_Mux_FastSelect
                0x0000212c       0x3c .\CortexM0\ARM_GCC_493\Debug\SCB_SpiCommSlave01.a(Current_Mux.o)
                0x0000212c                Current_Mux_FastSelect
 .text          0x00002168       0x20 .\CortexM0\ARM_GCC_493\Debug\SCB_SpiCommSlave01.a(CyBootAsmGnu.o)
                0x00002168                CyDelayCycles
                0x0000217a                CyEnterCriticalSection
                0x00002182                CyExitCriticalSection
 .text.CySysFlashSetWaitCycles
                0x00002188       0x74 .\CortexM0\ARM_GCC_493\Debug\SCB_SpiCommSlave01.a(CyFlash.o)
                0x00002188                CySysFlashSetWaitCycles
 .text          0x000021fc      0x120 c:/program files (x86)/cypress/psoc creator/4.0/psoc creator/import/gnu/arm/4.9.3/bin/../lib/gcc/arm-none-eabi/4.9.3/armv6-m\libgcc.a(_udivsi3.o)
                0x000021fc                __aeabi_uidiv
                0x000021fc                __udivsi3
                0x00002308                __aeabi_uidivmod
 .text          0x0000231c        0x4 c:/program files (x86)/cypress/psoc creator/4.0/psoc creator/import/gnu/arm/4.9.3/bin/../lib/gcc/arm-none-eabi/4.9.3/armv6-m\libgcc.a(_dvmd_tls.o)
                0x0000231c                __aeabi_idiv0
                0x0000231c                __aeabi_ldiv0
 .text          0x00002320       0x54 c:/program files (x86)/cypress/psoc creator/4.0/psoc creator/import/gnu/arm/4.9.3/bin/../lib/gcc/arm-none-eabi/4.9.3/armv6-m\libgcc.a(_muldi3.o)
                0x00002320                __muldi3
                0x00002320                __aeabi_lmul
 .text          0x00002374       0x3c c:/program files (x86)/cypress/psoc creator/4.0/psoc creator/import/gnu/arm/4.9.3/bin/../lib/gcc/arm-none-eabi/4.9.3/armv6-m\libgcc.a(_fixunsdfsi.o)
                0x00002374                __aeabi_d2uiz
                0x00002374                __fixunsdfsi
 .text          0x000023b0      0x270 c:/program files (x86)/cypress/psoc creator/4.0/psoc creator/import/gnu/arm/4.9.3/bin/../lib/gcc/arm-none-eabi/4.9.3/armv6-m\libgcc.a(divsf3.o)
                0x000023b0                __aeabi_fdiv
 .text          0x00002620      0x264 c:/program files (x86)/cypress/psoc creator/4.0/psoc creator/import/gnu/arm/4.9.3/bin/../lib/gcc/arm-none-eabi/4.9.3/armv6-m\libgcc.a(mulsf3.o)
                0x00002620                __aeabi_fmul
 .text          0x00002884       0x90 c:/program files (x86)/cypress/psoc creator/4.0/psoc creator/import/gnu/arm/4.9.3/bin/../lib/gcc/arm-none-eabi/4.9.3/armv6-m\libgcc.a(floatsisf.o)
                0x00002884                __aeabi_i2f
 .text          0x00002914       0x90 c:/program files (x86)/cypress/psoc creator/4.0/psoc creator/import/gnu/arm/4.9.3/bin/../lib/gcc/arm-none-eabi/4.9.3/armv6-m\libgcc.a(floatunsisf.o)
                0x00002914                __aeabi_ui2f
 .text          0x000029a4      0x534 c:/program files (x86)/cypress/psoc creator/4.0/psoc creator/import/gnu/arm/4.9.3/bin/../lib/gcc/arm-none-eabi/4.9.3/armv6-m\libgcc.a(muldf3.o)
                0x000029a4                __aeabi_dmul
 .text          0x00002ed8      0x6f4 c:/program files (x86)/cypress/psoc creator/4.0/psoc creator/import/gnu/arm/4.9.3/bin/../lib/gcc/arm-none-eabi/4.9.3/armv6-m\libgcc.a(subdf3.o)
                0x00002ed8                __aeabi_dsub
 .text          0x000035cc       0x6c c:/program files (x86)/cypress/psoc creator/4.0/psoc creator/import/gnu/arm/4.9.3/bin/../lib/gcc/arm-none-eabi/4.9.3/armv6-m\libgcc.a(fixdfsi.o)
                0x000035cc                __aeabi_d2iz
 .text          0x00003638       0xa8 c:/program files (x86)/cypress/psoc creator/4.0/psoc creator/import/gnu/arm/4.9.3/bin/../lib/gcc/arm-none-eabi/4.9.3/armv6-m\libgcc.a(extendsfdf2.o)
                0x00003638                __aeabi_f2d
 .text          0x000036e0       0x7c c:/program files (x86)/cypress/psoc creator/4.0/psoc creator/import/gnu/arm/4.9.3/bin/../lib/gcc/arm-none-eabi/4.9.3/armv6-m\libgcc.a(_arm_cmpdf2.o)
                0x000036e0                __aeabi_cdrcmple
                0x000036f0                __aeabi_cdcmple
                0x000036f0                __aeabi_cdcmpeq
                0x00003700                __aeabi_dcmpeq
                0x0000370c                __aeabi_dcmplt
                0x00003720                __aeabi_dcmple
                0x00003734                __aeabi_dcmpgt
                0x00003748                __aeabi_dcmpge
 .text          0x0000375c       0x3c c:/program files (x86)/cypress/psoc creator/4.0/psoc creator/import/gnu/arm/4.9.3/bin/../lib/gcc/arm-none-eabi/4.9.3/armv6-m\libgcc.a(_clzsi2.o)
                0x0000375c                __clzsi2
 .text          0x00003798       0x88 c:/program files (x86)/cypress/psoc creator/4.0/psoc creator/import/gnu/arm/4.9.3/bin/../lib/gcc/arm-none-eabi/4.9.3/armv6-m\libgcc.a(eqdf2.o)
                0x00003798                __nedf2
                0x00003798                __eqdf2
 .text          0x00003820       0xe0 c:/program files (x86)/cypress/psoc creator/4.0/psoc creator/import/gnu/arm/4.9.3/bin/../lib/gcc/arm-none-eabi/4.9.3/armv6-m\libgcc.a(gedf2.o)
                0x00003820                __gedf2
                0x00003820                __gtdf2
 .text          0x00003900       0xcc c:/program files (x86)/cypress/psoc creator/4.0/psoc creator/import/gnu/arm/4.9.3/bin/../lib/gcc/arm-none-eabi/4.9.3/armv6-m\libgcc.a(ledf2.o)
                0x00003900                __ledf2
                0x00003900                __ltdf2
 .text.__errno  0x000039cc        0xc c:/program files (x86)/cypress/psoc creator/4.0/psoc creator/import/gnu/arm/4.9.3/bin/../lib/gcc/arm-none-eabi/4.9.3/../../../../arm-none-eabi/lib/armv6-m\libg_nano.a(lib_a-errno.o)
                0x000039cc                __errno
 .text.__libc_init_array
                0x000039d8       0x4c c:/program files (x86)/cypress/psoc creator/4.0/psoc creator/import/gnu/arm/4.9.3/bin/../lib/gcc/arm-none-eabi/4.9.3/../../../../arm-none-eabi/lib/armv6-m\libg_nano.a(lib_a-init.o)
                0x000039d8                __libc_init_array
 .text.memcpy   0x00003a24       0x12 c:/program files (x86)/cypress/psoc creator/4.0/psoc creator/import/gnu/arm/4.9.3/bin/../lib/gcc/arm-none-eabi/4.9.3/../../../../arm-none-eabi/lib/armv6-m\libg_nano.a(lib_a-memcpy.o)
                0x00003a24                memcpy
 .text.memset   0x00003a36       0x10 c:/program files (x86)/cypress/psoc creator/4.0/psoc creator/import/gnu/arm/4.9.3/bin/../lib/gcc/arm-none-eabi/4.9.3/../../../../arm-none-eabi/lib/armv6-m\libg_nano.a(lib_a-memset.o)
                0x00003a36                memset
 *(.plt)
 *(.gnu.warning)
 *(.glue_7t)
 .glue_7t       0x00000000        0x0 linker stubs
 *(.glue_7)
 .glue_7        0x00000000        0x0 linker stubs
 *(.vfp11_veneer)
 .vfp11_veneer  0x00000000        0x0 linker stubs
 *(.bootloader)
 *(.ARM.extab* .gnu.linkonce.armextab.*)
 *(.gcc_except_table)

.v4_bx          0x00003a48        0x0
 .v4_bx         0x00000000        0x0 linker stubs

.iplt           0x00003a48        0x0
 .iplt          0x00000000        0x0 c:/program files (x86)/cypress/psoc creator/4.0/psoc creator/import/gnu/arm/4.9.3/bin/../lib/gcc/arm-none-eabi/4.9.3/armv6-m/crtbegin.o

.eh_frame_hdr
 *(.eh_frame_hdr)

.eh_frame       0x00003a48        0x4
 *(.eh_frame)
 .eh_frame      0x00003a48        0x0 c:/program files (x86)/cypress/psoc creator/4.0/psoc creator/import/gnu/arm/4.9.3/bin/../lib/gcc/arm-none-eabi/4.9.3/armv6-m/crtbegin.o
 .eh_frame      0x00003a48        0x0 c:/program files (x86)/cypress/psoc creator/4.0/psoc creator/import/gnu/arm/4.9.3/bin/../lib/gcc/arm-none-eabi/4.9.3/../../../../arm-none-eabi/lib/armv6-m\libg_nano.a(lib_a-strcmp.o)
                                 0x28 (size before relaxing)
 .eh_frame      0x00003a48        0x4 c:/program files (x86)/cypress/psoc creator/4.0/psoc creator/import/gnu/arm/4.9.3/bin/../lib/gcc/arm-none-eabi/4.9.3/armv6-m/crtend.o
                0x00003a4c                PROVIDE (__exidx_start, .)

.ARM.exidx
 *(.ARM.exidx* .gnu.linkonce.armexidx.*)
                0x00003a4c                __exidx_end = .

.rodata         0x00003a4c      0x264
 *(.rodata .rodata.* .gnu.linkonce.r.*)
 .rodata        0x00003a4c       0x14 .\CortexM0\ARM_GCC_493\Debug\cypress_slave_spi.o
 .rodata        0x00003a60       0x2c .\CortexM0\ARM_GCC_493\Debug\sensors.o
 .rodata        0x00003a8c       0x60 .\CortexM0\ARM_GCC_493\Debug\SCB_SpiCommSlave01.a(cyfitter_cfg.o)
 .rodata        0x00003aec       0x48 .\CortexM0\ARM_GCC_493\Debug\SCB_SpiCommSlave01.a(CyLib.o)
                0x00003aec                cyImoFreqMhz2Reg
                0x00003b1c                cyImoFreqMhz2DpllOffset
 .rodata        0x00003b34       0x30 .\CortexM0\ARM_GCC_493\Debug\SCB_SpiCommSlave01.a(RTD.o)
 .rodata        0x00003b64       0x10 .\CortexM0\ARM_GCC_493\Debug\SCB_SpiCommSlave01.a(ADC_SAR_SEQ.o)
 .rodata        0x00003b74       0x80 c:/program files (x86)/cypress/psoc creator/4.0/psoc creator/import/gnu/arm/4.9.3/bin/../lib/gcc/arm-none-eabi/4.9.3/armv6-m\libgcc.a(divsf3.o)
 .rodata        0x00003bf4       0x40 c:/program files (x86)/cypress/psoc creator/4.0/psoc creator/import/gnu/arm/4.9.3/bin/../lib/gcc/arm-none-eabi/4.9.3/armv6-m\libgcc.a(mulsf3.o)
 .rodata        0x00003c34       0x40 c:/program files (x86)/cypress/psoc creator/4.0/psoc creator/import/gnu/arm/4.9.3/bin/../lib/gcc/arm-none-eabi/4.9.3/armv6-m\libgcc.a(muldf3.o)
 .rodata.str1.1
                0x00003c74        0x2 c:/program files (x86)/cypress/psoc creator/4.0/psoc creator/import/gnu/arm/4.9.3/bin/../lib/gcc/arm-none-eabi/4.9.3/../../../../arm-none-eabi/lib/armv6-m\libg_nano.a(lib_a-impure.o)
                0x00003c78                . = ALIGN (0x4)
 *fill*         0x00003c76        0x2 
 *(.init)
 .init          0x00003c78        0x4 c:/program files (x86)/cypress/psoc creator/4.0/psoc creator/import/gnu/arm/4.9.3/bin/../lib/gcc/arm-none-eabi/4.9.3/armv6-m/crti.o
                0x00003c78                _init
 .init          0x00003c7c        0x8 c:/program files (x86)/cypress/psoc creator/4.0/psoc creator/import/gnu/arm/4.9.3/bin/../lib/gcc/arm-none-eabi/4.9.3/armv6-m/crtn.o
                0x00003c84                . = ALIGN (0x4)
                0x00003c84                __preinit_array_start = .
 *(.preinit_array)
                0x00003c84                __preinit_array_end = .
                0x00003c84                . = ALIGN (0x4)
                0x00003c84                __init_array_start = .
 *(SORT(.init_array.*))
 *(.init_array)
 .init_array    0x00003c84        0x4 c:/program files (x86)/cypress/psoc creator/4.0/psoc creator/import/gnu/arm/4.9.3/bin/../lib/gcc/arm-none-eabi/4.9.3/armv6-m/crtbegin.o
 .init_array    0x00003c88        0x4 .\CortexM0\ARM_GCC_493\Debug\Cm0Start.o
                0x00003c8c                __init_array_end = .
                0x00003c8c                . = ALIGN (0x4)
 *(.fini)
 .fini          0x00003c8c        0x4 c:/program files (x86)/cypress/psoc creator/4.0/psoc creator/import/gnu/arm/4.9.3/bin/../lib/gcc/arm-none-eabi/4.9.3/armv6-m/crti.o
                0x00003c8c                _fini
 .fini          0x00003c90        0x8 c:/program files (x86)/cypress/psoc creator/4.0/psoc creator/import/gnu/arm/4.9.3/bin/../lib/gcc/arm-none-eabi/4.9.3/armv6-m/crtn.o
                0x00003c98                . = ALIGN (0x4)
                0x00003c98                __fini_array_start = .
 *(.fini_array)
 .fini_array    0x00003c98        0x4 c:/program files (x86)/cypress/psoc creator/4.0/psoc creator/import/gnu/arm/4.9.3/bin/../lib/gcc/arm-none-eabi/4.9.3/armv6-m/crtbegin.o
 *(SORT(.fini_array.*))
                0x00003c9c                __fini_array_end = .
                0x00003c9c                . = ALIGN (0x4)
 *crtbegin.o(.ctors)
 *(EXCLUDE_FILE(*crtend.o) .ctors)
 *(SORT(.ctors.*))
 *crtend.o(.ctors)
                0x00003c9c                . = ALIGN (0x4)
 *crtbegin.o(.dtors)
 *(EXCLUDE_FILE(*crtend.o) .dtors)
 *(SORT(.dtors.*))
 *crtend.o(.dtors)
                0x00003c9c                . = ALIGN (0x4)
                0x00003c9c                __cy_regions = .
                0x00003c9c        0x4 LONG 0x3cb0 __cy_region_init_ram
                0x00003ca0        0x4 LONG 0x200000c8 __cy_region_start_data
                0x00003ca4        0x4 LONG 0xd8 __cy_region_init_size_ram
                0x00003ca8        0x4 LONG 0x158 __cy_region_zero_size_ram
                0x00003cac                __cy_regions_end = .
                0x00003cb0                . = ALIGN (0x8)
 *fill*         0x00003cac        0x4 
                0x00003cb0                _etext = .

.cy_checksum_exclude
                0x00003cb0        0x0
 *(.cy_checksum_exclude)

.ramvectors     0x20000000       0xc0
                0x20000000                __cy_region_start_ram = .
 *(.ramvectors)
 .ramvectors    0x20000000       0xc0 .\CortexM0\ARM_GCC_493\Debug\Cm0Start.o
                0x20000000                CyRamVectors

.noinit         0x200000c0        0x4
 *(.noinit)
 .noinit        0x200000c0        0x4 .\CortexM0\ARM_GCC_493\Debug\Cm0Start.o

.data           0x200000c8       0xd8 load address 0x00003cb0
                0x200000c8                __cy_region_start_data = .
 *(.jcr)
 .jcr           0x200000c8        0x0 c:/program files (x86)/cypress/psoc creator/4.0/psoc creator/import/gnu/arm/4.9.3/bin/../lib/gcc/arm-none-eabi/4.9.3/armv6-m/crtbegin.o
 .jcr           0x200000c8        0x4 c:/program files (x86)/cypress/psoc creator/4.0/psoc creator/import/gnu/arm/4.9.3/bin/../lib/gcc/arm-none-eabi/4.9.3/armv6-m/crtend.o
 *(.got.plt)
 *(.got)
 *(.shdata)
 *(.data .data.* .gnu.linkonce.d.*)
 .data          0x200000cc        0x4 .\CortexM0\ARM_GCC_493\Debug\cypress_slave_spi.o
                0x200000cc                dummyBuffer
 .data          0x200000d0       0x54 .\CortexM0\ARM_GCC_493\Debug\cypress_arduino.o
                0x200000d0                acb
 .data          0x20000124       0x14 .\CortexM0\ARM_GCC_493\Debug\SCB_SpiCommSlave01.a(CyLib.o)
                0x20000124                cydelayFreqHz
                0x20000128                cydelayFreqKhz
                0x2000012c                cydelayFreqMhz
                0x20000130                cydelay32kMs
                0x20000134                CySysClkPumpConfig
 .data          0x20000138        0x1 .\CortexM0\ARM_GCC_493\Debug\SCB_SpiCommSlave01.a(Current_Mux.o)
 *fill*         0x20000139        0x3 
 .data.impure_data
                0x2000013c       0x60 c:/program files (x86)/cypress/psoc creator/4.0/psoc creator/import/gnu/arm/4.9.3/bin/../lib/gcc/arm-none-eabi/4.9.3/../../../../arm-none-eabi/lib/armv6-m\libg_nano.a(lib_a-impure.o)
 .data._impure_ptr
                0x2000019c        0x4 c:/program files (x86)/cypress/psoc creator/4.0/psoc creator/import/gnu/arm/4.9.3/bin/../lib/gcc/arm-none-eabi/4.9.3/../../../../arm-none-eabi/lib/armv6-m\libg_nano.a(lib_a-impure.o)
                0x2000019c                _impure_ptr
                0x200001a0                . = ALIGN (0x8)
 *(.ram)
                0x200001a0                _edata = .

.igot.plt       0x200001a0        0x0 load address 0x00003d88
 .igot.plt      0x00000000        0x0 c:/program files (x86)/cypress/psoc creator/4.0/psoc creator/import/gnu/arm/4.9.3/bin/../lib/gcc/arm-none-eabi/4.9.3/armv6-m/crtbegin.o

.bss            0x200001a0      0x158 load address 0x00003d88
                0x200001a0                PROVIDE (__bss_start__, .)
 *(.shbss)
 *(.bss .bss.* .gnu.linkonce.b.*)
 .bss           0x200001a0       0x1c c:/program files (x86)/cypress/psoc creator/4.0/psoc creator/import/gnu/arm/4.9.3/bin/../lib/gcc/arm-none-eabi/4.9.3/armv6-m/crtbegin.o
 .bss           0x200001bc       0xc4 .\CortexM0\ARM_GCC_493\Debug\cypress_slave_spi.o
                0x20000214                spi_nops
                0x2000027d                count1
                0x2000027e                count2
 .bss           0x20000280       0x18 .\CortexM0\ARM_GCC_493\Debug\sensors.o
                0x20000280                rtdCalVoltage
                0x20000284                rtdRes
                0x20000288                rtdVoltage
                0x2000028c                rtdTemp
                0x20000290                zeroCurrentOffset
                0x20000294                dataReady
 .bss           0x20000298        0x8 .\CortexM0\ARM_GCC_493\Debug\SCB_SpiCommSlave01.a(SPIS.o)
                0x20000298                SPIS_initVar
                0x2000029a                SPIS_IntrTxMask
                0x2000029c                SPIS_customIntrHandler
 .bss           0x200002a0       0x1c .\CortexM0\ARM_GCC_493\Debug\SCB_SpiCommSlave01.a(CyLib.o)
                0x200002b4                CySysTickInitVar
                0x200002b8                CySysClkImoTrim4
 .bss           0x200002bc        0x1 .\CortexM0\ARM_GCC_493\Debug\SCB_SpiCommSlave01.a(ADC_SAR_SEQ.o)
                0x200002bc                ADC_SAR_SEQ_initVar
 *fill*         0x200002bd        0x3 
 .bss           0x200002c0        0x4 .\CortexM0\ARM_GCC_493\Debug\SCB_SpiCommSlave01.a(IDAC.o)
                0x200002c0                IDAC_initVar
 *(COMMON)
 COMMON         0x200002c4       0x10 .\CortexM0\ARM_GCC_493\Debug\cypress_slave_spi.o
                0x200002c4                no_writes
                0x200002c8                no_reads
                0x200002cc                no_commands
                0x200002d0                cmd
 COMMON         0x200002d4        0xe .\CortexM0\ARM_GCC_493\Debug\sensors.o
                0x200002d4                ref_voltage
                0x200002d8                RTD_state
                0x200002dc                result
 *fill*         0x200002e2        0x2 
 COMMON         0x200002e4       0x14 .\CortexM0\ARM_GCC_493\Debug\SCB_SpiCommSlave01.a(ADC_SAR_SEQ.o)
                0x200002e4                ADC_SAR_SEQ_offset
                0x200002ec                ADC_SAR_SEQ_countsPer10Volt
                0x200002f8                . = ALIGN (0x8)
 *(.ram.b)
                0x200002f8                _end = .
                0x200002f8                __end = .
                0x200002f8                PROVIDE (end, .)
                0x200002f8                PROVIDE (__bss_end__, .)
                0x00003cb0                __cy_region_init_ram = LOADADDR (.data)
                0x000000d8                __cy_region_init_size_ram = (_edata - ADDR (.data))
                0x00000158                __cy_region_zero_size_ram = (_end - _edata)

.heap           0x200002f8      0x100 load address 0x00003d88
                0x200002f8                . = _end
                0x200003f8                . = (. + 0x100)
 *fill*         0x200002f8      0x100 
                0x200003f8                __cy_heap_limit = .

.stack          0x20007c00      0x400
                0x20007c00                __cy_stack_limit = .
                0x20008000                . = (. + 0x400)
 *fill*         0x20007c00      0x400 
                0x00000001                ASSERT ((__cy_stack_limit >= __cy_heap_limit), region RAM overflowed with stack)
                0x00000000                cy_checksum_exclude_size = (CY_APPL_LOADABLE == 0x1)?SIZEOF (.cy_checksum_exclude):0x0
                0x00000001                ASSERT ((cy_checksum_exclude_size <= CY_CHECKSUM_EXCLUDE_SIZE), CY_BOOT: Section .cy_checksum_exclude size exceedes specified limit.)
                0x0003ffc0                cyloadermeta_start = (cy_project_type_bootloader || cy_project_type_app_for_stack_and_copier)?(0x40000 - CY_METADATA_SIZE):0xf0000000

.cyloadermeta
 *(.cyloadermeta)
                0x0003ffc0                cyloadablemeta_start = cy_project_type_app_for_stack_and_copier?((0x40000 - CY_FLASH_ROW_SIZE) - CY_METADATA_SIZE):((0x40000 - (CY_FLASH_ROW_SIZE * (CY_APPL_NUM - 0x1))) - CY_METADATA_SIZE)

.cyloadablemeta
 *(.cyloadablemeta)

.cyflashprotect
                0x90400000       0x80
 *(.cyflashprotect)
 .cyflashprotect
                0x90400000       0x80 .\CortexM0\ARM_GCC_493\Debug\cymetadata.o
                0x90400000                cy_meta_flashprotect

.cymeta         0x90500000        0xc
 *(.cymeta)
 .cymeta        0x90500000        0xc .\CortexM0\ARM_GCC_493\Debug\cymetadata.o
                0x90500000                cy_metadata

.cychipprotect  0x90600000        0x4
 *(.cychipprotect)
 .cychipprotect
                0x90600000        0x4 .\CortexM0\ARM_GCC_493\Debug\cymetadata.o
                0x90600000                cy_meta_chipprotect

.rel.dyn        0x00003d88        0x0 load address 0x90600004
 .rel.iplt      0x00000000        0x0 c:/program files (x86)/cypress/psoc creator/4.0/psoc creator/import/gnu/arm/4.9.3/bin/../lib/gcc/arm-none-eabi/4.9.3/armv6-m/crtbegin.o

.stab
 *(.stab)

.stabstr
 *(.stabstr)

.debug
 *(.debug)

.line
 *(.line)

.debug_srcinfo
 *(.debug_srcinfo)

.debug_sfnames
 *(.debug_sfnames)

.debug_aranges  0x00000000      0xa28
 *(.debug_aranges)
 .debug_aranges
                0x00000000       0x20 .\CortexM0\ARM_GCC_493\Debug\main.o
 .debug_aranges
                0x00000020       0x90 .\CortexM0\ARM_GCC_493\Debug\cypress_slave_spi.o
 .debug_aranges
                0x000000b0       0x28 .\CortexM0\ARM_GCC_493\Debug\cypress_arduino.o
 .debug_aranges
                0x000000d8       0x38 .\CortexM0\ARM_GCC_493\Debug\sensors.o
 .debug_aranges
                0x00000110       0x28 .\CortexM0\ARM_GCC_493\Debug\controls.o
 .debug_aranges
                0x00000138       0x18 .\CortexM0\ARM_GCC_493\Debug\cymetadata.o
 .debug_aranges
                0x00000150       0x48 .\CortexM0\ARM_GCC_493\Debug\Cm0Start.o
 .debug_aranges
                0x00000198       0x68 .\CortexM0\ARM_GCC_493\Debug\SCB_SpiCommSlave01.a(cyfitter_cfg.o)
 .debug_aranges
                0x00000200       0x48 .\CortexM0\ARM_GCC_493\Debug\SCB_SpiCommSlave01.a(LED_GREEN.o)
 .debug_aranges
                0x00000248       0x48 .\CortexM0\ARM_GCC_493\Debug\SCB_SpiCommSlave01.a(LED_RED.o)
 .debug_aranges
                0x00000290       0x48 .\CortexM0\ARM_GCC_493\Debug\SCB_SpiCommSlave01.a(LED_BLUE.o)
 .debug_aranges
                0x000002d8       0x68 .\CortexM0\ARM_GCC_493\Debug\SCB_SpiCommSlave01.a(SPIS.o)
 .debug_aranges
                0x00000340       0x60 .\CortexM0\ARM_GCC_493\Debug\SCB_SpiCommSlave01.a(SPIS_SPI_UART.o)
 .debug_aranges
                0x000003a0       0x38 .\CortexM0\ARM_GCC_493\Debug\SCB_SpiCommSlave01.a(SPIS_SPI.o)
 .debug_aranges
                0x000003d8       0x20 .\CortexM0\ARM_GCC_493\Debug\SCB_SpiCommSlave01.a(SPIS_SPI_UART_INT.o)
 .debug_aranges
                0x000003f8      0x260 .\CortexM0\ARM_GCC_493\Debug\SCB_SpiCommSlave01.a(CyLib.o)
 .debug_aranges
                0x00000658      0x190 .\CortexM0\ARM_GCC_493\Debug\SCB_SpiCommSlave01.a(CyLFClk.o)
 .debug_aranges
                0x000007e8       0x28 .\CortexM0\ARM_GCC_493\Debug\SCB_SpiCommSlave01.a(RTD.o)
 .debug_aranges
                0x00000810       0xa8 .\CortexM0\ARM_GCC_493\Debug\SCB_SpiCommSlave01.a(ADC_SAR_SEQ.o)
 .debug_aranges
                0x000008b8       0x20 .\CortexM0\ARM_GCC_493\Debug\SCB_SpiCommSlave01.a(ADC_SAR_SEQ_INT.o)
 .debug_aranges
                0x000008d8       0x80 .\CortexM0\ARM_GCC_493\Debug\SCB_SpiCommSlave01.a(ADC_SAR_SEQ_IRQ.o)
 .debug_aranges
                0x00000958       0x40 .\CortexM0\ARM_GCC_493\Debug\SCB_SpiCommSlave01.a(IDAC.o)
 .debug_aranges
                0x00000998       0x30 .\CortexM0\ARM_GCC_493\Debug\SCB_SpiCommSlave01.a(Current_Mux.o)
 .debug_aranges
                0x000009c8       0x20 .\CortexM0\ARM_GCC_493\Debug\SCB_SpiCommSlave01.a(CyBootAsmGnu.o)
 .debug_aranges
                0x000009e8       0x40 .\CortexM0\ARM_GCC_493\Debug\SCB_SpiCommSlave01.a(CyFlash.o)

.debug_pubnames
 *(.debug_pubnames)

.debug_info     0x00000000     0x4e41
 *(.debug_info .gnu.linkonce.wi.*)
 .debug_info    0x00000000       0x96 .\CortexM0\ARM_GCC_493\Debug\main.o
 .debug_info    0x00000096      0x818 .\CortexM0\ARM_GCC_493\Debug\cypress_slave_spi.o
 .debug_info    0x000008ae      0x482 .\CortexM0\ARM_GCC_493\Debug\cypress_arduino.o
 .debug_info    0x00000d30      0x263 .\CortexM0\ARM_GCC_493\Debug\sensors.o
 .debug_info    0x00000f93       0xaa .\CortexM0\ARM_GCC_493\Debug\controls.o
 .debug_info    0x0000103d       0xfe .\CortexM0\ARM_GCC_493\Debug\cymetadata.o
 .debug_info    0x0000113b      0x300 .\CortexM0\ARM_GCC_493\Debug\Cm0Start.o
 .debug_info    0x0000143b      0x3d7 .\CortexM0\ARM_GCC_493\Debug\SCB_SpiCommSlave01.a(cyfitter_cfg.o)
 .debug_info    0x00001812      0x19a .\CortexM0\ARM_GCC_493\Debug\SCB_SpiCommSlave01.a(LED_GREEN.o)
 .debug_info    0x000019ac      0x19a .\CortexM0\ARM_GCC_493\Debug\SCB_SpiCommSlave01.a(LED_RED.o)
 .debug_info    0x00001b46      0x19a .\CortexM0\ARM_GCC_493\Debug\SCB_SpiCommSlave01.a(LED_BLUE.o)
 .debug_info    0x00001ce0      0x201 .\CortexM0\ARM_GCC_493\Debug\SCB_SpiCommSlave01.a(SPIS.o)
 .debug_info    0x00001ee1      0x211 .\CortexM0\ARM_GCC_493\Debug\SCB_SpiCommSlave01.a(SPIS_SPI_UART.o)
 .debug_info    0x000020f2      0x140 .\CortexM0\ARM_GCC_493\Debug\SCB_SpiCommSlave01.a(SPIS_SPI.o)
 .debug_info    0x00002232       0xb7 .\CortexM0\ARM_GCC_493\Debug\SCB_SpiCommSlave01.a(SPIS_SPI_UART_INT.o)
 .debug_info    0x000022e9     0x11ce .\CortexM0\ARM_GCC_493\Debug\SCB_SpiCommSlave01.a(CyLib.o)
 .debug_info    0x000034b7      0xa91 .\CortexM0\ARM_GCC_493\Debug\SCB_SpiCommSlave01.a(CyLFClk.o)
 .debug_info    0x00003f48      0x182 .\CortexM0\ARM_GCC_493\Debug\SCB_SpiCommSlave01.a(RTD.o)
 .debug_info    0x000040ca      0x4a1 .\CortexM0\ARM_GCC_493\Debug\SCB_SpiCommSlave01.a(ADC_SAR_SEQ.o)
 .debug_info    0x0000456b       0xc5 .\CortexM0\ARM_GCC_493\Debug\SCB_SpiCommSlave01.a(ADC_SAR_SEQ_INT.o)
 .debug_info    0x00004630      0x246 .\CortexM0\ARM_GCC_493\Debug\SCB_SpiCommSlave01.a(ADC_SAR_SEQ_IRQ.o)
 .debug_info    0x00004876      0x19e .\CortexM0\ARM_GCC_493\Debug\SCB_SpiCommSlave01.a(IDAC.o)
 .debug_info    0x00004a14      0x10a .\CortexM0\ARM_GCC_493\Debug\SCB_SpiCommSlave01.a(Current_Mux.o)
 .debug_info    0x00004b1e       0xc7 .\CortexM0\ARM_GCC_493\Debug\SCB_SpiCommSlave01.a(CyBootAsmGnu.o)
 .debug_info    0x00004be5      0x25c .\CortexM0\ARM_GCC_493\Debug\SCB_SpiCommSlave01.a(CyFlash.o)

.debug_abbrev   0x00000000     0x1801
 *(.debug_abbrev)
 .debug_abbrev  0x00000000       0x44 .\CortexM0\ARM_GCC_493\Debug\main.o
 .debug_abbrev  0x00000044      0x239 .\CortexM0\ARM_GCC_493\Debug\cypress_slave_spi.o
 .debug_abbrev  0x0000027d       0xfb .\CortexM0\ARM_GCC_493\Debug\cypress_arduino.o
 .debug_abbrev  0x00000378       0xdd .\CortexM0\ARM_GCC_493\Debug\sensors.o
 .debug_abbrev  0x00000455       0x5a .\CortexM0\ARM_GCC_493\Debug\controls.o
 .debug_abbrev  0x000004af       0x5d .\CortexM0\ARM_GCC_493\Debug\cymetadata.o
 .debug_abbrev  0x0000050c      0x1a5 .\CortexM0\ARM_GCC_493\Debug\Cm0Start.o
 .debug_abbrev  0x000006b1      0x19d .\CortexM0\ARM_GCC_493\Debug\SCB_SpiCommSlave01.a(cyfitter_cfg.o)
 .debug_abbrev  0x0000084e       0xaa .\CortexM0\ARM_GCC_493\Debug\SCB_SpiCommSlave01.a(LED_GREEN.o)
 .debug_abbrev  0x000008f8       0xaa .\CortexM0\ARM_GCC_493\Debug\SCB_SpiCommSlave01.a(LED_RED.o)
 .debug_abbrev  0x000009a2       0xaa .\CortexM0\ARM_GCC_493\Debug\SCB_SpiCommSlave01.a(LED_BLUE.o)
 .debug_abbrev  0x00000a4c       0xc5 .\CortexM0\ARM_GCC_493\Debug\SCB_SpiCommSlave01.a(SPIS.o)
 .debug_abbrev  0x00000b11      0x140 .\CortexM0\ARM_GCC_493\Debug\SCB_SpiCommSlave01.a(SPIS_SPI_UART.o)
 .debug_abbrev  0x00000c51       0xcf .\CortexM0\ARM_GCC_493\Debug\SCB_SpiCommSlave01.a(SPIS_SPI.o)
 .debug_abbrev  0x00000d20       0x70 .\CortexM0\ARM_GCC_493\Debug\SCB_SpiCommSlave01.a(SPIS_SPI_UART_INT.o)
 .debug_abbrev  0x00000d90      0x23c .\CortexM0\ARM_GCC_493\Debug\SCB_SpiCommSlave01.a(CyLib.o)
 .debug_abbrev  0x00000fcc      0x228 .\CortexM0\ARM_GCC_493\Debug\SCB_SpiCommSlave01.a(CyLFClk.o)
 .debug_abbrev  0x000011f4       0x99 .\CortexM0\ARM_GCC_493\Debug\SCB_SpiCommSlave01.a(RTD.o)
 .debug_abbrev  0x0000128d      0x163 .\CortexM0\ARM_GCC_493\Debug\SCB_SpiCommSlave01.a(ADC_SAR_SEQ.o)
 .debug_abbrev  0x000013f0       0x65 .\CortexM0\ARM_GCC_493\Debug\SCB_SpiCommSlave01.a(ADC_SAR_SEQ_INT.o)
 .debug_abbrev  0x00001455      0x16a .\CortexM0\ARM_GCC_493\Debug\SCB_SpiCommSlave01.a(ADC_SAR_SEQ_IRQ.o)
 .debug_abbrev  0x000015bf       0x9f .\CortexM0\ARM_GCC_493\Debug\SCB_SpiCommSlave01.a(IDAC.o)
 .debug_abbrev  0x0000165e       0x6f .\CortexM0\ARM_GCC_493\Debug\SCB_SpiCommSlave01.a(Current_Mux.o)
 .debug_abbrev  0x000016cd       0x14 .\CortexM0\ARM_GCC_493\Debug\SCB_SpiCommSlave01.a(CyBootAsmGnu.o)
 .debug_abbrev  0x000016e1      0x120 .\CortexM0\ARM_GCC_493\Debug\SCB_SpiCommSlave01.a(CyFlash.o)

.debug_line     0x00000000     0x28d7
 *(.debug_line)
 .debug_line    0x00000000       0x4f .\CortexM0\ARM_GCC_493\Debug\main.o
 .debug_line    0x0000004f      0x330 .\CortexM0\ARM_GCC_493\Debug\cypress_slave_spi.o
 .debug_line    0x0000037f      0x15c .\CortexM0\ARM_GCC_493\Debug\cypress_arduino.o
 .debug_line    0x000004db      0x1f6 .\CortexM0\ARM_GCC_493\Debug\sensors.o
 .debug_line    0x000006d1       0x4e .\CortexM0\ARM_GCC_493\Debug\controls.o
 .debug_line    0x0000071f       0x51 .\CortexM0\ARM_GCC_493\Debug\cymetadata.o
 .debug_line    0x00000770      0x1d0 .\CortexM0\ARM_GCC_493\Debug\Cm0Start.o
 .debug_line    0x00000940      0x1fb .\CortexM0\ARM_GCC_493\Debug\SCB_SpiCommSlave01.a(cyfitter_cfg.o)
 .debug_line    0x00000b3b       0xc1 .\CortexM0\ARM_GCC_493\Debug\SCB_SpiCommSlave01.a(LED_GREEN.o)
 .debug_line    0x00000bfc       0xbf .\CortexM0\ARM_GCC_493\Debug\SCB_SpiCommSlave01.a(LED_RED.o)
 .debug_line    0x00000cbb       0xc0 .\CortexM0\ARM_GCC_493\Debug\SCB_SpiCommSlave01.a(LED_BLUE.o)
 .debug_line    0x00000d7b      0x11c .\CortexM0\ARM_GCC_493\Debug\SCB_SpiCommSlave01.a(SPIS.o)
 .debug_line    0x00000e97      0x123 .\CortexM0\ARM_GCC_493\Debug\SCB_SpiCommSlave01.a(SPIS_SPI_UART.o)
 .debug_line    0x00000fba       0xbf .\CortexM0\ARM_GCC_493\Debug\SCB_SpiCommSlave01.a(SPIS_SPI.o)
 .debug_line    0x00001079       0x7d .\CortexM0\ARM_GCC_493\Debug\SCB_SpiCommSlave01.a(SPIS_SPI_UART_INT.o)
 .debug_line    0x000010f6      0x899 .\CortexM0\ARM_GCC_493\Debug\SCB_SpiCommSlave01.a(CyLib.o)
 .debug_line    0x0000198f      0x6d3 .\CortexM0\ARM_GCC_493\Debug\SCB_SpiCommSlave01.a(CyLFClk.o)
 .debug_line    0x00002062       0xa5 .\CortexM0\ARM_GCC_493\Debug\SCB_SpiCommSlave01.a(RTD.o)
 .debug_line    0x00002107      0x2a8 .\CortexM0\ARM_GCC_493\Debug\SCB_SpiCommSlave01.a(ADC_SAR_SEQ.o)
 .debug_line    0x000023af       0x6a .\CortexM0\ARM_GCC_493\Debug\SCB_SpiCommSlave01.a(ADC_SAR_SEQ_INT.o)
 .debug_line    0x00002419      0x15e .\CortexM0\ARM_GCC_493\Debug\SCB_SpiCommSlave01.a(ADC_SAR_SEQ_IRQ.o)
 .debug_line    0x00002577       0xb7 .\CortexM0\ARM_GCC_493\Debug\SCB_SpiCommSlave01.a(IDAC.o)
 .debug_line    0x0000262e       0xa0 .\CortexM0\ARM_GCC_493\Debug\SCB_SpiCommSlave01.a(Current_Mux.o)
 .debug_line    0x000026ce       0x68 .\CortexM0\ARM_GCC_493\Debug\SCB_SpiCommSlave01.a(CyBootAsmGnu.o)
 .debug_line    0x00002736      0x1a1 .\CortexM0\ARM_GCC_493\Debug\SCB_SpiCommSlave01.a(CyFlash.o)

.debug_frame    0x00000000     0x2ab0
 *(.debug_frame)
 .debug_frame   0x00000000       0x2c .\CortexM0\ARM_GCC_493\Debug\main.o
 .debug_frame   0x0000002c      0x1d8 .\CortexM0\ARM_GCC_493\Debug\cypress_slave_spi.o
 .debug_frame   0x00000204       0x4c .\CortexM0\ARM_GCC_493\Debug\cypress_arduino.o
 .debug_frame   0x00000250       0x90 .\CortexM0\ARM_GCC_493\Debug\sensors.o
 .debug_frame   0x000002e0       0x48 .\CortexM0\ARM_GCC_493\Debug\controls.o
 .debug_frame   0x00000328       0xc8 .\CortexM0\ARM_GCC_493\Debug\Cm0Start.o
 .debug_frame   0x000003f0      0x148 .\CortexM0\ARM_GCC_493\Debug\SCB_SpiCommSlave01.a(cyfitter_cfg.o)
 .debug_frame   0x00000538       0xc8 .\CortexM0\ARM_GCC_493\Debug\SCB_SpiCommSlave01.a(LED_GREEN.o)
 .debug_frame   0x00000600       0xc8 .\CortexM0\ARM_GCC_493\Debug\SCB_SpiCommSlave01.a(LED_RED.o)
 .debug_frame   0x000006c8       0xc8 .\CortexM0\ARM_GCC_493\Debug\SCB_SpiCommSlave01.a(LED_BLUE.o)
 .debug_frame   0x00000790      0x134 .\CortexM0\ARM_GCC_493\Debug\SCB_SpiCommSlave01.a(SPIS.o)
 .debug_frame   0x000008c4      0x128 .\CortexM0\ARM_GCC_493\Debug\SCB_SpiCommSlave01.a(SPIS_SPI_UART.o)
 .debug_frame   0x000009ec       0x84 .\CortexM0\ARM_GCC_493\Debug\SCB_SpiCommSlave01.a(SPIS_SPI.o)
 .debug_frame   0x00000a70       0x2c .\CortexM0\ARM_GCC_493\Debug\SCB_SpiCommSlave01.a(SPIS_SPI_UART_INT.o)
 .debug_frame   0x00000a9c      0x91c .\CortexM0\ARM_GCC_493\Debug\SCB_SpiCommSlave01.a(CyLib.o)
 .debug_frame   0x000013b8      0x5dc .\CortexM0\ARM_GCC_493\Debug\SCB_SpiCommSlave01.a(CyLFClk.o)
 .debug_frame   0x00001994       0x60 .\CortexM0\ARM_GCC_493\Debug\SCB_SpiCommSlave01.a(RTD.o)
 .debug_frame   0x000019f4      0x248 .\CortexM0\ARM_GCC_493\Debug\SCB_SpiCommSlave01.a(ADC_SAR_SEQ.o)
 .debug_frame   0x00001c3c       0x30 .\CortexM0\ARM_GCC_493\Debug\SCB_SpiCommSlave01.a(ADC_SAR_SEQ_INT.o)
 .debug_frame   0x00001c6c      0x190 .\CortexM0\ARM_GCC_493\Debug\SCB_SpiCommSlave01.a(ADC_SAR_SEQ_IRQ.o)
 .debug_frame   0x00001dfc       0xbc .\CortexM0\ARM_GCC_493\Debug\SCB_SpiCommSlave01.a(IDAC.o)
 .debug_frame   0x00001eb8       0x70 .\CortexM0\ARM_GCC_493\Debug\SCB_SpiCommSlave01.a(ELF          (            z     4     (  	 
input[type="submit"].btn-block,
input[type="reset"].btn-block,
input[type="button"].btn-block {
    width: 100%;
}
.fade {
    opacity: 0;
    -webkit-transition: opacity 0.15s linear;
    -o-transition: opacity 0.15s linear;
    transition: opacity 0.15s linear;
}
.fade.in {
    opacity: 1;
}
.collapse {
    display: none;
    visibility: hidden;
}
.collapse.in {
    display: block;
    visibility: visible;
}
tr.collapse.in {
    display: table-row;
}
tbody.collapse.in {
    display: table-row-group;
}
.collapsing {
    position: relative;
    height: 0;
    overflow: hidden;
    -webkit-transition-property: height, visibility;
    transition-property: height, visibility;
    -webkit-transition-duration: 0.35s;
    transition-duration: 0.35s;
    -webkit-transition-timing-function: ease;
    transition-timing-function: ease;
}
.caret {
    display: inline-block;
    width: 0;
    height: 0;
    margin-left: 2px;
    vertical-align: middle;
    border-top: 4px solid;
    border-right: 4px solid transparent;
    border-left: 4px solid transparent;
}
.dropdown {
    position: relative;
}
.dropdown-toggle:focus {
    outline: 0;
}
.dropdown-menu {
    position: absolute;
    top: 100%;
    left: 0;
    z-index: 1000;
    display: none;
    float: left;
    min-width: 160px;
    padding: 5px 0;
    margin: 2px 0 0;
    list-style: none;
    font-size: 14px;
    text-align: left;
    background-color: #ffffff;
    border: 1px solid #cccccc;
    border: 1px solid rgba(0, 0, 0, 0.15);
    border-radius: 4px;
    -webkit-box-shadow: 0 6px 12px rgba(0, 0, 0, 0.175);
    box-shadow: 0 6px 12px rgba(0, 0, 0, 0.175);
    background-clip: padding-box;
}
.dropdown-menu.pull-right {
    right: 0;
    left: auto;
}
.dropdown-menu .divider {
    height: 1px;
    margin: 9px 0;
    overflow: hidden;
    background-color: #e5e5e5;
}
.dropdown-menu > li > a {
    display: block;
    padding: 3px 20px;
    clear: both;
    font-weight: normal;
    line-height: 1.42857143;
    color: #333333;
    white-space: nowrap;
}
.dropdown-menu > li > a:hover,
.dropdown-menu > li > a:focus {
    text-decoration: none;
    color: #262626;
    background-color: #f5f5f5;
}
.dropdown-menu > .active > a,
.dropdown-menu > .active > a:hover,
.dropdown-menu > .active > a:focus {
    color: #ffffff;
    text-decoration: none;
    outline: 0;
    background-color: #428bca;
}
.dropdown-menu > .disabled > a,
.dropdown-menu > .disabled > a:hover,
.dropdown-menu > .disabled > a:focus {
    color: #777777;
}
.dropdown-menu > .disabled > a:hover,
.dropdown-menu > .disabled > a:focus {
    text-decoration: none;
    background-color: transparent;
    background-image: none;
    filter: progid:DXImageTransform.Microsoft.gradient(enabled = false);
    cursor: not-allowed;
}
.open > .dropdown-menu {
    display: block;
}
.open > a {
    outline: 0;
}
.dropdown-menu-right {
    left: auto;
    right: 0;
}
.dropdown-menu-left {
    left: 0;
    right: auto;
}
.dropdown-header {
    display: block;
    padding: 3px 20px;
    font-size: 12px;
    line-height: 1.42857143;
    color: #777777;
    white-space: nowrap;
}
.dropdown-backdrop {
    position: fixed;
    left: 0;
    right: 0;
    bottom: 0;
    top: 0;
    z-index: 990;
}
.pull-right > .dropdown-menu {
    right: 0;
    left: auto;
}
.dropup .caret,
.navbar-fixed-bottom .dropdown .caret {
    border-top: 0;
    border-bottom: 4px solid;
    content: "";
}
.dropup .dropdown-menu,
.navbar-fixed-bottom .dropdown .dropdown-menu {
    top: auto;
    bottom: 100%;
    margin-bottom: 1px;
}
@media (min-width: 768px) {
    .navbar-right .dropdown-menu {
        left: auto;
        right: 0;
    }
    .navbar-right .dropdown-menu-left {
        left: 0;
        right: auto;
    }
}
.nav {
    margin-bottom: 0;
    padding-left: 0;
    list-style: none;
}
.nav > li {
    position: relative;
    display: block;
}
.nav > li > a {
    position: relative;
    display: block;
    padding: 10px 15px;
}
.nav > li > a:hover,
.nav > li > a:focus {
    text-decoration: none;
    background-color: #eeeeee;
}
.nav > li.disabled > a {
    color: #777777;
}
.nav > li.disabled > a:hover,
.nav > li.disabled > a:focus {
    color: #777777;
    text-decoration: none;
    background-color: transparent;
    cursor: not-allowed;
}
.nav .open > a,
.nav .open > a:hover,
.nav .open > a:focus {
    background-color: #eeeeee;
    border-color: #428bca;
}
.nav .nav-divider {
    height: 1px;
    margin: 9px 0;
    overflow: hidden;
    background-color: #e5e5e5;
}
.nav > li > a > img {
    max-width: none;
}
.nav-tabs {
    border-bottom: 1px solid #dddddd;
}
.nav-tabs > li {
    float: left;
    margin-bottom: -1px;
}
.nav-tabs > li > a {
    margin-right: 2px;
    line-height: 1.42857143;
    border: 1px solid transparent;
    border-radius: 4px 4px 0 0;
}
.nav-tabs > li > a:hover {
    border-color: #eeeeee #eeeeee #dddddd;
}
.nav-tabs > li.active > a,
.nav-tabs > li.active > a:hover,
.nav-tabs > li.active > a:focus {
    color: #555555;
    background-color: #ffffff;
    border: 1px solid #dddddd;
    border-bottom-color: transparent;
    cursor: default;
}
.nav-tabs.nav-justified {
    width: 100%;
    border-bottom: 0;
}
.nav-tabs.nav-justified > li {
    float: none;
}
.nav-tabs.nav-justified > li > a {
    text-align: center;
    margin-bottom: 5px;
}
.nav-tabs.nav-justified > .dropdown .dropdown-menu {
    top: auto;
    left: auto;
}
@media (min-width: 768px) {
    .nav-tabs.nav-justified > li {
        display: table-cell;
        width: 1%;
    }
    .nav-tabs.nav-justified > li > a {
        margin-bottom: 0;
    }
}
.nav-tabs.nav-justified > li > a {
    margin-right: 0;
    border-radius: 4px;
}
.nav-tabs.nav-justified > .active > a,
.nav-tabs.nav-justified > .active > a:hover,
.nav-tabs.nav-justified > .active > a:focus {
    border: 1px solid #dddddd;
}
@media (min-width: 768px) {
    .nav-tabs.nav-justified > li > a {
        border-bottom: 1px solid #dddddd;
        border-radius: 4px 4px 0 0;
    }
    .nav-tabs.nav-justified > .active > a,
    .nav-tabs.nav-justified > .active > a:hover,
    .nav-tabs.nav-justified > .active > a:focus {
        border-bottom-color: #ffffff;
    }
}
.nav-pills > li {
    float: left;
}
.nav-pills > li > a {
    border-radius: 4px;
}
.nav-pills > li + li {
    margin-left: 2px;
}
.nav-pills > li.active > a,
.nav-pills > li.active > a:hover,
.nav-pills > li.active > a:focus {
    color: #ffffff;
    background-color: #428bca;
}
.nav-stacked > li {
    float: none;
}
.nav-stacked > li + li {
    margin-top: 2px;
    margin-left: 0;
}
.nav-justified {
    width: 100%;
}
.nav-justified > li {
    float: none;
}
.nav-justified > li > a {
    text-align: center;
    margin-bottom: 5px;
}
.nav-justified > .dropdown .dropdown-menu {
    top: auto;
    left: auto;
}
@media (min-width: 768px) {
    .nav-justified > li {
        display: table-cell;
        width: 1%;
    }
    .nav-justified > li > a {
        margin-bottom: 0;
    }
}
.nav-tabs-justified {
    border-bottom: 0;
}
.nav-tabs-justified > li > a {
    margin-right: 0;
    border-radius: 4px;
}
.nav-tabs-justified > .active > a,
.nav-tabs-justified > .active > a:hover,
.nav-tabs-justified > .active > a:focus {
    border: 1px solid #dddddd;
}
@media (min-width: 768px) {
    .nav-tabs-justified > li > a {
        border-bottom: 1px solid #dddddd;
        border-radius: 4px 4px 0 0;
    }
    .nav-tabs-justified > .active > a,
    .nav-tabs-justified > .active > a:hover,
    .nav-tabs-justified > .active > a:focus {
        border-bottom-color: #ffffff;
    }
}
.tab-content > .tab-pane {
    display: none;
    visibility: hidden;
}
.tab-content > .active {
    display: block;
    visibility: visible;
}
.nav-tabs .dropdown-menu {
    margin-top: -1px;
    border-top-right-radius: 0;
    border-top-left-radius: 0;
}
.breadcrumb {
    padding: 8px 15px;
    margin-bottom: 20px;
    list-style: none;
    background-color: #f5f5f5;
    border-radius: 4px;
}
.breadcrumb > li {
    display: inline-block;
}
.breadcrumb > li + li:before {
    content: "/\00a0";
    padding: 0 5px;
    color: #cccccc;
}
.breadcrumb > .active {
    color: #777777;
}
.pagination {
    display: inline-block;
    padding-left: 0;
    margin: 20px 0;
    border-radius: 4px;
}
.pagination > li {
    display: inline;
}
.pagination > li > a,
.pagination > li > span {
    position: relative;
    float: left;
    padding: 6px 12px;
    line-height: 1.42857143;
    text-decoration: none;
    color: #428bca;
    background-color: #ffffff;
    border: 1px solid #dddddd;
    margin-left: -1px;
}
.pagination > li:first-child > a,
.pagination > li:first-child > span {
    margin-left: 0;
    border-bottom-left-radius: 4px;
    border-top-left-radius: 4px;
}
.pagination > li:last-child > a,
.pagination > li:last-child > span {
    border-bottom-right-radius: 4px;
    border-top-right-radius: 4px;
}
.pagination > li > a:hover,
.pagination > li > span:hover,
.pagination > li > a:focus,
.pagination > li > span:focus {
    color: #2a6496;
    background-color: #eeeeee;
    border-color: #dddddd;
}
.pagination > .active > a,
.pagination > .active > span,
.pagination > .active > a:hover,
.pagination > .active > span:hover,
.pagination > .active > a:focus,
.pagination > .active > span:focus {
    z-index: 2;
    color: #ffffff;
    background-color: #428bca;
    border-color: #428bca;
    cursor: default;
}
.pagination > .disabled > span,
.pagination > .disabled > span:hover,
.pagination > .disabled > span:focus,
.pagination > .disabled > a,
.pagination > .disabled > a:hover,
.pagination > .disabled > a:focus {
    color: #777777;
    background-color: #ffffff;
    border-color: #dddddd;
    cursor: not-allowed;
}
.pagination-lg > li > a,
.pagination-lg > li > span {
    padding: 10px 16px;
    font-size: 18px;
}
.pagination-lg > li:first-child > a,
.pagination-lg > li:first-child > span {
    border-bottom-left-radius: 6px;
    border-top-left-radius: 6px;
}
.pagination-lg > li:last-child > a,
.pagination-lg > li:last-child > span {
    border-bottom-right-radius: 6px;
    border-top-right-radius: 6px;
}
.pagination-sm > li > a,
.pagination-sm > li > span {
    padding: 5px 10px;
    font-size: 12px;
}
.pagination-sm > li:first-child > a,
.pagination-sm > li:first-child > span {
    border-bottom-left-radius: 3px;
    border-top-left-radius: 3px;
}
.pagination-sm > li:last-child > a,
.pagination-sm > li:last-child > span {
    border-bottom-right-radius: 3px;
    border-top-right-radius: 3px;
}
.pager {
    padding-left: 0;
    margin: 20px 0;
    list-style: none;
    text-align: center;
}
.pager li {
    display: inline;
}
.pager li > a,
.pager li > span {
    display: inline-block;
    padding: 5px 14px;
    background-color: #ffffff;
    border: 1px solid #dddddd;
    border-radius: 15px;
}
.pager li > a:hover,
.pager li > a:focus {
    text-decoration: none;
    background-color: #eeeeee;
}
.pager .next > a,
.pager .next > span {
    float: right;
}
.pager .previous > a,
.pager .previous > span {
    float: left;
}
.pager .disabled > a,
.pager .disabled > a:hover,
.pager .disabled > a:focus,
.pager .disabled > span {
    color: #777777;
    background-color: #ffffff;
    cursor: not-allowed;
}
.label {
    display: inline;
    padding: .2em .6em .3em;
    font-size: 75%;
    font-weight: bold;
    line-height: 1;
    color: #ffffff;
    text-align: center;
    white-space: nowrap;
    vertical-align: baseline;
    border-radius: .25em;
}
a.label:hover,
a.label:focus {
    color: #ffffff;
    text-decoration: none;
    cursor: pointer;
}
.label:empty {
    display: none;
}
.btn .label {
    position: relative;
    top: -1px;
}
.label-default {
    background-color: #777777;
}
.label-default[href]:hover,
.label-default[href]:focus {
    background-color: #5e5e5e;
}
.label-primary {
    background-color: #428bca;
}
.label-primary[href]:hover,
.label-primary[href]:focus {
    background-color: #3071a9;
}
.label-success {
    background-color: #5cb85c;
}
.label-success[href]:hover,
.label-success[href]:focus {
    background-color: #449d44;
}
.label-info {
    background-color: #5bc0de;
}
.label-info[href]:hover,
.label-info[href]:focus {
    background-color: #31b0d5;
}
.label-warning {
    background-color: #f0ad4e;
}
.label-warning[href]:hover,
.label-warning[href]:focus {
    background-color: #ec971f;
}
.label-danger {
    background-color: #d9534f;
}
.label-danger[href]:hover,
.label-danger[href]:focus {
    background-color: #c9302c;
}
.badge {
    display: inline-block;
    min-width: 10px;
    padding: 3px 7px;
    font-size: 12px;
    font-weight: bold;
    color: #ffffff;
    line-height: 1;
    vertical-align: baseline;
    white-space: nowrap;
    text-align: center;
    background-color: #777777;
    border-radius: 10px;
}
.badge:empty {
    display: none;
}
.btn .badge {
    position: relative;
    top: -1px;
}
.btn-xs .badge {
    top: 0;
    padding: 1px 5px;
}
a.badge:hover,
a.badge:focus {
    color: #ffffff;
    text-decoration: none;
    cursor: pointer;
}
a.list-group-item.active > .badge,
.nav-pills > .active > a > .badge {
    color: #428bca;
    background-color: #ffffff;
}
.nav-pills > li > a > .badge {
    margin-left: 3px;
}
.jumbotron {
    padding: 30px 15px;
    margin-bottom: 30px;
    color: inherit;
    background-color: #eeeeee;
}
.jumbotron h1,
.jumbotron .h1 {
    color: inherit;
}
.jumbotron p {
    margin-bottom: 15px;
    font-size: 21px;
    font-weight: 200;
}
.jumbotron > hr {
    border-top-color: #d5d5d5;
}
.container .jumbotron,
.container-fluid .jumbotron {
    border-radius: 6px;
}
.jumbotron .container {
    max-width: 100%;
}
@media screen and (min-width: 768px) {
    .jumbotron {
        padding: 48px 0;
    }
    .container .jumbotron {
        padding-left: 60px;
        padding-right: 60px;
    }
    .jumbotron h1,
    .jumbotron .h1 {
        font-size: 63px;
    }
}
.thumbnail {
    display: block;
    padding: 4px;
    margin-bottom: 20px;
    line-height: 1.42857143;
    background-color: #ffffff;
    border: 1px solid #dddddd;
    border-radius: 4px;
    -webkit-transition: border 0.2s ease-in-out;
    -o-transition: border 0.2s ease-in-out;
    transition: border 0.2s ease-in-out;
}
.thumbnail > img,
.thumbnail a > img {
    margin-left: auto;
    margin-right: auto;
}
a.thumbnail:hover,
a.thumbnail:focus,
a.thumbnail.active {
    border-color: #428bca;
}
.thumbnail .caption {
    padding: 9px;
    color: #333333;
}
.alert {
    padding: 15px;
    margin-bottom: 20px;
    border: 1px solid transparent;
    border-radius: 4px;
}
.alert h4 {
    margin-top: 0;
    color: inherit;
}
.alert .alert-link {
    font-weight: bold;
}
.alert > p,
.alert > ul {
    margin-bottom: 0;
}
.alert > p + p {
    margin-top: 5px;
}
.alert-dismissable,
.alert-dismissible {
    padding-right: 35px;
}
.alert-dismissable .close,
.alert-dismissible .close {
    position: relative;
    top: -2px;
    right: -21px;
    color: inherit;
}
.alert-success {
    background-color: #dff0d8;
    border-color: #d6e9c6;
    color: #3c763d;
}
.alert-success hr {
    border-top-color: #c9e2b3;
}
.alert-success .alert-link {
    color: #2b542c;
}
.alert-info {
    background-color: #d9edf7;
    border-color: #bce8f1;
    color: #31708f;
}
.alert-info hr {
    border-top-color: #a6e1ec;
}
.alert-info .alert-link {
    color: #245269;
}
.alert-warning {
    background-color: #fcf8e3;
    border-color: #faebcc;
    color: #8a6d3b;
}
.alert-warning hr {
    border-top-color: #f7e1b5;
}
.alert-warning .alert-link {
    color: #66512c;
}
.alert-danger {
    background-color: #f2dede;
    border-color: #ebccd1;
    color: #a94442;
}
.alert-danger hr {
    border-top-color: #e4b9c0;
}
.alert-danger .alert-link {
    color: #843534;
}
@-webkit-keyframes progress-bar-stripes {
    from {
        background-position: 40px 0;
    }
    to {
        background-position: 0 0;
    }
}
@keyframes progress-bar-stripes {
    from {
        background-position: 40px 0;
    }
    to {
        background-position: 0 0;
    }
}
.progress {
    overflow: hidden;
    height: 20px;
    margin-bottom: 20px;
    background-color: #f5f5f5;
    border-radius: 4px;
    -webkit-box-shadow: inset 0 1px 2px rgba(0, 0, 0, 0.1);
    box-shadow: inset 0 1px 2px rgba(0, 0, 0, 0.1);
}
.progress-bar {
    float: left;
    width: 0%;
    height: 100%;
    font-size: 12px;
    line-height: 20px;
    color: #ffffff;
    text-align: center;
    background-color: #428bca;
    -webkit-box-shadow: inset 0 -1px 0 rgba(0, 0, 0, 0.15);
    box-shadow: inset 0 -1px 0 rgba(0, 0, 0, 0.15);
    -webkit-transition: width 0.6s ease;
    -o-transition: width 0.6s ease;
    transition: width 0.6s ease;
}
.progress-striped .progress-bar,
.progress-bar-striped {
    background-image: -webkit-linear-gradient(45deg, rgba(255, 255, 255, 0.15) 25%, transparent 25%, transparent 50%, rgba(255, 255, 255, 0.15) 50%, rgba(255, 255, 255, 0.15) 75%, transparent 75%, transparent);
    background-image: -o-linear-gradient(45deg, rgba(255, 255, 255, 0.15) 25%, transparent 25%, transparent 50%, rgba(255, 255, 255, 0.15) 50%, rgba(255, 255, 255, 0.15) 75%, transparent 75%, transparent);
    background-image: linear-gradient(45deg, rgba(255, 255, 255, 0.15) 25%, transparent 25%, transparent 50%, rgba(255, 255, 255, 0.15) 50%, rgba(255, 255, 255, 0.15) 75%, transparent 75%, transparent);
    background-size: 40px 40px;
}
.progress.active .progress-bar,
.progress-bar.active {
    -webkit-animation: progress-bar-stripes 2s linear infinite;
    -o-animation: progress-bar-stripes 2s linear infinite;
    animation: progress-bar-stripes 2s linear infinite;
}
.progress-bar-success {
    background-color: #5cb85c;
}
.progress-striped .progress-bar-success {
    background-image: -webkit-linear-gradient(45deg, rgba(255, 255, 255, 0.15) 25%, transparent 25%, transparent 50%, rgba(255, 255, 255, 0.15) 50%, rgba(255, 255, 255, 0.15) 75%, transparent 75%, transparent);
    background-image: -o-linear-gradient(45deg, rgba(255, 255, 255, 0.15) 25%, transparent 25%, transparent 50%, rgba(255, 255, 255, 0.15) 50%, rgba(255, 255, 255, 0.15) 75%, transparent 75%, transparent);
    background-image: linear-gradient(45deg, rgba(255, 255, 255, 0.15) 25%, transparent 25%, transparent 50%, rgba(255, 255, 255, 0.15) 50%, rgba(255, 255, 255, 0.15) 75%, transparent 75%, transparent);
}
.progress-bar-info {
    background-color: #5bc0de;
}
.progress-striped .progress-bar-info {
    background-image: -webkit-linear-gradient(45deg, rgba(255, 255, 255, 0.15) 25%, transparent 25%, transparent 50%, rgba(255, 255, 255, 0.15) 50%, rgba(255, 255, 255, 0.15) 75%, transparent 75%, transparent);
    background-image: -o-linear-gradient(45deg, rgba(255, 255, 255, 0.15) 25%, transparent 25%, transparent 50%, rgba(255, 255, 255, 0.15) 50%, rgba(255, 255, 255, 0.15) 75%, transparent 75%, transparent);
    background-image: linear-gradient(45deg, rgba(255, 255, 255, 0.15) 25%, transparent 25%, transparent 50%, rgba(255, 255, 255, 0.15) 50%, rgba(255, 255, 255, 0.15) 75%, transparent 75%, transparent);
}
.progress-bar-warning {
    background-color: #f0ad4e;
}
.progress-striped .progress-bar-warning {
    background-image: -webkit-linear-gradient(45deg, rgba(255, 255, 255, 0.15) 25%, transparent 25%, transparent 50%, rgba(255, 255, 255, 0.15) 50%, rgba(255, 255, 255, 0.15) 75%, transparent 75%, transparent);
    background-image: -o-linear-gradient(45deg, rgba(255, 255, 255, 0.15) 25%, transparent 25%, transparent 50%, rgba(255, 255, 255, 0.15) 50%, rgba(255, 255, 255, 0.15) 75%, transparent 75%, transparent);
    background-image: linear-gradient(45deg, rgba(255, 255, 255, 0.15) 25%, transparent 25%, transparent 50%, rgba(255, 255, 255, 0.15) 50%, rgba(255, 255, 255, 0.15) 75%, transparent 75%, transparent);
}
.progress-bar-danger {
    background-color: #d9534f;
}
.progress-striped .progress-bar-danger {
    background-image: -webkit-linear-gradient(45deg, rgba(255, 255, 255, 0.15) 25%, transparent 25%, transparent 50%, rgba(255, 255, 255, 0.15) 50%, rgba(255, 255, 255, 0.15) 75%, transparent 75%, transparent);
    background-image: -o-linear-gradient(45deg, rgba(255, 255, 255, 0.15) 25%, transparent 25%, transparent 50%, rgba(255, 255, 255, 0.15) 50%, rgba(255, 255, 255, 0.15) 75%, transparent 75%, transparent);
    background-image: linear-gradient(45deg, rgba(255, 255, 255, 0.15) 25%, transparent 25%, transparent 50%, rgba(255, 255, 255, 0.15) 50%, rgba(255, 255, 255, 0.15) 75%, transparent 75%, transparent);
}
.media {
    margin-top: 15px;
}
.media:first-child {
    margin-top: 0;
}
.media-right,
.media > .pull-right {
    padding-left: 10px;
}
.media-left,
.media > .pull-left {
    padding-right: 10px;
}
.media-left,
.media-right,
.media-body {
    display: table-cell;
    vertical-align: top;
}
.media-middle {
    vertical-align: middle;
}
.media-bottom {
    vertical-align: bottom;
}
.media-heading {
    margin-top: 0;
    margin-bottom: 5px;
}
.media-list {
    padding-left: 0;
    list-style: none;
}
.list-group {
    margin-bottom: 20px;
    padding-left: 0;
}
.list-group-item {
    position: relative;
    display: block;
    padding: 10px 15px;
    margin-bottom: -1px;
    background-color: #ffffff;
    border: 1px solid #dddddd;
}
.list-group-item:first-child {
    border-top-right-radius: 4px;
    border-top-left-radius: 4px;
}
.list-group-item:last-child {
    margin-bottom: 0;
    border-bottom-right-radius: 4px;
    border-bottom-left-radius: 4px;
}
.list-group-item > .badge {
    float: right;
}
.list-group-item > .badge + .badge {
    margin-right: 5px;
}
a.list-group-item {
    color: #555555;
}
a.list-group-item .list-group-item-heading {
    color: #333333;
}
a.list-group-item:hover,
a.list-group-item:focus {
    text-decoration: none;
    color: #555555;
    background-color: #f5f5f5;
}
.list-group-item.disabled,
.list-group-item.disabled:hover,
.list-group-item.disabled:focus {
    background-color: #eeeeee;
    color: #777777;
    cursor: not-allowed;
}
.list-group-item.disabled .list-group-item-heading,
.list-group-item.disabled:hover .list-group-item-heading,
.list-group-item.disabled:focus .list-group-item-heading {
    color: inherit;
}
.list-group-item.disabled .list-group-item-text,
.list-group-item.disabled:hover .list-group-item-text,
.list-group-item.disabled:focus .list-group-item-text {
    color: #777777;
}
.list-group-item.active,
.list-group-item.active:hover,
.list-group-item.active:focus {
    z-index: 2;
    color: #ffffff;
    background-color: #428bca;
    border-color: #428bca;
}
.list-group-item.active .list-group-item-heading,
.list-group-item.active:hover .list-group-item-heading,
.list-group-item.active:focus .list-group-item-heading,
.list-group-item.active .list-group-item-heading > small,
.list-group-item.active:hover .list-group-item-heading > small,
.list-group-item.active:focus .list-group-item-heading > small,
.list-group-item.active .list-group-item-heading > .small,
.list-group-item.active:hover .list-group-item-heading > .small,
.list-group-item.active:focus .list-group-item-heading > .small {
    color: inherit;
}
.list-group-item.active .list-group-item-text,
.list-group-item.active:hover .list-group-item-text,
.list-group-item.active:focus .list-group-item-text {
    color: #e1edf7;
}
.list-group-item-success {
    color: #3c763d;
    background-color: #dff0d8;
}
a.list-group-item-success {
    color: #3c763d;
}
a.list-group-item-success .list-group-item-heading {
    color: inherit;
}
a.list-group-item-success:hover,
a.list-group-item-success:focus {
    color: #3c763d;
    background-color: #d0e9c6;
}
a.list-group-item-success.active,
a.list-group-item-success.active:hover,
a.list-group-item-success.active:focus {
    color: #fff;
    background-color: #3c763d;
    border-color: #3c763d;
}
.list-group-item-info {
    color: #31708f;
    background-color: #d9edf7;
}
a.list-group-item-info {
    color: #31708f;
}
a.list-group-item-info .list-group-item-heading {
    color: inherit;
}
a.list-group-item-info:hover,
a.list-group-item-info:focus {
    color: #31708f;
    background-color: #c4e3f3;
}
a.list-group-item-info.active,
a.list-group-item-info.active:hover,
a.list-group-item-info.active:focus {
    color: #fff;
    background-color: #31708f;
    border-color: #31708f;
}
.list-group-item-warning {
    color: #8a6d3b;
    background-color: #fcf8e3;
}
a.list-group-item-warning {
    color: #8a6d3b;
}
a.list-group-item-warning .list-group-item-heading {
    color: inherit;
}
a.list-group-item-warning:hover,
a.list-group-item-warning:focus {
    color: #8a6d3b;
    background-color: #faf2cc;
}
a.list-group-item-warning.active,
a.list-group-item-warning.active:hover,
a.list-group-item-warning.active:focus {
    color: #fff;
    background-color: #8a6d3b;
    border-color: #8a6d3b;
}
.list-group-item-danger {
    color: #a94442;
    background-color: #f2dede;
}
a.list-group-item-danger {
    color: #a94442;
}
a.list-group-item-danger .list-group-item-heading {
    color: inherit;
}
a.list-group-item-danger:hover,
a.list-group-item-danger:focus {
    color: #a94442;
    background-color: #ebcccc;
}
a.list-group-item-danger.active,
a.list-group-item-danger.active:hover,
a.list-group-item-danger.active:focus {
    color: #fff;
    background-color: #a94442;
    border-color: #a94442;
}
.list-group-item-heading {
    margin-top: 0;
    margin-bottom: 5px;
}
.list-group-item-text {
    margin-bottom: 0;
    line-height: 1.3;
}


.panel {
    margin-bottom: 20px;
    background-color: #ffffff;
    border: 1px solid transparent;
    border-radius: 4px;
    -webkit-box-shadow: 0 1px 1px rgba(0, 0, 0, 0.05);
    box-shadow: 0 1px 1px rgba(0, 0, 0, 0.05);
}
.panel-body {
    padding: 15px;
}
.panel-heading {
    padding: 10px 15px;
    border-bottom: 1px solid transparent;
    border-top-right-radius: 3px;
    border-top-left-radius: 3px;
}
.panel-heading > .dropdown .dropdown-toggle {
    color: inherit;
}
.panel-title {
    margin-top: 0;
    margin-bottom: 0;
    font-size: 16px;
    color: inherit;
}
.panel-title > a {
    color: inherit;
}
.panel-footer {
    padding: 10px 15px;
    background-color: #f5f5f5;
    border-top: 1px solid #dddddd;
    border-bottom-right-radius: 3px;
    border-bottom-left-radius: 3px;
}
.panel > .list-group,
.panel > .panel-collapse > .list-group {
    margin-bottom: 0;
}
.panel > .list-group .list-group-item,
.panel > .panel-collapse > .list-group .list-group-item {
    border-width: 1px 0;
    border-radius: 0;
}
.panel > .list-group:first-child .list-group-item:first-child,
.panel > .panel-collapse > .list-group:first-child .list-group-item:first-child {
    border-top: 0;
    border-top-right-radius: 3px;
    border-top-left-radius: 3px;
}
.panel > .list-group:last-child .list-group-item:last-child,
.panel > .panel-collapse > .list-group:last-child .list-group-item:last-child {
    border-bottom: 0;
    border-bottom-right-radius: 3px;
    border-bottom-left-radius: 3px;
}
.panel-heading + .list-group .list-group-item:first-child {
    border-top-width: 0;
}
.list-group + .panel-footer {
    border-top-width: 0;
}
.panel > .table,
.panel > .table-responsive > .table,
.panel > .panel-collapse > .table {
    margin-bottom: 0;
}
.panel > .table caption,
.panel > .table-responsive > .table caption,
.panel > .panel-collapse > .table caption {
    padding-left: 15px;
    padding-right: 15px;
}
.panel > .table:first-child,
.panel > .table-responsive:first-child > .table:first-child {
    border-top-right-radius: 3px;
    border-top-left-radius: 3px;
}
.panel > .table:first-child > thead:first-child > tr:first-child,
.panel > .table-responsive:first-child > .table:first-child > thead:first-child > tr:first-child,
.panel > .table:first-child > tbody:first-child > tr:first-child,
.panel > .table-responsive:first-child > .table:first-child > tbody:first-child > tr:first-child {
    border-top-left-radius: 3px;
    border-top-right-radius: 3px;
}
.panel > .table:first-child > thead:first-child > tr:first-child td:first-child,
.panel > .table-responsive:first-child > .table:first-child > thead:first-child > tr:first-child td:first-child,
.panel > .table:first-child > tbody:first-child > tr:first-child td:first-child,
.panel > .table-responsive:first-child > .table:first-child > tbody:first-child > tr:first-child td:first-child,
.panel > .table:first-child > thead:first-child > tr:first-child th:first-child,
.panel > .table-responsive:first-child > .table:first-child > thead:first-child > tr:first-child th:first-child,
.panel > .table:first-child > tbody:first-child > tr:first-child th:first-child,
.panel > .table-responsive:first-child > .table:first-child > tbody:first-child > tr:first-child th:first-child {
    border-top-left-radius: 3px;
}
.panel > .table:first-child > thead:first-child > tr:first-child td:last-child,
.panel > .table-responsive:first-child > .table:first-child > thead:first-child > tr:first-child td:last-child,
.panel > .table:first-child > tbody:first-child > tr:first-child td:last-child,
.panel > .table-responsive:first-child > .table:first-child > tbody:first-child > tr:first-child td:last-child,
.panel > .table:first-child > thead:first-child > tr:first-child th:last-child,
.panel > .table-responsive:first-child > .table:first-child > thead:first-child > tr:first-child th:last-child,
.panel > .table:first-child > tbody:first-child > tr:first-child th:last-child,
.panel > .table-responsive:first-child > .table:first-child > tbody:first-child > tr:first-child th:last-child {
    border-top-right-radius: 3px;
}
.panel > .table:last-child,
.panel > .table-responsive:last-child > .table:last-child {
    border-bottom-right-radius: 3px;
    border-bottom-left-radius: 3px;
}       áx           GCC: (GNU) 4.9.0 A2   aeabi (   Cortex-M4 M	" .symtab .strtab .shstrtab .text .data .bss .rodata.resources_styles_DIR_bootstrap2_css_data .rel.rodata.resources_styles_DIR_bootstrap2_css .comment .ARM.attributes                                                       4                      !             4                      '             4                      ,             4   äx                 a             y                    ]   	           (}     
                  0       (y                   –     p        :y  3                                my  ¦                                ô{  Ð               	              Ä|  b                                              ñÿ                                                                                                                                     âx    >             bootstrap2_css.c $d resources_styles_DIR_bootstrap2_css_data resources_styles_DIR_bootstra