Archive member included because of file (symbol)

.\CortexM0\ARM_GCC_493\Debug\SCB_SpiCommSlave01.a(cyfitter_cfg.o)
                              .\CortexM0\ARM_GCC_493\Debug\Cm0Start.o (cyfitter_cfg)
.\CortexM0\ARM_GCC_493\Debug\SCB_SpiCommSlave01.a(LED_GREEN.o)
                              .\CortexM0\ARM_GCC_493\Debug\cypress_slave_spi.o (LED_GREEN_Write)
.\CortexM0\ARM_GCC_493\Debug\SCB_SpiCommSlave01.a(LED_RED.o)
                              .\CortexM0\ARM_GCC_493\Debug\cypress_slave_spi.o (LED_RED_Write)
.\CortexM0\ARM_GCC_493\Debug\SCB_SpiCommSlave01.a(LED_BLUE.o)
                              .\CortexM0\ARM_GCC_493\Debug\cypress_slave_spi.o (LED_BLUE_Write)
.\CortexM0\ARM_GCC_493\Debug\SCB_SpiCommSlave01.a(SPIS.o)
                              .\CortexM0\ARM_GCC_493\Debug\cypress_slave_spi.o (SPIS_Start)
.\CortexM0\ARM_GCC_493\Debug\SCB_SpiCommSlave01.a(SPIS_SPI_UART.o)
                              .\CortexM0\ARM_GCC_493\Debug\cypress_slave_spi.o (SPIS_SpiUartReadRxData)
.\CortexM0\ARM_GCC_493\Debug\SCB_SpiCommSlave01.a(SPIS_SPI.o)
                              .\CortexM0\ARM_GCC_493\Debug\SCB_SpiCommSlave01.a(SPIS.o) (SPIS_SpiInit)
.\CortexM0\ARM_GCC_493\Debug\SCB_SpiCommSlave01.a(SPIS_SPI_UART_INT.o)
                              .\CortexM0\ARM_GCC_493\Debug\SCB_SpiCommSlave01.a(SPIS_SPI.o) (SPIS_SPI_UART_ISR)
.\CortexM0\ARM_GCC_493\Debug\SCB_SpiCommSlave01.a(CyLib.o)
                              .\CortexM0\ARM_GCC_493\Debug\SCB_SpiCommSlave01.a(cyfitter_cfg.o) (CySysClkWriteImoFreq)
.\CortexM0\ARM_GCC_493\Debug\SCB_SpiCommSlave01.a(CyLFClk.o)
                              .\CortexM0\ARM_GCC_493\Debug\SCB_SpiCommSlave01.a(CyLib.o) (CySysClkWcoEnabled)
.\CortexM0\ARM_GCC_493\Debug\SCB_SpiCommSlave01.a(RTD.o)
                              .\CortexM0\ARM_GCC_493\Debug\RTD_sensor.o (RTD_GetTemperature)
.\CortexM0\ARM_GCC_493\Debug\SCB_SpiCommSlave01.a(ADC_SAR_SEQ.o)
                              .\CortexM0\ARM_GCC_493\Debug\RTD_sensor.o (ADC_SAR_SEQ_Start)
.\CortexM0\ARM_GCC_493\Debug\SCB_SpiCommSlave01.a(ADC_SAR_SEQ_INT.o)
                              .\CortexM0\ARM_GCC_493\Debug\SCB_SpiCommSlave01.a(ADC_SAR_SEQ.o) (ADC_SAR_SEQ_ISR)
.\CortexM0\ARM_GCC_493\Debug\SCB_SpiCommSlave01.a(ADC_SAR_SEQ_IRQ.o)
                              .\CortexM0\ARM_GCC_493\Debug\RTD_sensor.o (ADC_SAR_SEQ_IRQ_StartEx)
.\CortexM0\ARM_GCC_493\Debug\SCB_SpiCommSlave01.a(IDAC.o)
                              .\CortexM0\ARM_GCC_493\Debug\RTD_sensor.o (IDAC_Start)
.\CortexM0\ARM_GCC_493\Debug\SCB_SpiCommSlave01.a(Opamp_1.o)
                              .\CortexM0\ARM_GCC_493\Debug\RTD_sensor.o (Opamp_1_Start)
.\CortexM0\ARM_GCC_493\Debug\SCB_SpiCommSlave01.a(switch_1.o)
                              .\CortexM0\ARM_GCC_493\Debug\switch_sensor.o (switch_1_Read)
.\CortexM0\ARM_GCC_493\Debug\SCB_SpiCommSlave01.a(CyBootAsmGnu.o)
                              .\CortexM0\ARM_GCC_493\Debug\SCB_SpiCommSlave01.a(CyLib.o) (CyDelayCycles)
.\CortexM0\ARM_GCC_493\Debug\SCB_SpiCommSlave01.a(CyFlash.o)
                              .\CortexM0\ARM_GCC_493\Debug\SCB_SpiCommSlave01.a(CyLib.o) (CySysFlashSetWaitCycles)
c:/program files (x86)/cypress/psoc creator/4.0/psoc creator/import/gnu/arm/4.9.3/bin/../lib/gcc/arm-none-eabi/4.9.3/armv6-m\libgcc.a(_udivsi3.o)
                              .\CortexM0\ARM_GCC_493\Debug\SCB_SpiCommSlave01.a(CyLib.o) (__aeabi_uidiv)
c:/program files (x86)/cypress/psoc creator/4.0/psoc creator/import/gnu/arm/4.9.3/bin/../lib/gcc/arm-none-eabi/4.9.3/armv6-m\libgcc.a(_divsi3.o)
                              .\CortexM0\ARM_GCC_493\Debug\SCB_SpiCommSlave01.a(CyLib.o) (__aeabi_idiv)
c:/program files (x86)/cypress/psoc creator/4.0/psoc creator/import/gnu/arm/4.9.3/bin/../lib/gcc/arm-none-eabi/4.9.3/armv6-m\libgcc.a(_dvmd_tls.o)
                              c:/program files (x86)/cypress/psoc creator/4.0/psoc creator/import/gnu/arm/4.9.3/bin/../lib/gcc/arm-none-eabi/4.9.3/armv6-m\libgcc.a(_udivsi3.o) (__aeabi_idiv0)
c:/program files (x86)/cypress/psoc creator/4.0/psoc creator/import/gnu/arm/4.9.3/bin/../lib/gcc/arm-none-eabi/4.9.3/armv6-m\libgcc.a(_aeabi_ldivmod.o)
                              .\CortexM0\ARM_GCC_493\Debug\SCB_SpiCommSlave01.a(ADC_SAR_SEQ.o) (__aeabi_ldivmod)
c:/program files (x86)/cypress/psoc creator/4.0/psoc creator/import/gnu/arm/4.9.3/bin/../lib/gcc/arm-none-eabi/4.9.3/armv6-m\libgcc.a(_muldi3.o)
                              .\CortexM0\ARM_GCC_493\Debug\SCB_SpiCommSlave01.a(RTD.o) (__aeabi_lmul)
c:/program files (x86)/cypress/psoc creator/4.0/psoc creator/import/gnu/arm/4.9.3/bin/../lib/gcc/arm-none-eabi/4.9.3/armv6-m\libgcc.a(_fixunsdfsi.o)
                              .\CortexM0\ARM_GCC_493\Debug\RTD_sensor.o (__aeabi_d2uiz)
c:/program files (x86)/cypress/psoc creator/4.0/psoc creator/import/gnu/arm/4.9.3/bin/../lib/gcc/arm-none-eabi/4.9.3/armv6-m\libgcc.a(bpabi.o)
[...]
Memory Configuration

Name             Origin             Length             Attributes
rom              0x00000000         0x00040000         xr
ram              0x20000000         0x00008000         xrw
*default*        0x00000000         0xffffffff

Linker script and memory map

LOAD c:/program files (x86)/cypress/psoc creator/4.0/psoc creator/import/gnu/arm/4.9.3/bin/../lib/gcc/arm-none-eabi/4.9.3/armv6-m/crti.o
LOAD c:/program files (x86)/cypress/psoc creator/4.0/psoc creator/import/gnu/arm/4.9.3/bin/../lib/gcc/arm-none-eabi/4.9.3/armv6-m/crtbegin.o
LOAD c:/program files (x86)/cypress/psoc creator/4.0/psoc creator/import/gnu/arm/4.9.3/bin/../lib/gcc/arm-none-eabi/4.9.3/../../../../arm-none-eabi/lib/armv6-m/crt0.o
START GROUP
LOAD .\CortexM0\ARM_GCC_493\Debug\main.o
LOAD .\CortexM0\ARM_GCC_493\Debug\cypress_slave_spi.o
LOAD .\CortexM0\ARM_GCC_493\Debug\cypress_arduino.o
LOAD .\CortexM0\ARM_GCC_493\Debug\sensors.o
LOAD .\CortexM0\ARM_GCC_493\Debug\controls.o
LOAD .\CortexM0\ARM_GCC_493\Debug\RTD_sensor.o
LOAD .\CortexM0\ARM_GCC_493\Debug\switch_sensor.o
LOAD .\CortexM0\ARM_GCC_493\Debug\cymetadata.o
LOAD .\CortexM0\ARM_GCC_493\Debug\Cm0Start.o
LOAD .\CortexM0\ARM_GCC_493\Debug\SCB_SpiCommSlave01.a
LOAD C:\Program Files (x86)\Cypress\PSoC Creator\4.0\PSoC Creator\psoc\content\cycomponentlibrary\CyComponentLibrary.cylib\CortexM0\ARM_GCC_493\Debug\CyComponentLibrary.a
END GROUP
START GROUP
LOAD c:/program files (x86)/cypress/psoc creator/4.0/psoc creator/import/gnu/arm/4.9.3/bin/../lib/gcc/arm-none-eabi/4.9.3/armv6-m\libgcc.a
LOAD c:/program files (x86)/cypress/psoc creator/4.0/psoc creator/import/gnu/arm/4.9.3/bin/../lib/gcc/arm-none-eabi/4.9.3/../../../../arm-none-eabi/lib/armv6-m\libg_nano.a
LOAD c:/program files (x86)/cypress/psoc creator/4.0/psoc creator/import/gnu/arm/4.9.3/bin/../lib/gcc/arm-none-eabi/4.9.3/../../../../arm-none-eabi/lib/armv6-m\libc_nano.a
END GROUP
START GROUP
LOAD c:/program files (x86)/cypress/psoc creator/4.0/psoc creator/import/gnu/arm/4.9.3/bin/../lib/gcc/arm-none-eabi/4.9.3/armv6-m\libgcc.a
LOAD c:/program files (x86)/cypress/psoc creator/4.0/psoc creator/import/gnu/arm/4.9.3/bin/../lib/gcc/arm-none-eabi/4.9.3/../../../../arm-none-eabi/lib/armv6-m\libc_nano.a
END GROUP
LOAD c:/program files (x86)/cypress/psoc creator/4.0/psoc creator/import/gnu/arm/4.9.3/bin/../lib/gcc/arm-none-eabi/4.9.3/armv6-m/crtend.o
LOAD c:/program files (x86)/cypress/psoc creator/4.0/psoc creator/import/gnu/arm/4.9.3/bin/../lib/gcc/arm-none-eabi/4.9.3/armv6-m/crtn.o
START GROUP
LOAD c:/program files (x86)/cypress/psoc creator/4.0/psoc creator/import/gnu/arm/4.9.3/bin/../lib/gcc/arm-none-eabi/4.9.3/armv6-m\libgcc.a
LOAD c:/program files (x86)/cypress/psoc creator/4.0/psoc creator/import/gnu/arm/4.9.3/bin/../lib/gcc/arm-none-eabi/4.9.3/../../../../arm-none-eabi/lib/armv6-m\libc.a
LOAD c:/program files (x86)/cypress/psoc creator/4.0/psoc creator/import/gnu/arm/4.9.3/bin/../lib/gcc/arm-none-eabi/4.9.3/../../../../arm-none-eabi/lib/armv6-m\libnosys.a
END GROUP
                0x00000000                CY_APPL_ORIGIN = 0x0
                0x00000100                CY_FLASH_ROW_SIZE = 0x100
                0x00000001                CY_APPL_NUM = 0x1
                0x00000001                CY_APPL_MAX = 0x1
                0x00000040                CY_METADATA_SIZE = 0x40
                0x00000000                CY_APPL_LOADABLE = 0x0
                0x00000000                CY_CHECKSUM_EXCLUDE_SIZE = ALIGN (0x0, CY_FLASH_ROW_SIZE)
                0x00000000                CY_APP_FOR_STACK_AND_COPIER = 0x0
                0x20000310                PROVIDE (__cy_heap_start, _end)
                0x00000001                PROVIDE (__cy_region_num, ((__cy_regions_end - __cy_regions) / 0x10))
                0x20008000                PROVIDE (__cy_stack, (ORIGIN (ram) + 0x8000))
                0x20007c00                PROVIDE (__cy_heap_end, (__cy_stack - 0x400))

.cybootloader   0x00000000        0x0
 *(.cybootloader)
                0x00000000                appl1_start = CY_APPL_ORIGIN?CY_APPL_ORIGIN:ALIGN (CY_FLASH_ROW_SIZE)
                0x0001ff00                appl2_start = (appl1_start + ALIGN ((((0x40000 - appl1_start) - (0x2 * CY_FLASH_ROW_SIZE)) / 0x2), CY_FLASH_ROW_SIZE))
                0x00000000                appl_start = (CY_APPL_NUM == 0x1)?appl1_start:appl2_start
                0x00000001                cy_project_type_bootloader = (appl_start == 0x0)?0x1:0x0
                0x00000000                cy_project_type_app_for_stack_and_copier = (CY_APP_FOR_STACK_AND_COPIER == 0x1)?0x1:0x0

.text           0x00000000     0x3f86
 CREATE_OBJECT_SYMBOLS
                0x00000000                PROVIDE (__cy_interrupt_vector, RomVectors)
 *(.romvectors)
 .romvectors    0x00000000       0x10 .\CortexM0\ARM_GCC_493\Debug\Cm0Start.o
                0x00000000                RomVectors
                0x00000001                ASSERT ((. != __cy_interrupt_vector), No interrupt vector)
                0x00000001                ASSERT (CY_APPL_ORIGIN?(SIZEOF (.cybootloader) <= CY_APPL_ORIGIN):0x1, Wrong image location)
                0x00000010                PROVIDE (__cy_reset, Reset)
 *(.text.Reset)
 .text.Reset    0x00000010        0x8 .\CortexM0\ARM_GCC_493\Debug\Cm0Start.o
                0x00000010                Reset
                0x00000001                ASSERT ((. != __cy_reset), No reset code)
 *(.psocinit)
 .psocinit      0x00000018      0x27c .\CortexM0\ARM_GCC_493\Debug\SCB_SpiCommSlave01.a(cyfitter_cfg.o)
                0x000000a8                cyfitter_cfg
                0x00000294                . = MAX (., 0x100)
 *(.text .text.* .gnu.linkonce.t.*)
 .text          0x00000294       0x60 c:/program files (x86)/cypress/psoc creator/4.0/psoc creator/import/gnu/arm/4.9.3/bin/../lib/gcc/arm-none-eabi/4.9.3/armv6-m/crtbegin.o
 .text.main     0x000002f4       0x24 .\CortexM0\ARM_GCC_493\Debug\main.o
                0x000002f4                main
 .text.process_slave_spi
                0x00000318      0x1f4 .\CortexM0\ARM_GCC_493\Debug\cypress_slave_spi.o
                0x00000318                process_slave_spi
 .text.init_slave_spi
                0x0000050c        0xc .\CortexM0\ARM_GCC_493\Debug\cypress_slave_spi.o
                0x0000050c                init_slave_spi
 .text.SPI_read
                0x00000518       0x58 .\CortexM0\ARM_GCC_493\Debug\cypress_slave_spi.o
 .text.SPI_write
                0x00000570       0x80 .\CortexM0\ARM_GCC_493\Debug\cypress_slave_spi.o
 .text.spi_read_command_complete
                0x000005f0       0xe0 .\CortexM0\ARM_GCC_493\Debug\cypress_slave_spi.o
 .text.spi_read_complete
                0x000006d0       0xc8 .\CortexM0\ARM_GCC_493\Debug\cypress_slave_spi.o
 .text.spi_write_complete
                0x00000798       0x1c .\CortexM0\ARM_GCC_493\Debug\cypress_slave_spi.o
 .text.init_arduino
                0x000007b4        0x8 .\CortexM0\ARM_GCC_493\Debug\cypress_arduino.o
                0x000007b4                init_arduino
 .text.set_uint32_sensor_data
                0x000007bc       0x50 .\CortexM0\ARM_GCC_493\Debug\cypress_arduino.o
                0x000007bc                set_uint32_sensor_data
 .text.set_float_sensor_data
                0x0000080c       0x50 .\CortexM0\ARM_GCC_493\Debug\cypress_arduino.o
                0x0000080c                set_float_sensor_data
 .text.init_sensors
                0x0000085c       0x10 .\CortexM0\ARM_GCC_493\Debug\sensors.o
                0x0000085c                init_sensors
 .text.process_sensors
                0x0000086c       0x10 .\CortexM0\ARM_GCC_493\Debug\sensors.o
                0x0000086c                process_sensors
 .text.init_controls
                0x0000087c       0x1c .\CortexM0\ARM_GCC_493\Debug\controls.o
                0x0000087c                init_controls
 .text.process_controls
                0x00000898        0x8 .\CortexM0\ARM_GCC_493\Debug\controls.o
                0x00000898                process_controls
 .text.ADC_SAR_SEQ_ISR_LOC
                0x000008a0       0x88 .\CortexM0\ARM_GCC_493\Debug\RTD_sensor.o
                0x000008a0                ADC_SAR_SEQ_ISR_LOC
 .text.init_RTD
                0x00000928       0x14 .\CortexM0\ARM_GCC_493\Debug\RTD_sensor.o
                0x00000928                init_RTD
 .text.process_RTD
                0x0000093c      0x394 .\CortexM0\ARM_GCC_493\Debug\RTD_sensor.o
                0x0000093c                process_RTD
 .text.init_switch
                0x00000cd0       0x14 .\CortexM0\ARM_GCC_493\Debug\switch_sensor.o
                0x00000cd0                init_switch
 .text.process_switch
                0x00000ce4       0xa0 .\CortexM0\ARM_GCC_493\Debug\switch_sensor.o
                0x00000ce4                process_switch
 .text.IntDefaultHandler
                0x00000d84       0x14 .\CortexM0\ARM_GCC_493\Debug\Cm0Start.o
                0x00000d84                IntDefaultHandler
 .text.Start_c  0x00000d98       0x98 .\CortexM0\ARM_GCC_493\Debug\Cm0Start.o
                0x00000d98                Start_c
 .text.initialize_psoc
                0x00000e30       0x70 .\CortexM0\ARM_GCC_493\Debug\Cm0Start.o
                0x00000e30                initialize_psoc
 .text.CYMEMZERO
                0x00000ea0       0x20 .\CortexM0\ARM_GCC_493\Debug\SCB_SpiCommSlave01.a(cyfitter_cfg.o)
 .text.cfg_write_bytes32
                0x00000ec0       0x80 .\CortexM0\ARM_GCC_493\Debug\SCB_SpiCommSlave01.a(cyfitter_cfg.o)
 .text.AnalogSetDefault
                0x00000f40       0x6c .\CortexM0\ARM_GCC_493\Debug\SCB_SpiCommSlave01.a(cyfitter_cfg.o)
 .text.SetAnalogRoutingPumps
                0x00000fac       0x40 .\CortexM0\ARM_GCC_493\Debug\SCB_SpiCommSlave01.a(cyfitter_cfg.o)
                0x00000fac                SetAnalogRoutingPumps
 .text.LED_GREEN_Write
                0x00000fec       0x4c .\CortexM0\ARM_GCC_493\Debug\SCB_SpiCommSlave01.a(LED_GREEN.o)
                0x00000fec                LED_GREEN_Write
 .text.LED_RED_Write
                0x00001038       0x4c .\CortexM0\ARM_GCC_493\Debug\SCB_SpiCommSlave01.a(LED_RED.o)
                0x00001038                LED_RED_Write
 .text.LED_BLUE_Write
                0x00001084       0x4c .\CortexM0\ARM_GCC_493\Debug\SCB_SpiCommSlave01.a(LED_BLUE.o)
                0x00001084                LED_BLUE_Write
 .text.SPIS_Init
                0x000010d0        0xc .\CortexM0\ARM_GCC_493\Debug\SCB_SpiCommSlave01.a(SPIS.o)
                0x000010d0                SPIS_Init
 .text.SPIS_Enable
                0x000010dc       0x24 .\CortexM0\ARM_GCC_493\Debug\SCB_SpiCommSlave01.a(SPIS.o)
                0x000010dc                SPIS_Enable
 .text.SPIS_Start
                0x00001100       0x24 .\CortexM0\ARM_GCC_493\Debug\SCB_SpiCommSlave01.a(SPIS.o)
                0x00001100                SPIS_Start
 .text.SPIS_ScbEnableIntr
                0x00001124       0x10 .\CortexM0\ARM_GCC_493\Debug\SCB_SpiCommSlave01.a(SPIS.o)
 .text.SPIS_ScbModePostEnable
                0x00001134        0xc .\CortexM0\ARM_GCC_493\Debug\SCB_SpiCommSlave01.a(SPIS.o)
 .text.SPIS_SpiUartReadRxData
                0x00001140       0x20 .\CortexM0\ARM_GCC_493\Debug\SCB_SpiCommSlave01.a(SPIS_SPI_UART.o)
                0x00001140                SPIS_SpiUartReadRxData
 .text.SPIS_SpiUartGetRxBufferSize
                0x00001160       0x20 .\CortexM0\ARM_GCC_493\Debug\SCB_SpiCommSlave01.a(SPIS_SPI_UART.o)
                0x00001160                SPIS_SpiUartGetRxBufferSize
 .text.SPIS_SpiUartClearRxBuffer
                0x00001180       0x2c .\CortexM0\ARM_GCC_493\Debug\SCB_SpiCommSlave01.a(SPIS_SPI_UART.o)
                0x00001180                SPIS_SpiUartClearRxBuffer
 .text.SPIS_SpiUartWriteTxData
                0x000011ac       0x2c .\CortexM0\ARM_GCC_493\Debug\SCB_SpiCommSlave01.a(SPIS_SPI_UART.o)
                0x000011ac                SPIS_SpiUartWriteTxData
 .text.SPIS_SpiUartPutArray
                0x000011d8       0x34 .\CortexM0\ARM_GCC_493\Debug\SCB_SpiCommSlave01.a(SPIS_SPI_UART.o)
                0x000011d8                SPIS_SpiUartPutArray
 .text.SPIS_SpiUartGetTxBufferSize
                0x0000120c       0x20 .\CortexM0\ARM_GCC_493\Debug\SCB_SpiCommSlave01.a(SPIS_SPI_UART.o)
                0x0000120c                SPIS_SpiUartGetTxBufferSize
 .text.SPIS_SpiInit
                0x0000122c       0xb4 .\CortexM0\ARM_GCC_493\Debug\SCB_SpiCommSlave01.a(SPIS_SPI.o)
                0x0000122c                SPIS_SpiInit
 .text.SPIS_SpiPostEnable
                0x000012e0       0x18 .\CortexM0\ARM_GCC_493\Debug\SCB_SpiCommSlave01.a(SPIS_SPI.o)
                0x000012e0                SPIS_SpiPostEnable
 .text.SPIS_SPI_UART_ISR
                0x000012f8       0x1c .\CortexM0\ARM_GCC_493\Debug\SCB_SpiCommSlave01.a(SPIS_SPI_UART_INT.o)
                0x000012f8                SPIS_SPI_UART_ISR
 .text.CySysClkImoEnableWcoLock
                0x00001314      0x154 .\CortexM0\ARM_GCC_493\Debug\SCB_SpiCommSlave01.a(CyLib.o)
                0x00001314                CySysClkImoEnableWcoLock
 .text.CySysClkImoDisableWcoLock
                0x00001468       0x1c .\CortexM0\ARM_GCC_493\Debug\SCB_SpiCommSlave01.a(CyLib.o)
                0x00001468                CySysClkImoDisableWcoLock
 .text.CySysClkImoGetWcoLock
                0x00001484       0x20 .\CortexM0\ARM_GCC_493\Debug\SCB_SpiCommSlave01.a(CyLib.o)
                0x00001484                CySysClkImoGetWcoLock
 .text.CySysClkImoEnableUsbLock
                0x000014a4       0x50 .\CortexM0\ARM_GCC_493\Debug\SCB_SpiCommSlave01.a(CyLib.o)
                0x000014a4                CySysClkImoEnableUsbLock
 .text.CySysClkImoDisableUsbLock
                0x000014f4       0x34 .\CortexM0\ARM_GCC_493\Debug\SCB_SpiCommSlave01.a(CyLib.o)
                0x000014f4                CySysClkImoDisableUsbLock
 .text.CySysClkImoGetUsbLock
                0x00001528       0x20 .\CortexM0\ARM_GCC_493\Debug\SCB_SpiCommSlave01.a(CyLib.o)
                0x00001528                CySysClkImoGetUsbLock
 .text.CySysClkWriteImoFreq
                0x00001548      0x26c .\CortexM0\ARM_GCC_493\Debug\SCB_SpiCommSlave01.a(CyLib.o)
                0x00001548                CySysClkWriteImoFreq
 .text.CyIntSetVector
                0x000017b4       0x4c .\CortexM0\ARM_GCC_493\Debug\SCB_SpiCommSlave01.a(CyLib.o)
                0x000017b4                CyIntSetVector
 .text.CyIntSetPriority
                0x00001800       0xa8 .\CortexM0\ARM_GCC_493\Debug\SCB_SpiCommSlave01.a(CyLib.o)
                0x00001800                CyIntSetPriority
 .text.CyIntEnable
                0x000018a8       0x28 .\CortexM0\ARM_GCC_493\Debug\SCB_SpiCommSlave01.a(CyLib.o)
                0x000018a8                CyIntEnable
 .text.CyIntDisable
                0x000018d0       0x28 .\CortexM0\ARM_GCC_493\Debug\SCB_SpiCommSlave01.a(CyLib.o)
                0x000018d0                CyIntDisable
 .text.CyHalt   0x000018f8       0x14 .\CortexM0\ARM_GCC_493\Debug\SCB_SpiCommSlave01.a(CyLib.o)
                0x000018f8                CyHalt
 .text.CyDelay  0x0000190c       0x48 .\CortexM0\ARM_GCC_493\Debug\SCB_SpiCommSlave01.a(CyLib.o)
                0x0000190c                CyDelay
 .text.CyDelayUs
                0x00001954       0x28 .\CortexM0\ARM_GCC_493\Debug\SCB_SpiCommSlave01.a(CyLib.o)
                0x00001954                CyDelayUs
 .text.CySysClkWcoEnabled
                0x0000197c       0x1c .\CortexM0\ARM_GCC_493\Debug\SCB_SpiCommSlave01.a(CyLFClk.o)
                0x0000197c                CySysClkWcoEnabled
 .text.RTD_MultShift24
                0x00001998       0x94 .\CortexM0\ARM_GCC_493\Debug\SCB_SpiCommSlave01.a(RTD.o)
                0x00001998                RTD_MultShift24
 .text.RTD_GetTemperature
                0x00001a2c      0x18c .\CortexM0\ARM_GCC_493\Debug\SCB_SpiCommSlave01.a(RTD.o)
                0x00001a2c                RTD_GetTemperature
 .text.ADC_SAR_SEQ_Start
                0x00001bb8       0x24 .\CortexM0\ARM_GCC_493\Debug\SCB_SpiCommSlave01.a(ADC_SAR_SEQ.o)
                0x00001bb8                ADC_SAR_SEQ_Start
 .text.ADC_SAR_SEQ_Init
                0x00001bdc      0x218 .\CortexM0\ARM_GCC_493\Debug\SCB_SpiCommSlave01.a(ADC_SAR_SEQ.o)
                0x00001bdc                ADC_SAR_SEQ_Init
 .text.ADC_SAR_SEQ_Enable
                0x00001df4       0x38 .\CortexM0\ARM_GCC_493\Debug\SCB_SpiCommSlave01.a(ADC_SAR_SEQ.o)
                0x00001df4                ADC_SAR_SEQ_Enable
 .text.ADC_SAR_SEQ_StartConvert
                0x00001e2c       0x1c .\CortexM0\ARM_GCC_493\Debug\SCB_SpiCommSlave01.a(ADC_SAR_SEQ.o)
                0x00001e2c                ADC_SAR_SEQ_StartConvert
 .text.ADC_SAR_SEQ_StopConvert
                0x00001e48       0x1c .\CortexM0\ARM_GCC_493\Debug\SCB_SpiCommSlave01.a(ADC_SAR_SEQ.o)
                0x00001e48                ADC_SAR_SEQ_StopConvert
 .text.ADC_SAR_SEQ_GetResult16
                0x00001e64       0x44 .\CortexM0\ARM_GCC_493\Debug\SCB_SpiCommSlave01.a(ADC_SAR_SEQ.o)
                0x00001e64                ADC_SAR_SEQ_GetResult16
 .text.ADC_SAR_SEQ_ISR
                0x00001ea8       0x1c .\CortexM0\ARM_GCC_493\Debug\SCB_SpiCommSlave01.a(ADC_SAR_SEQ_INT.o)
                0x00001ea8                ADC_SAR_SEQ_ISR
 .text.ADC_SAR_SEQ_IRQ_StartEx
                0x00001ec4       0x24 .\CortexM0\ARM_GCC_493\Debug\SCB_SpiCommSlave01.a(ADC_SAR_SEQ_IRQ.o)
                0x00001ec4                ADC_SAR_SEQ_IRQ_StartEx
 .text.ADC_SAR_SEQ_IRQ_SetVector
                0x00001ee8       0x1c .\CortexM0\ARM_GCC_493\Debug\SCB_SpiCommSlave01.a(ADC_SAR_SEQ_IRQ.o)
                0x00001ee8                ADC_SAR_SEQ_IRQ_SetVector
 .text.ADC_SAR_SEQ_IRQ_SetPriority
                0x00001f04       0x50 .\CortexM0\ARM_GCC_493\Debug\SCB_SpiCommSlave01.a(ADC_SAR_SEQ_IRQ.o)
                0x00001f04                ADC_SAR_SEQ_IRQ_SetPriority
 .text.ADC_SAR_SEQ_IRQ_Enable
                0x00001f54       0x14 .\CortexM0\ARM_GCC_493\Debug\SCB_SpiCommSlave01.a(ADC_SAR_SEQ_IRQ.o)
                0x00001f54                ADC_SAR_SEQ_IRQ_Enable
 .text.ADC_SAR_SEQ_IRQ_Disable
                0x00001f68       0x14 .\CortexM0\ARM_GCC_493\Debug\SCB_SpiCommSlave01.a(ADC_SAR_SEQ_IRQ.o)
                0x00001f68                ADC_SAR_SEQ_IRQ_Disable
 .text.IDAC_Init
                0x00001f7c       0x80 .\CortexM0\ARM_GCC_493\Debug\SCB_SpiCommSlave01.a(IDAC.o)
                0x00001f7c                IDAC_Init
 .text.IDAC_Enable
                0x00001ffc       0x44 .\CortexM0\ARM_GCC_493\Debug\SCB_SpiCommSlave01.a(IDAC.o)
                0x00001ffc                IDAC_Enable
 .text.IDAC_Start
                0x00002040       0x24 .\CortexM0\ARM_GCC_493\Debug\SCB_SpiCommSlave01.a(IDAC.o)
                0x00002040                IDAC_Start
 .text.IDAC_SetValue
                0x00002064       0x40 .\CortexM0\ARM_GCC_493\Debug\SCB_SpiCommSlave01.a(IDAC.o)
                0x00002064                IDAC_SetValue
 .text.Opamp_1_Init
                0x000020a4       0x34 .\CortexM0\ARM_GCC_493\Debug\SCB_SpiCommSlave01.a(Opamp_1.o)
                0x000020a4                Opamp_1_Init
 .text.Opamp_1_Enable
                0x000020d8       0x24 .\CortexM0\ARM_GCC_493\Debug\SCB_SpiCommSlave01.a(Opamp_1.o)
                0x000020d8                Opamp_1_Enable
 .text.Opamp_1_Start
                0x000020fc       0x24 .\CortexM0\ARM_GCC_493\Debug\SCB_SpiCommSlave01.a(Opamp_1.o)
                0x000020fc                Opamp_1_Start
 .text.switch_1_Read
                0x00002120       0x1c .\CortexM0\ARM_GCC_493\Debug\SCB_SpiCommSlave01.a(switch_1.o)
                0x00002120                switch_1_Read
 *fill*         0x0000213c        0x4 
 .text          0x00002140       0x20 .\CortexM0\ARM_GCC_493\Debug\SCB_SpiCommSlave01.a(CyBootAsmGnu.o)
                0x00002140                CyDelayCycles
                0x00002152                CyEnterCriticalSection
                0x0000215a                CyExitCriticalSection
 .text.CySysFlashSetWaitCycles
                0x00002160       0x74 .\CortexM0\ARM_GCC_493\Debug\SCB_SpiCommSlave01.a(CyFlash.o)
                0x00002160                CySysFlashSetWaitCycles
 .text          0x000021d4      0x120 c:/program files (x86)/cypress/psoc creator/4.0/psoc creator/import/gnu/arm/4.9.3/bin/../lib/gcc/arm-none-eabi/4.9.3/armv6-m\libgcc.a(_udivsi3.o)
                0x000021d4                __aeabi_uidiv
                0x000021d4                __udivsi3
                0x000022e0                __aeabi_uidivmod
 .text          0x000022f4        0x4 c:/program files (x86)/cypress/psoc creator/4.0/psoc creator/import/gnu/arm/4.9.3/bin/../lib/gcc/arm-none-eabi/4.9.3/armv6-m\libgcc.a(_dvmd_tls.o)
                0x000022f4                __aeabi_idiv0
                0x000022f4                __aeabi_ldiv0
 .text          0x000022f8       0x54 c:/program files (x86)/cypress/psoc creator/4.0/psoc creator/import/gnu/arm/4.9.3/bin/../lib/gcc/arm-none-eabi/4.9.3/armv6-m\libgcc.a(_muldi3.o)
                0x000022f8                __muldi3
                0x000022f8                __aeabi_lmul
 .text          0x0000234c       0x3c c:/program files (x86)/cypress/psoc creator/4.0/psoc creator/import/gnu/arm/4.9.3/bin/../lib/gcc/arm-none-eabi/4.9.3/armv6-m\libgcc.a(_fixunsdfsi.o)
                0x0000234c                __aeabi_d2uiz
                0x0000234c                __fixunsdfsi
 .text          0x00002388      0x270 c:/program files (x86)/cypress/psoc creator/4.0/psoc creator/import/gnu/arm/4.9.3/bin/../lib/gcc/arm-none-eabi/4.9.3/armv6-m\libgcc.a(divsf3.o)
                0x00002388                __aeabi_fdiv
 .text          0x000025f8       0x90 c:/program files (x86)/cypress/psoc creator/4.0/psoc creator/import/gnu/arm/4.9.3/bin/../lib/gcc/arm-none-eabi/4.9.3/armv6-m\libgcc.a(floatsisf.o)
                0x000025f8                __aeabi_i2f
 .text          0x00002688       0x90 c:/program files (x86)/cypress/psoc creator/4.0/psoc creator/import/gnu/arm/4.9.3/bin/../lib/gcc/arm-none-eabi/4.9.3/armv6-m\libgcc.a(floatunsisf.o)
                0x00002688                __aeabi_ui2f
 .text          0x00002718      0x648 c:/program files (x86)/cypress/psoc creator/4.0/psoc creator/import/gnu/arm/4.9.3/bin/../lib/gcc/arm-none-eabi/4.9.3/armv6-m\libgcc.a(divdf3.o)
                0x00002718                __aeabi_ddiv
 .text          0x00002d60      0x534 c:/program files (x86)/cypress/psoc creator/4.0/psoc creator/import/gnu/arm/4.9.3/bin/../lib/gcc/arm-none-eabi/4.9.3/armv6-m\libgcc.a(muldf3.o)
                0x00002d60                __aeabi_dmul
 .text          0x00003294      0x6f4 c:/program files (x86)/cypress/psoc creator/4.0/psoc creator/import/gnu/arm/4.9.3/bin/../lib/gcc/arm-none-eabi/4.9.3/armv6-m\libgcc.a(subdf3.o)
                0x00003294                __aeabi_dsub
 .text          0x00003988       0x6c c:/program files (x86)/cypress/psoc creator/4.0/psoc creator/import/gnu/arm/4.9.3/bin/../lib/gcc/arm-none-eabi/4.9.3/armv6-m\libgcc.a(fixdfsi.o)
                0x00003988                __aeabi_d2iz
 .text          0x000039f4       0x64 c:/program files (x86)/cypress/psoc creator/4.0/psoc creator/import/gnu/arm/4.9.3/bin/../lib/gcc/arm-none-eabi/4.9.3/armv6-m\libgcc.a(floatunsidf.o)
                0x000039f4                __aeabi_ui2d
 .text          0x00003a58       0xa8 c:/program files (x86)/cypress/psoc creator/4.0/psoc creator/import/gnu/arm/4.9.3/bin/../lib/gcc/arm-none-eabi/4.9.3/armv6-m\libgcc.a(extendsfdf2.o)
                0x00003a58                __aeabi_f2d
 .text          0x00003b00      0x120 c:/program files (x86)/cypress/psoc creator/4.0/psoc creator/import/gnu/arm/4.9.3/bin/../lib/gcc/arm-none-eabi/4.9.3/armv6-m\libgcc.a(truncdfsf2.o)
                0x00003b00                __aeabi_d2f
 .text          0x00003c20       0x7c c:/program files (x86)/cypress/psoc creator/4.0/psoc creator/import/gnu/arm/4.9.3/bin/../lib/gcc/arm-none-eabi/4.9.3/armv6-m\libgcc.a(_arm_cmpdf2.o)
                0x00003c20                __aeabi_cdrcmple
                0x00003c30                __aeabi_cdcmple
                0x00003c30                __aeabi_cdcmpeq
                0x00003c40                __aeabi_dcmpeq
                0x00003c4c                __aeabi_dcmplt
                0x00003c60                __aeabi_dcmple
                0x00003c74                __aeabi_dcmpgt
                0x00003c88                __aeabi_dcmpge
 .text          0x00003c9c       0x3c c:/program files (x86)/cypress/psoc creator/4.0/psoc creator/import/gnu/arm/4.9.3/bin/../lib/gcc/arm-none-eabi/4.9.3/armv6-m\libgcc.a(_clzsi2.o)
                0x00003c9c                __clzsi2
 .text          0x00003cd8       0x88 c:/program files (x86)/cypress/psoc creator/4.0/psoc creator/import/gnu/arm/4.9.3/bin/../lib/gcc/arm-none-eabi/4.9.3/armv6-m\libgcc.a(eqdf2.o)
                0x00003cd8                __nedf2
                0x00003cd8                __eqdf2
 .text          0x00003d60       0xe0 c:/program files (x86)/cypress/psoc creator/4.0/psoc creator/import/gnu/arm/4.9.3/bin/../lib/gcc/arm-none-eabi/4.9.3/armv6-m\libgcc.a(gedf2.o)
                0x00003d60                __gedf2
                0x00003d60                __gtdf2
 .text          0x00003e40       0xcc c:/program files (x86)/cypress/psoc creator/4.0/psoc creator/import/gnu/arm/4.9.3/bin/../lib/gcc/arm-none-eabi/4.9.3/armv6-m\libgcc.a(ledf2.o)
                0x00003e40                __ledf2
                0x00003e40                __ltdf2
 .text.__errno  0x00003f0c        0xc c:/program files (x86)/cypress/psoc creator/4.0/psoc creator/import/gnu/arm/4.9.3/bin/../lib/gcc/arm-none-eabi/4.9.3/../../../../arm-none-eabi/lib/armv6-m\libg_nano.a(lib_a-errno.o)
                0x00003f0c                __errno
 .text.__libc_init_array
                0x00003f18       0x4c c:/program files (x86)/cypress/psoc creator/4.0/psoc creator/import/gnu/arm/4.9.3/bin/../lib/gcc/arm-none-eabi/4.9.3/../../../../arm-none-eabi/lib/armv6-m\libg_nano.a(lib_a-init.o)
                0x00003f18                __libc_init_array
 .text.memcpy   0x00003f64       0x12 c:/program files (x86)/cypress/psoc creator/4.0/psoc creator/import/gnu/arm/4.9.3/bin/../lib/gcc/arm-none-eabi/4.9.3/../../../../arm-none-eabi/lib/armv6-m\libg_nano.a(lib_a-memcpy.o)
                0x00003f64                memcpy
 .text.memset   0x00003f76       0x10 c:/program files (x86)/cypress/psoc creator/4.0/psoc creator/import/gnu/arm/4.9.3/bin/../lib/gcc/arm-none-eabi/4.9.3/../../../../arm-none-eabi/lib/armv6-m\libg_nano.a(lib_a-memset.o)
                0x00003f76                memset
 *(.plt)
 *(.gnu.warning)
 *(.glue_7t)
 .glue_7t       0x00000000        0x0 linker stubs
 *(.glue_7)
 .glue_7        0x00000000        0x0 linker stubs
 *(.vfp11_veneer)
 .vfp11_veneer  0x00000000        0x0 linker stubs
 *(.bootloader)
 *(.ARM.extab* .gnu.linkonce.armextab.*)
 *(.gcc_except_table)

.v4_bx          0x00003f88        0x0
 .v4_bx         0x00000000        0x0 linker stubs

.iplt           0x00003f88        0x0
 .iplt          0x00000000        0x0 c:/program files (x86)/cypress/psoc creator/4.0/psoc creator/import/gnu/arm/4.9.3/bin/../lib/gcc/arm-none-eabi/4.9.3/armv6-m/crtbegin.o

.eh_frame_hdr
 *(.eh_frame_hdr)

.eh_frame       0x00003f88        0x4
 *(.eh_frame)
 .eh_frame      0x00003f88        0x0 c:/program files (x86)/cypress/psoc creator/4.0/psoc creator/import/gnu/arm/4.9.3/bin/../lib/gcc/arm-none-eabi/4.9.3/armv6-m/crtbegin.o
 .eh_frame      0x00003f88        0x0 c:/program files (x86)/cypress/psoc creator/4.0/psoc creator/import/gnu/arm/4.9.3/bin/../lib/gcc/arm-none-eabi/4.9.3/../../../../arm-none-eabi/lib/armv6-m\libg_nano.a(lib_a-strcmp.o)
                                 0x28 (size before relaxing)
 .eh_frame      0x00003f88        0x4 c:/program files (x86)/cypress/psoc creator/4.0/psoc creator/import/gnu/arm/4.9.3/bin/../lib/gcc/arm-none-eabi/4.9.3/armv6-m/crtend.o
                0x00003f8c                PROVIDE (__exidx_start, .)

.ARM.exidx
 *(.ARM.exidx* .gnu.linkonce.armexidx.*)
                0x00003f8c                __exidx_end = .

.rodata         0x00003f8c      0x24c
 *(.rodata .rodata.* .gnu.linkonce.r.*)
 .rodata        0x00003f8c       0x14 .\CortexM0\ARM_GCC_493\Debug\cypress_slave_spi.o
 .rodata        0x00003fa0       0x2c .\CortexM0\ARM_GCC_493\Debug\RTD_sensor.o
 .rodata        0x00003fcc       0x48 .\CortexM0\ARM_GCC_493\Debug\SCB_SpiCommSlave01.a(cyfitter_cfg.o)
 .rodata        0x00004014       0x48 .\CortexM0\ARM_GCC_493\Debug\SCB_SpiCommSlave01.a(CyLib.o)
                0x00004014                cyImoFreqMhz2Reg
                0x00004044                cyImoFreqMhz2DpllOffset
 .rodata        0x0000405c       0x30 .\CortexM0\ARM_GCC_493\Debug\SCB_SpiCommSlave01.a(RTD.o)
 .rodata        0x0000408c       0x14 .\CortexM0\ARM_GCC_493\Debug\SCB_SpiCommSlave01.a(ADC_SAR_SEQ.o)
 .rodata        0x000040a0       0x80 c:/program files (x86)/cypress/psoc creator/4.0/psoc creator/import/gnu/arm/4.9.3/bin/../lib/gcc/arm-none-eabi/4.9.3/armv6-m\libgcc.a(divsf3.o)
 .rodata        0x00004120       0x40 c:/program files (x86)/cypress/psoc creator/4.0/psoc creator/import/gnu/arm/4.9.3/bin/../lib/gcc/arm-none-eabi/4.9.3/armv6-m\libgcc.a(divdf3.o)
 .rodata        0x00004160       0x40 c:/program files (x86)/cypress/psoc creator/4.0/psoc creator/import/gnu/arm/4.9.3/bin/../lib/gcc/arm-none-eabi/4.9.3/armv6-m\libgcc.a(muldf3.o)
 .rodata.str1.1
                0x000041a0        0x2 c:/program files (x86)/cypress/psoc creator/4.0/psoc creator/import/gnu/arm/4.9.3/bin/../lib/gcc/arm-none-eabi/4.9.3/../../../../arm-none-eabi/lib/armv6-m\libg_nano.a(lib_a-impure.o)
                0x000041a4                . = ALIGN (0x4)
 *fill*         0x000041a2        0x2 
 *(.init)
 .init          0x000041a4        0x4 c:/program files (x86)/cypress/psoc creator/4.0/psoc creator/import/gnu/arm/4.9.3/bin/../lib/gcc/arm-none-eabi/4.9.3/armv6-m/crti.o
                0x000041a4                _init
 .init          0x000041a8        0x8 c:/program files (x86)/cypress/psoc creator/4.0/psoc creator/import/gnu/arm/4.9.3/bin/../lib/gcc/arm-none-eabi/4.9.3/armv6-m/crtn.o
                0x000041b0                . = ALIGN (0x4)
                0x000041b0                __preinit_array_start = .
 *(.preinit_array)
                0x000041b0                __preinit_array_end = .
                0x000041b0                . = ALIGN (0x4)
                0x000041b0                __init_array_start = .
 *(SORT(.init_array.*))
 *(.init_array)
 .init_array    0x000041b0        0x4 c:/program files (x86)/cypress/psoc creator/4.0/psoc creator/import/gnu/arm/4.9.3/bin/../lib/gcc/arm-none-eabi/4.9.3/armv6-m/crtbegin.o
 .init_array    0x000041b4        0x4 .\CortexM0\ARM_GCC_493\Debug\Cm0Start.o
                0x000041b8                __init_array_end = .
                0x000041b8                . = ALIGN (0x4)
 *(.fini)
 .fini          0x000041b8        0x4 c:/program files (x86)/cypress/psoc creator/4.0/psoc creator/import/gnu/arm/4.9.3/bin/../lib/gcc/arm-none-eabi/4.9.3/armv6-m/crti.o
                0x000041b8                _fini
 .fini          0x000041bc        0x8 c:/program files (x86)/cypress/psoc creator/4.0/psoc creator/import/gnu/arm/4.9.3/bin/../lib/gcc/arm-none-eabi/4.9.3/armv6-m/crtn.o
                0x000041c4                . = ALIGN (0x4)
                0x000041c4                __fini_array_start = .
 *(.fini_array)
 .fini_array    0x000041c4        0x4 c:/program files (x86)/cypress/psoc creator/4.0/psoc creator/import/gnu/arm/4.9.3/bin/../lib/gcc/arm-none-eabi/4.9.3/armv6-m/crtbegin.o
 *(SORT(.fini_array.*))
                0x000041c8                __fini_array_end = .
                0x000041c8                . = ALIGN (0x4)
 *crtbegin.o(.ctors)
 *(EXCLUDE_FILE(*crtend.o) .ctors)
 *(SORT(.ctors.*))
 *crtend.o(.ctors)
                0x000041c8                . = ALIGN (0x4)
 *crtbegin.o(.dtors)
 *(EXCLUDE_FILE(*crtend.o) .dtors)
 *(SORT(.dtors.*))
 *crtend.o(.dtors)
                0x000041c8                . = ALIGN (0x4)
                0x000041c8                __cy_regions = .
                0x000041c8        0x4 LONG 0x41d8 __cy_region_init_ram
                0x000041cc        0x4 LONG 0x200000c8 __cy_region_start_data
                0x000041d0        0x4 LONG 0xd8 __cy_region_init_size_ram
                0x000041d4        0x4 LONG 0x170 __cy_region_zero_size_ram
                0x000041d8                __cy_regions_end = .
                0x000041d8                . = ALIGN (0x8)
                0x000041d8                _etext = .

.cy_checksum_exclude
                0x000041d8        0x0
 *(.cy_checksum_exclude)

.ramvectors     0x20000000       0xc0
                0x20000000                __cy_region_start_ram = .
 *(.ramvectors)
 .ramvectors    0x20000000       0xc0 .\CortexM0\ARM_GCC_493\Debug\Cm0Start.o
                0x20000000                CyRamVectors

.noinit         0x200000c0        0x4
 *(.noinit)
 .noinit        0x200000c0        0x4 .\CortexM0\ARM_GCC_493\Debug\Cm0Start.o

.data           0x200000c8       0xd8 load address 0x000041d8
                0x200000c8                __cy_region_start_data = .
 *(.jcr)
 .jcr           0x200000c8        0x0 c:/program files (x86)/cypress/psoc creator/4.0/psoc creator/import/gnu/arm/4.9.3/bin/../lib/gcc/arm-none-eabi/4.9.3/armv6-m/crtbegin.o
 .jcr           0x200000c8        0x4 c:/program files (x86)/cypress/psoc creator/4.0/psoc creator/import/gnu/arm/4.9.3/bin/../lib/gcc/arm-none-eabi/4.9.3/armv6-m/crtend.o
 *(.got.plt)
 *(.got)
 *(.shdata)
 *(.data .data.* .gnu.linkonce.d.*)
 .data          0x200000cc        0x4 .\CortexM0\ARM_GCC_493\Debug\cypress_slave_spi.o
                0x200000cc                dummyBuffer
 .data          0x200000d0       0x54 .\CortexM0\ARM_GCC_493\Debug\cypress_arduino.o
                0x200000d0                acb
 .data          0x20000124       0x14 .\CortexM0\ARM_GCC_493\Debug\SCB_SpiCommSlave01.a(CyLib.o)
                0x20000124                cydelayFreqHz
                0x20000128                cydelayFreqKhz
                0x2000012c                cydelayFreqMhz
                0x20000130                cydelay32kMs
                0x20000134                CySysClkPumpConfig
 .data.impure_data
                0x20000138       0x60 c:/program files (x86)/cypress/psoc creator/4.0/psoc creator/import/gnu/arm/4.9.3/bin/../lib/gcc/arm-none-eabi/4.9.3/../../../../arm-none-eabi/lib/armv6-m\libg_nano.a(lib_a-impure.o)
 .data._impure_ptr
                0x20000198        0x4 c:/program files (x86)/cypress/psoc creator/4.0/psoc creator/import/gnu/arm/4.9.3/bin/../lib/gcc/arm-none-eabi/4.9.3/../../../../arm-none-eabi/lib/armv6-m\libg_nano.a(lib_a-impure.o)
                0x20000198                _impure_ptr
                0x200001a0                . = ALIGN (0x8)
 *fill*         0x2000019c        0x4 
 *(.ram)
                0x200001a0                _edata = .

.igot.plt       0x200001a0        0x0 load address 0x000042b0
 .igot.plt      0x00000000        0x0 c:/program files (x86)/cypress/psoc creator/4.0/psoc creator/import/gnu/arm/4.9.3/bin/../lib/gcc/arm-none-eabi/4.9.3/armv6-m/crtbegin.o

.bss            0x200001a0      0x170 load address 0x000042b0
                0x200001a0                PROVIDE (__bss_start__, .)
 *(.shbss)
 *(.bss .bss.* .gnu.linkonce.b.*)
 .bss           0x200001a0       0x1c c:/program files (x86)/cypress/psoc creator/4.0/psoc creator/import/gnu/arm/4.9.3/bin/../lib/gcc/arm-none-eabi/4.9.3/armv6-m/crtbegin.o
 .bss           0x200001bc       0xc4 .\CortexM0\ARM_GCC_493\Debug\cypress_slave_spi.o
                0x20000214                spi_nops
 .bss           0x20000280       0x1c .\CortexM0\ARM_GCC_493\Debug\RTD_sensor.o
                0x20000280                rtdCalVoltage
                0x20000284                rtdRes
                0x20000288                rtdVoltage
                0x2000028c                rtdTemp
                0x20000290                zeroCurrentOffset
                0x20000294                current_source
                0x20000298                dataReady
 .bss           0x2000029c        0x8 .\CortexM0\ARM_GCC_493\Debug\SCB_SpiCommSlave01.a(SPIS.o)
                0x2000029c                SPIS_initVar
                0x2000029e                SPIS_IntrTxMask
                0x200002a0                SPIS_customIntrHandler
 .bss           0x200002a4       0x1c .\CortexM0\ARM_GCC_493\Debug\SCB_SpiCommSlave01.a(CyLib.o)
                0x200002b8                CySysTickInitVar
                0x200002bc                CySysClkImoTrim4
 .bss           0x200002c0        0x1 .\CortexM0\ARM_GCC_493\Debug\SCB_SpiCommSlave01.a(ADC_SAR_SEQ.o)
                0x200002c0                ADC_SAR_SEQ_initVar
 *fill*         0x200002c1        0x3 
 .bss           0x200002c4        0x4 .\CortexM0\ARM_GCC_493\Debug\SCB_SpiCommSlave01.a(IDAC.o)
                0x200002c4                IDAC_initVar
 .bss           0x200002c8        0x8 .\CortexM0\ARM_GCC_493\Debug\SCB_SpiCommSlave01.a(Opamp_1.o)
                0x200002c8                Opamp_1_initVar
 *(COMMON)
 COMMON         0x200002d0        0xc .\CortexM0\ARM_GCC_493\Debug\cypress_slave_spi.o
                0x200002d0                no_writes
                0x200002d4                no_reads
                0x200002d8                no_commands
 COMMON         0x200002dc       0x10 .\CortexM0\ARM_GCC_493\Debug\RTD_sensor.o
                0x200002dc                ref_voltage
                0x200002e0                RTD_state
                0x200002e4                result
 COMMON         0x200002ec        0x8 .\CortexM0\ARM_GCC_493\Debug\switch_sensor.o
                0x200002ec                switch_state
                0x200002f0                count
 COMMON         0x200002f4       0x18 .\CortexM0\ARM_GCC_493\Debug\SCB_SpiCommSlave01.a(ADC_SAR_SEQ.o)
                0x200002f4                ADC_SAR_SEQ_offset
                0x200002fc                ADC_SAR_SEQ_countsPer10Volt
                0x20000310                . = ALIGN (0x8)
 *fill*         0x2000030c        0x4 
 *(.ram.b)
                0x20000310                _end = .
                0x20000310                __end = .
                0x20000310                PROVIDE (end, .)
                0x20000310                PROVIDE (__bss_end__, .)
                0x000041d8                __cy_region_init_ram = LOADADDR (.data)
                0x000000d8                __cy_region_init_size_ram = (_edata - ADDR (.data))
                0x00000170                __cy_region_zero_size_ram = (_end - _edata)

.heap           0x20000310      0x100 load address 0x000042b0
                0x20000310                . = _end
                0x20000410                . = (. + 0x100)
 *fill*         0x20000310      0x100 
                0x20000410                __cy_heap_limit = .

.stack          0x20007c00      0x400
                0x20007c00                __cy_stack_limit = .
                0x20008000                . = (. + 0x400)
 *fill*         0x20007c00      0x400 
                0x00000001                ASSERT ((__cy_stack_limit >= __cy_heap_limit), region RAM overflowed with stack)
                0x00000000                cy_checksum_exclude_size = (CY_APPL_LOADABLE == 0x1)?SIZEOF (.cy_checksum_exclude):0x0
                0x00000001                ASSERT ((cy_checksum_exclude_size <= CY_CHECKSUM_EXCLUDE_SIZE), CY_BOOT: Section .cy_checksum_exclude size exceedes specified limit.)
                0x0003ffc0                cyloadermeta_start = (cy_project_type_bootloader || cy_project_type_app_for_stack_and_copier)?(0x40000 - CY_METADATA_SIZE):0xf0000000

.cyloadermeta
 *(.cyloadermeta)
                0x0003ffc0                cyloadablemeta_start = cy_project_type_app_for_stack_and_copier?((0x40000 - CY_FLASH_ROW_SIZE) - CY_METADATA_SIZE):((0x40000 - (CY_FLASH_ROW_SIZE * (CY_APPL_NUM - 0x1))) - CY_METADATA_SIZE)

.cyloadablemeta
 *(.cyloadablemeta)

.cyflashprotect
                0x90400000       0x80
 *(.cyflashprotect)
 .cyflashprotect
                0x90400000       0x80 .\CortexM0\ARM_GCC_493\Debug\cymetadata.o
                0x90400000                cy_meta_flashprotect

.cymeta         0x90500000        0xc
 *(.cymeta)
 .cymeta        0x90500000        0xc .\CortexM0\ARM_GCC_493\Debug\cymetadata.o
                0x90500000                cy_metadata

.cychipprotect  0x90600000        0x4
 *(.cychipprotect)
 .cychipprotect
                0x90600000        0x4 .\CortexM0\ARM_GCC_493\Debug\cymetadata.o
                0x90600000                cy_meta_chipprotect

.rel.dyn        0x000042b0        0x0 load address 0x90600004
 .rel.iplt      0x00000000        0x0 c:/program files (x86)/cypress/psoc creator/4.0/psoc creator/import/gnu/arm/4.9.3/bin/../lib/gcc/arm-none-eabi/4.9.3/armv6-m/crtbegin.o

.stab
 *(.stab)

.stabstr
 *(.stabstr)

.debug
 *(.debug)

.line
 *(.line)

.debug_srcinfo
 *(.debug_srcinfo)

.debug_sfnames
 *(.debug_sfnames)

.debug_aranges  0x00000000      0xaa8
 *(.debug_aranges)
 .debug_aranges
                0x00000000       0x20 .\CortexM0\ARM_GCC_493\Debug\main.o
 .debug_aranges
                0x00000020       0x68 .\CortexM0\ARM_GCC_493\Debug\cypress_slave_spi.o
 .debug_aranges
                0x00000088       0x38 .\CortexM0\ARM_GCC_493\Debug\cypress_arduino.o
 .debug_aranges
                0x000000c0       0x28 .\CortexM0\ARM_GCC_493\Debug\sensors.o
 .debug_aranges
                0x000000e8       0x28 .\CortexM0\ARM_GCC_493\Debug\controls.o
 .debug_aranges
                0x00000110       0x30 .\CortexM0\ARM_GCC_493\Debug\RTD_sensor.o
 .debug_aranges
                0x00000140       0x28 .\CortexM0\ARM_GCC_493\Debug\switch_sensor.o
 .debug_aranges
                0x00000168       0x18 .\CortexM0\ARM_GCC_493\Debug\cymetadata.o
 .debug_aranges
                0x00000180       0x48 .\CortexM0\ARM_GCC_493\Debug\Cm0Start.o
 .debug_aranges
                0x000001c8       0x58 .\CortexM0\ARM_GCC_493\Debug\SCB_SpiCommSlave01.a(cyfitter_cfg.o)
 .debug_aranges
                0x00000220       0x48 .\CortexM0\ARM_GCC_493\Debug\SCB_SpiCommSlave01.a(LED_GREEN.o)
 .debug_aranges
                0x00000268       0x48 .\CortexM0\ARM_GCC_493\Debug\SCB_SpiCommSlave01.a(LED_RED.o)
 .debug_aranges
                0x000002b0       0x48 .\CortexM0\ARM_GCC_493\Debug\SCB_SpiCommSlave01.a(LED_BLUE.o)
 .debug_aranges
                0x000002f8       0x68 .\CortexM0\ARM_GCC_493\Debug\SCB_SpiCommSlave01.a(SPIS.o)
 .debug_aranges
                0x00000360       0x60 .\CortexM0\ARM_GCC_493\Debug\SCB_SpiCommSlave01.a(SPIS_SPI_UART.o)
 .debug_aranges
                0x000003c0       0x38 .\CortexM0\ARM_GCC_493\Debug\SCB_SpiCommSlave01.a(SPIS_SPI.o)
 .debug_aranges
                0x000003f8       0x20 .\CortexM0\ARM_GCC_493\Debug\SCB_SpiCommSlave01.a(SPIS_SPI_UART_INT.o)
 .debug_aranges
                0x00000418      0x260 .\CortexM0\ARM_GCC_493\Debug\SCB_SpiCommSlave01.a(CyLib.o)
 .debug_aranges
                0x00000678      0x190 .\CortexM0\ARM_GCC_493\Debug\SCB_SpiCommSlave01.a(CyLFClk.o)
 .debug_aranges
                0x00000808       0x28 .\CortexM0\ARM_GCC_493\Debug\SCB_SpiCommSlave01.a(RTD.o)
 .debug_aranges
                0x00000830       0xa8 .\CortexM0\ARM_GCC_493\Debug\SCB_SpiCommSlave01.a(ADC_SAR_SEQ.o)
 .debug_aranges
                0x000008d8       0x20 .\CortexM0\ARM_GCC_493\Debug\SCB_SpiCommSlave01.a(ADC_SAR_SEQ_INT.o)
 .debug_aranges
                0x000008f8       0x80 .\CortexM0\ARM_GCC_493\Debug\SCB_SpiCommSlave01.a(ADC_SAR_SEQ_IRQ.o)
 .debug_aranges
                0x00000978       0x40 .\CortexM0\ARM_GCC_493\Debug\SCB_SpiCommSlave01.a(IDAC.o)
 .debug_aranges
                0x000009b8       0x48 .\CortexM0\ARM_GCC_493\Debug\SCB_SpiCommSlave01.a(Opamp_1.o)
 .debug_aranges
                0x00000a00       0x48 .\CortexM0\ARM_GCC_493\Debug\SCB_SpiCommSlave01.a(switch_1.o)
 .debug_aranges
                0x00000a48       0x20 .\CortexM0\ARM_GCC_493\Debug\SCB_SpiCommSlave01.a(CyBootAsmGnu.o)
 .debug_aranges
                0x00000a68       0x40 .\CortexM0\ARM_GCC_493\Debug\SCB_SpiCommSlave01.a(CyFlash.o)

.debug_pubnames
 *(.debug_pubnames)

.debug_info     0x00000000     0x4e9e
 *(.debug_info .gnu.linkonce.wi.*)
 .debug_info    0x00000000       0x96 .\CortexM0\ARM_GCC_493\Debug\main.o
 .debug_info    0x00000096      0x5eb .\CortexM0\ARM_GCC_493\Debug\cypress_slave_spi.o
 .debug_info    0x00000681      0x3c9 .\CortexM0\ARM_GCC_493\Debug\cypress_arduino.o
 .debug_info    0x00000a4a       0xaa .\CortexM0\ARM_GCC_493\Debug\sensors.o
 .debug_info    0x00000af4       0xaa .\CortexM0\ARM_GCC_493\Debug\controls.o
 .debug_info    0x00000b9e      0x255 .\CortexM0\ARM_GCC_493\Debug\RTD_sensor.o
 .debug_info    0x00000df3       0xfd .\CortexM0\ARM_GCC_493\Debug\switch_sensor.o
 .debug_info    0x00000ef0       0xfe .\CortexM0\ARM_GCC_493\Debug\cymetadata.o
 .debug_info    0x00000fee      0x300 .\CortexM0\ARM_GCC_493\Debug\Cm0Start.o
 .debug_info    0x000012ee      0x38b .\CortexM0\ARM_GCC_493\Debug\SCB_SpiCommSlave01.a(cyfitter_cfg.o)
 .debug_info    0x00001679      0x19a .\CortexM0\ARM_GCC_493\Debug\SCB_SpiCommSlave01.a(LED_GREEN.o)
 .debug_info    0x00001813      0x19a .\CortexM0\ARM_GCC_493\Debug\SCB_SpiCommSlave01.a(LED_RED.o)
 .debug_info    0x000019ad      0x19a .\CortexM0\ARM_GCC_493\Debug\SCB_SpiCommSlave01.a(LED_BLUE.o)
 .debug_info    0x00001b47      0x201 .\CortexM0\ARM_GCC_493\Debug\SCB_SpiCommSlave01.a(SPIS.o)
 .debug_info    0x00001d48      0x211 .\CortexM0\ARM_GCC_493\Debug\SCB_SpiCommSlave01.a(SPIS_SPI_UART.o)
 .debug_info    0x00001f59      0x140 .\CortexM0\ARM_GCC_493\Debug\SCB_SpiCommSlave01.a(SPIS_SPI.o)
 .debug_info    0x00002099       0xb7 .\CortexM0\ARM_GCC_493\Debug\SCB_SpiCommSlave01.a(SPIS_SPI_UART_INT.o)
 .debug_info    0x00002150     0x11ce .\CortexM0\ARM_GCC_493\Debug\SCB_SpiCommSlave01.a(CyLib.o)
 .debug_info    0x0000331e      0xa91 .\CortexM0\ARM_GCC_493\Debug\SCB_SpiCommSlave01.a(CyLFClk.o)
 .debug_info    0x00003daf      0x182 .\CortexM0\ARM_GCC_493\Debug\SCB_SpiCommSlave01.a(RTD.o)
 .debug_info    0x00003f31      0x4a1 .\CortexM0\ARM_GCC_493\Debug\SCB_SpiCommSlave01.a(ADC_SAR_SEQ.o)
 .debug_info    0x000043d2       0xc5 .\CortexM0\ARM_GCC_493\Debug\SCB_SpiCommSlave01.a(ADC_SAR_SEQ_INT.o)
 .debug_info    0x00004497      0x246 .\CortexM0\ARM_GCC_493\Debug\SCB_SpiCommSlave01.a(ADC_SAR_SEQ_IRQ.o)
 .debug_info    0x000046dd      0x19e .\CortexM0\ARM_GCC_493\Debug\SCB_SpiCommSlave01.a(IDAC.o)
 .debug_info    0x0000487b      0x166 .\CortexM0\ARM_GCC_493\Debug\SCB_SpiCommSlave01.a(Opamp_1.o)
 .debug_info    0x000049e1      0x19a .\CortexM0\ARM_GCC_493\Debug\SCB_SpiCommSlave01.a(switch_1.o)
 .debug_info    0x00004b7b       0xc7 .\CortexM0\ARM_GCC_493\Debug\SCB_SpiCommSlave01.a(CyBootAsmGnu.o)
 .debug_info    0x00004c42      0x25c .\CortexM0\ARM_GCC_493\Debug\SCB_SpiCommSlave01.a(CyFlash.o)

.debug_abbrev   0x00000000     0x1941
 *(.debug_abbrev)
 .debug_abbrev  0x00000000       0x44 .\CortexM0\ARM_GCC_493\Debug\main.o
 .debug_abbrev  0x00000044      0x1c0 .\CortexM0\ARM_GCC_493\Debug\cypress_slave_spi.o
 .debug_abbrev  0x00000204       0xfb .\CortexM0\ARM_GCC_493\Debug\cypress_arduino.o
 .debug_abbrev  0x000002ff       0x42 .\CortexM0\ARM_GCC_493\Debug\sensors.o
 .debug_abbrev  0x00000341       0x5a .\CortexM0\ARM_GCC_493\Debug\controls.o
 .debug_abbrev  0x0000039b       0xc5 .\CortexM0\ARM_GCC_493\Debug\RTD_sensor.o
 .debug_abbrev  0x00000460       0x8e .\CortexM0\ARM_GCC_493\Debug\switch_sensor.o
 .debug_abbrev  0x000004ee       0x5d .\CortexM0\ARM_GCC_493\Debug\cymetadata.o
 .debug_abbrev  0x0000054b      0x1a5 .\CortexM0\ARM_GCC_493\Debug\Cm0Start.o
 .debug_abbrev  0x000006f0      0x19d .\CortexM0\ARM_GCC_493\Debug\SCB_SpiCommSlave01.a(cyfitter_cfg.o)
 .debug_abbrev  0x0000088d       0xaa .\CortexM0\ARM_GCC_493\Debug\SCB_SpiCommSlave01.a(LED_GREEN.o)
 .debug_abbrev  0x00000937       0xaa .\CortexM0\ARM_GCC_493\Debug\SCB_SpiCommSlave01.a(LED_RED.o)
 .debug_abbrev  0x000009e1       0xaa .\CortexM0\ARM_GCC_493\Debug\SCB_SpiCommSlave01.a(LED_BLUE.o)
 .debug_abbrev  0x00000a8b       0xc5 .\CortexM0\ARM_GCC_493\Debug\SCB_SpiCommSlave01.a(SPIS.o)
 .debug_abbrev  0x00000b50      0x140 .\CortexM0\ARM_GCC_493\Debug\SCB_SpiCommSlave01.a(SPIS_SPI_UART.o)
 .debug_abbrev  0x00000c90       0xcf .\CortexM0\ARM_GCC_493\Debug\SCB_SpiCommSlave01.a(SPIS_SPI.o)
 .debug_abbrev  0x00000d5f       0x70 .\CortexM0\ARM_GCC_493\Debug\SCB_SpiCommSlave01.a(SPIS_SPI_UART_INT.o)
 .debug_abbrev  0x00000dcf      0x23c .\CortexM0\ARM_GCC_493\Debug\SCB_SpiCommSlave01.a(CyLib.o)
 .debug_abbrev  0x0000100b      0x228 .\CortexM0\ARM_GCC_493\Debug\SCB_SpiCommSlave01.a(CyLFClk.o)
 .debug_abbrev  0x00001233       0x99 .\CortexM0\ARM_GCC_493\Debug\SCB_SpiCommSlave01.a(RTD.o)
 .debug_abbrev  0x000012cc      0x163 .\CortexM0\ARM_GCC_493\Debug\SCB_SpiCommSlave01.a(ADC_SAR_SEQ.o)
 .debug_abbrev  0x0000142f       0x65 .\CortexM0\ARM_GCC_493\Debug\SCB_SpiCommSlave01.a(ADC_SAR_SEQ_INT.o)
 .debug_abbrev  0x00001494      0x16a .\CortexM0\ARM_GCC_493\Debug\SCB_SpiCommSlave01.a(ADC_SAR_SEQ_IRQ.o)
 .debug_abbrev  0x000015fe       0x9f .\CortexM0\ARM_GCC_493\Debug\SCB_SpiCommSlave01.a(IDAC.o)
 .debug_abbrev  0x0000169d       0xc6 .\CortexM0\ARM_GCC_493\Debug\SCB_SpiCommSlave01.a(Opamp_1.o)
 .debug_abbrev  0x00001763       0xaa .\CortexM0\ARM_GCC_493\Debug\SCB_SpiCommSlave01.a(switch_1.o)
 .debug_abbrev  0x0000180d       0x14 .\CortexM0\ARM_GCC_493\Debug\SCB_SpiCommSlave01.a(CyBootAsmGnu.o)
 .debug_abbrev  0x00001821      0x120 .\CortexM0\ARM_GCC_493\Debug\SCB_SpiCommSlave01.a(CyFlash.o)

.debug_line     0x00000000     0x2aae
 *(.debug_line)
 .debug_line    0x00000000       0x4f .\CortexM0\ARM_GCC_493\Debug\main.o
 .debug_line    0x0000004f      0x2a0 .\CortexM0\ARM_GCC_493\Debug\cypress_slave_spi.o
 .debug_line    0x000002ef      0x184 .\CortexM0\ARM_GCC_493\Debug\cypress_arduino.o
 .debug_line    0x00000473       0x50 .\CortexM0\ARM_GCC_493\Debug\sensors.o
 .debug_line    0x000004c3       0x4e .\CortexM0\ARM_GCC_493\Debug\controls.o
 .debug_line    0x00000511      0x1d9 .\CortexM0\ARM_GCC_493\Debug\RTD_sensor.o
 .debug_line    0x000006ea      0x162 .\CortexM0\ARM_GCC_493\Debug\switch_sensor.o
 .debug_line    0x0000084c       0x51 .\CortexM0\ARM_GCC_493\Debug\cymetadata.o
 .debug_line    0x0000089d      0x1d0 .\CortexM0\ARM_GCC_493\Debug\Cm0Start.o
 .debug_line    0x00000a6d      0x1c2 .\CortexM0\ARM_GCC_493\Debug\SCB_SpiCommSlave01.a(cyfitter_cfg.o)
 .debug_line    0x00000c2f       0xc1 .\CortexM0\ARM_GCC_493\Debug\SCB_SpiCommSlave01.a(LED_GREEN.o)
 .debug_line    0x00000cf0       0xbf .\CortexM0\ARM_GCC_493\Debug\SCB_SpiCommSlave01.a(LED_RED.o)
 .debug_line    0x00000daf       0xc0 .\CortexM0\ARM_GCC_493\Debug\SCB_SpiCommSlave01.a(LED_BLUE.o)
 .debug_line    0x00000e6f      0x11c .\CortexM0\ARM_GCC_493\Debug\SCB_SpiCommSlave01.a(SPIS.o)
 .debug_line    0x00000f8b      0x123 .\CortexM0\ARM_GCC_493\Debug\SCB_SpiCommSlave01.a(SPIS_SPI_UART.o)
 .debug_line    0x000010ae       0xbf .\CortexM0\ARM_GCC_493\Debug\SCB_SpiCommSlave01.a(SPIS_SPI.o)
 .debug_line    0x0000116d       0x7d .\CortexM0\ARM_GCC_493\Debug\SCB_SpiCommSlave01.a(SPIS_SPI_UART_INT.o)
 .debug_line    0x000011ea      0x899 .\CortexM0\ARM_GCC_493\Debug\SCB_SpiCommSlave01.a(CyLib.o)
 .debug_line    0x00001a83      0x6d3 .\CortexM0\ARM_GCC_493\Debug\SCB_SpiCommSlave01.a(CyLFClk.o)
 .debug_line    0x00002156       0xa5 .\CortexM0\ARM_GCC_493\Debug\SCB_SpiCommSlave01.a(RTD.o)
 .debug_line    0x000021fb      0x2a8 .\CortexM0\ARM_GCC_493\Debug\SCB_SpiCommSlave01.a(ADC_SAR_SEQ.o)
 .debug_line    0x000024a3       0x6a .\CortexM0\ARM_GCC_493\Debug\SCB_SpiCommSlave01.a(ADC_SAR_SEQ_INT.o)
 .debug_line    0x0000250d      0x15e .\CortexM0\ARM_GCC_493\Debug\SCB_SpiCommSlave01.a(ADC_SAR_SEQ_IRQ.o)
 .debug_line    0x0000266b       0xb7 .\CortexM0\ARM_GCC_493\Debug\SCB_SpiCommSlave01.a(IDAC.o)
 .debug_line    0x00002722       0xc3 .\CortexM0\ARM_GCC_493\Debug\SCB_SpiCommSlave01.a(Opamp_1.o)
 .debug_line    0x000027e5       0xc0 .\CortexM0\ARM_GCC_493\Debug\SCB_SpiCommSlave01.a(switch_1.o)
 .debug_line    0x000028a5       0x68 .\CortexM0\ARM_GCC_493\Debug\SCB_SpiCommSlave01.a(CyBootAsmGnu.o)
 .debug_line    0x0000290d      0x1a1 .\CortexM0\ARM_GCC_493\Debug\SCB_SpiCommSlave01.a(CyFlash.o)

.debug_frame    0x00000000     0x2bcc
 *(.debug_frame)
 .debug_frame   0x00000000       0x2c .\CortexM0\ARM_GCC_493\Debug\main.o
 .debug_frame   0x0000002c      0x13c .\CortexM0\ARM_GCC_493\Debug\cypress_slave_spi.o
 .debug_frame   0x00000168       0x8c .\CortexM0\ARM_GCC_493\Debug\cypress_arduino.o
 .debug_frame   0x000001f4       0x48 .\CortexM0\ARM_GCC_493\Debug\sensors.o
 .debug_frame   0x0000023c       0x48 .\CortexM0\ARM_GCC_493\Debug\controls.o
 .debug_frame   0x00000284       0x74 .\CortexM0\ARM_GCC_493\Debug\RTD_sensor.o
 .debug_frame   0x000002f8       0x48 .\CortexM0\ARM_GCC_493\Debug\switch_sensor.o
 .debug_frame   0x00000340       0xc8 .\CortexM0\ARM_GCC_493\Debug\Cm0Start.o
 .debug_frame   0x00000408      0x108 .\CortexM0\ARM_GCC_493\Debug\SCB_SpiCommSlave01.a(cyfitter_cfg.o)
 .debug_frame   0x00000510       0xc8 .\CortexM0\ARM_GCC_493\Debug\SCB_SpiCommSlave01.a(LED_GREEN.o)
 .debug_frame   0x000005d8       0xc8 .\CortexM0\ARM_GCC_493\Debug\SCB_SpiCommSlave01.a(LED_RED.o)
 .debug_frame   0x000006a0       0xc8 .\CortexM0\ARM_GCC_493\Debug\SCB_SpiCommSlave01.a(LED_BLUE.o)
 .debug_frame   0x00000768      0x134 .\CortexM0\ARM_GCC_493\Debug\SCB_SpiCommSlave01.a(SPIS.o)
 .debug_frame   0x0000089c      0x128 .\CortexM0\ARM_GCC_493\Debug\SCB_SpiCommSlave01.a(SPIS_SPI_UART.o)
 .debug_frame   0x000009c4       0x84 .\CortexM0\ARM_GCC_493\Debug\SCB_SpiCommSlave01.a(SPIS_SPI.o)
 .debug_frame   0x00000a48       0x2c .\CortexM0\ARM_GCC_493\Debug\SCB_SpiCommSlave01.a(SPIS_SPI_UART_INT.o)
 .debug_frame   0x00000a74      0x91c .\CortexM0\ARM_GCC_493\Debug\SCB_SpiCommSlave01.a(CyLib.o)
 .debug_frame   0x00001390      0x5dc .\CortexM0\ARM_GCC_493\Debug\SCB_SpiCommSlave01.a(CyLFClk.o)
 .debug_frame   0x0000196c       0x60 .\CortexM0\ARM_GCC_493\Debug\SCB_SpiCommSlave01.a(RTD.o)
 .debug_frame   0x000019cc      0x248 .\CortexM0\ARM_GCC_493\Debug\SCB_SpiCommSlave01.a(ADC_SAR_SEQ.o)
 .debug_frame   0x00001c14       0x30 .\CortexM0\ARM_GCC_493\Debug\SCB_SpiCommSlave01.a(ADC_SAR_SEQ_INT.o)
 .debug_frame   0x00001c44      0x190 .\CortexM0\ARM_GCC_493\Debug\SCB_SpiCommSlave01.a(ADC_SAR_SEQ_IRQ.o)
 .debug_frame   0x00001dd4       0xbc .\CortexM0\ARM_GCC_493\Debug\SCB_SpiCommSlave01.a(IDAC.o)
 .debug_frame   0x00001e90       0xc0 .\CortexM0\ARM_GCC_493\Debug\SCB_SpiCommSlave01.a(Opamp_1.o)
 .debug_frame   0x00001f50       0xc8 .\CortexM0\ARM_GCC_493\Debug\SCB_SpiCommSlave01.a(switch_1.o)
 .debug_frame   0x00002018       0xbc .\CortexM0\ARM_GCC_493\Debug\SCB_SpiCommSlave01.a(CyFlash.o)
 .debug_frame   0x000020d4       0x20 c:/program files (x86)/cypress/psoc creator/4.0/psoc creator/import/gnu/arm/4.9.3/bin/../lib/gcc/arm-none-eabi/4.9.3/armv6-m\libgcc.a(_udivsi3.o)
 .debug_frame   0x000020f4       0x20 c:/program files (x86)/cypress/psoc creator/4.0/psoc creator/import/gnu/arm/4.9.3/bin/../lib/gcc/arm-none-eabi/4.9.3/armv6-m\libgcc.a(_divsi3.o)
 .debug_frame   0x00002114       0x34 c:/program files (x86)/cypress/psoc creator/4.0/psoc creator/import/gnu/arm/4.9.3/bin/../lib/gcc/arm-none-eabi/4.9.3/armv6-m\libgcc.a(_muldi3.o)
 .debug_frame   0x00002148       0x2c c:/program files (x86)/cypress/psoc creator/4.0/psoc creator/import/gnu/arm/4.9.3/bin/../lib/gcc/arm-none-eabi/4.9.3/armv6-m\libgcc.a(_fixunsdfsi.o)
 .debug_frame   0x00002174       0x50 c:/program files (x86)/cypress/psoc creator/4.0/psoc creator/import/gnu/arm/4.9.3/bin/../lib/gcc/arm-none-eabi/4.9.3/armv6-m\libgcc.a(bpabi.o)
 .debug_frame   0x000021c4       0x3c c:/program files (x86)/cypress/psoc creator/4.0/psoc creator/import/gnu/arm/4.9.3/bin/../lib/gcc/arm-none-eabi/4.9.3/armv6-m\libgcc.a(divsf3.o)
 .debug_frame   0x00002200       0x3c c:/program files (x86)/cypress/psoc creator/4.0/psoc creator/import/gnu/arm/4.9.3/bin/../lib/gcc/arm-none-eabi/4.9.3/armv6-m\libgcc.a(mulsf3.o)
 .debug_frame   0x0000223c       0x2c c:/program files (x86)/cypress/psoc creator/4.0/psoc creator/import/gnu/arm/4.9.3/bin/../lib/gcc/arm-none-eabi/4.9.3/armv6-m\libgcc.a(floatsisf.o)
 .debug_frame   0x00002268       0x28 c:/program files (x86)/cypress/psoc creator/4.0/psoc creator/import/gnu/arm/4.9.3/bin/../lib/gcc/arm-none-eabi/4.9.3/armv6-m\libgcc.a(floatunsisf.o)
 .debug_frame   0x00002290       0x3c c:/program files (x86)/cypress/psoc creator/4.0/psoc creator/import/gnu/arm/4.9.3/bin/../lib/gcc/arm-none-eabi/4.9.3/armv6-m\libgcc.a(divdf3.o)
 .debug_frame   0x000022cc       0x3c c:/program files (x86)/cypress/psoc creator/4.0/psoc creator/import/gnu/arm/4.9.3/bin/../lib/gcc/arm-none-eabi/4.9.3/armv6-m\libgcc.a(muldf3.o)
 .debug_frame   0x00002308       0x3c c:/program files (x86)/cypress/psoc creator/4.0/psoc creator/import/gnu/arm/4.9.3/bin/../lib/gcc/arm-none-eabi/4.9.3/armv6-m\libgcc.a(subdf3.o)
 .debug_frame   0x00002344       0x2c c:/program files (x86)/cypress/psoc creator/4.0/psoc creator/import/gnu/arm/4.9.3/bin/../lib/gcc/arm-none-eabi/4.9.3/armv6-m\libgcc.a(fixdfsi.o)
 .debug_frame   0x00002370       0x28 c:/program files (x86)/cypress/psoc creator/4.0/psoc creator/import/gnu/arm/4.9.3/bin/../lib/gcc/arm-none-eabi/4.9.3/armv6-m\libgcc.a(floatunsidf.o)
 .debug_frame   0x00002398       0x2c c:/program files (x86)/cypress/psoc creator/4.0/psoc creator/import/gnu/arm/4.9.3/bin/../lib/gcc/arm-none-eabi/4.9.3/armv6-m\libgcc.a(extendsfdf2.o)
 .debug_frame   0x000023c4       0x2c c:/program files (x86)/cypress/psoc creator/4.0/psoc creator/import/gnu/arm/4.9.3/bin/../lib/gcc/arm-none-eabi/4.9.3/armv6-m\libgcc.a(truncdfsf2.o)
 .debug_frame   0x000023f0       0x3c c:/program files (x86)/cypress/psoc creator/4.0/psoc creator/import/gnu/arm/4.9.3/bin/../lib/gcc/arm-none-eabi/4.9.3/armv6-m\libgcc.a(_divdi3.o)
 .debug_frame   0x0000242c       0x3c c:/program files (x86)/cypress/psoc creator/4.0/psoc creator/import/gnu/arm/4.9.3/bin/../lib/gcc/arm-none-eabi/4.9.3/armv6-m\libgcc.a(_udivdi3.o)
 .debug_frame   0x00002468       0x38 c:/program files (x86)/cypress/psoc creator/4.0/psoc creator/import/gnu/arm/4.9.3/bin/../lib/gcc/arm-none-eabi/4.9.3/armv6-m\libgcc.a(eqdf2.o)
 .debug_frame   0x000024a0       0x38 c:/program files (x86)/cypress/psoc creator/4.0/psoc creator/import/gnu/arm/4.9.3/bin/../lib/gcc/arm-none-eabi/4.9.3/armv6-m\libgcc.a(gedf2.o)
 .debug_frame   0x000024d8       0x38 c:/program files (x86)/cypress/psoc creator/4.0/psoc creator/import/gnu/arm/4.9.3/bin/../lib/gcc/arm-none-eabi/4.9.3/armv6-m\libgcc.a(ledf2.o)
 .debug_frame   0x00002510       0x20 c:/program files (x86)/cypress/psoc creator/4.0/psoc creator/import/gnu/arm/4.9.3/bin/../lib/gcc/arm-none-eabi/4.9.3/../../../../arm-none-eabi/lib/armv6-m\libg_nano.a(lib_a-errno.o)
 .debug_frame   0x00002530       0x28 c:/program files (x86)/cypress/psoc creator/4.0/psoc creator/import/gnu/arm/4.9.3/bin/../lib/gcc/arm-none-eabi/4.9.3/../../../../arm-none-eabi/lib/armv6-m\libg_nano.a(lib_a-exit.o)
 .debug_frame   0x00002558       0x2c c:/program files (x86)/cypress/psoc creator/4.0/psoc creator/import/gnu/arm/4.9.3/bin/../lib/gcc/arm-none-eabi/4.9.3/../../../../arm-none-eabi/lib/armv6-m\libg_nano.a(lib_a-init.o)
 .debug_frame   0x00002584       0x28 c:/program files (x86)/cypress/psoc creator/4.0/psoc creator/import/gnu/arm/4.9.3/bin/../lib/gcc/arm-none-eabi/4.9.3/../../../../arm-none-eabi/lib/armv6-m\libg_nano.a(lib_a-memcpy.o)
 .debug_frame   0x000025ac       0x20 c:/program files (x86)/cypress/psoc creator/4.0/psoc creator/import/gnu/arm/4.9.3/bin/../lib/gcc/arm-none-eabi/4.9.3/../../../../arm-none-eabi/lib/armv6-m\libg_nano.a(lib_a-memset.o)
 .debug_frame   0x000025cc       0x74 c:/program files (x86)/cypress/psoc creator/4.0/psoc creator/import/gnu/arm/4.9.3/bin/../lib/gcc/arm-none-eabi/4.9.3/../../../../arm-none-eabi/lib/armv6-m\libg_nano.a(lib_a-nano-vfprintf_float.o)
 .debug_frame   0x00002640       0x54 c:/program files (x86)/cypress/psoc creator/4.0/psoc creator/import/gnu/arm/4.9.3/bin/../lib/gcc/arm-none-eabi/4.9.3/../../../../arm-none-eabi/lib/armv6-m\libg_nano.a(lib_a-nano-vfprintf_i.o)
 .debug_frame   0x00002694       0x2c c:/program files (x86)/cypress/psoc creator/4.0/psoc creator/import/gnu/arm/4.9.3/bin/../lib/gcc/arm-none-eabi/4.9.3/../../../../arm-none-eabi/lib/armv6-m\libg_nano.a(lib_a-s_fpclassify.o)
 .debug_frame   0x000026c0       0x20 c:/program files (x86)/cypress/psoc creator/4.0/psoc creator/import/gnu/arm/4.9.3/bin/../lib/gcc/arm-none-eabi/4.9.3/../../../../arm-none-eabi/lib/armv6-m\libg_nano.a(lib_a-strlen.o)
 .debug_frame   0x000026e0       0x54 c:/program files (x86)/cypress/psoc creator/4.0/psoc creator/import/gnu/arm/4.9.3/bin/../lib/gcc/arm-none-eabi/4.9.3/../../../../arm-none-eabi/lib/armv6-m\libg_nano.a(lib_a-dtoa.o)
 .debug_frame   0x00002734       0xa4 c:/program files (x86)/cypress/psoc creator/4.0/psoc creator/import/gnu/arm/4.9.3/bin/../lib/gcc/arm-none-eabi/4.9.3/../../../../arm-none-eabi/lib/armv6-m\libg_nano.a(lib_a-locale.o)
 .debug_frame   0x000027d8       0x40 c:/program files (x86)/cypress/psoc creator/4.0/psoc creator/import/gnu/arm/4.9.3/bin/../lib/gcc/arm-none-eabi/4.9.3/../../../../arm-none-eabi/lib/armv6-m\libg_nano.a(lib_a-malloc.o)
 .debug_frame   0x00002818       0x20 c:/program files (x86)/cypress/psoc creator/4.0/psoc creator/import/gnu/arm/4.9.3/bin/../lib/gcc/arm-none-eabi/4.9.3/../../../../arm-none-eabi/lib/armv6-m\libg_nano.a(lib_a-memchr.o)
 .debug_frame   0x00002838      0x238 c:/program files (x86)/cypress/psoc creator/4.0/psoc creator/import/gnu/arm/4.9.3/bin/../lib/gcc/arm-none-eabi/4.9.3/../../../../arm-none-eabi/lib/armv6-m\libg_nano.a(lib_a-mprec.o)
 .debug_frame   0x00002a70       0x2c c:/program files (x86)/cypress/psoc creator/4.0/psoc creator/import/gnu/arm/4.9.3/bin/../lib/gcc/arm-none-eabi/4.9.3/../../../../arm-none-eabi/lib/armv6-m\libg_nano.a(lib_a-nano-callocr.o)
 .debug_frame   0x00002a9c       0x2c c:/program files (x86)/cypress/psoc creator/4.0/psoc creator/import/gnu/arm/4.9.3/bin/../lib/gcc/arm-none-eabi/4.9.3/../../../../arm-none-eabi/lib/armv6-m\libg_nano.a(lib_a-nano-freer.o)
 .debug_frame   0x00002ac8       0x2c c:/program files (x86)/cypress/psoc creator/4.0/psoc creator/import/gnu/arm/4.9.3/bin/../lib/gcc/arm-none-eabi/4.9.3/../../../../arm-none-eabi/lib/armv6-m\libg_nano.a(lib_a-nano-mallocr.o)
 .debug_frame   0x00002af4       0x2c c:/program files (x86)/cypress/psoc creator/4.0/psoc creator/import/gnu/arm/4.9.3/bin/../lib/gcc/arm-none-eabi/4.9.3/../../../../arm-none-eabi/lib/armv6-m\libg_nano.a(lib_a-sbrkr.o)
 .debug_frame   0x00002b20       0x48 c:/program files (x86)/cypress/psoc creator/4.0/psoc creator/import/gnu/arm/4.9.3/bin/../lib/gcc/arm-none-eabi/4.9.3/../../../../arm-none-eabi/lib/armv6-m\libg_nano.a(lib_a-reent.o)
 .debug_frame   0x00002b68       0x38 c:/program files (x86)/cypress/psoc creator/4.0/psoc creator/import/gnu/arm/4.9.3/bin/../lib/gcc/arm-none-eabi/4.9.3/armv6-m\libgcc.a(adddf3.o)
 .debug_frame   0x00002ba0       0x2c c:/program files (x86)/cypress/psoc creator/4.0/psoc creator/import/gnu/arm/4.9.3/bin/../lib/gcc/arm-none-eabi/4.9.3/armv6-m\libgcc.a(floatsidf.o)

.debug_str      0x00000000     0x25cc
 *(.debug_str)
 .debug_str     0x00000000      0x172 .\CortexM0\ARM_GCC_493\Debug\main.o
                                0x1ab (size before relaxing)
 .debug_str     0x00000172      0x2c1 .\CortexM0\ARM_GCC_493\Debug\cypress_slave_spi.o
                                0x498 (size before relaxing)
 .debug_str     0x00000433       0x72 .\CortexM0\ARM_GCC_493\Debug\cypress_arduino.o
                                0x331 (size before relaxing)
 .debug_str     0x000004a5       0x27 .\CortexM0\ARM_GCC_493\Debug\sensors.o
                                0x1cd (size before relaxing)
 .debug_str     0x000004cc       0x2a .\CortexM0\ARM_GCC_493\Debug\controls.o
                                0x1d0 (size before relaxing)
 .debug_str     0x000004f6      0x1b2 .\CortexM0\ARM_GCC_493\Debug\RTD_sensor.o
                                0x378 (size before relaxing)
 .debug_str     0x000006a8       0x61 .\CortexM0\ARM_GCC_493\Debug\switch_sensor.o
                                0x221 (size before relaxing)
 .debug_str     0x00000709       0x59 .\CortexM0\ARM_GCC_493\Debug\cymetadata.o
                                0x205 (size before relaxing)
 .debug_str     0x00000762      0x120 .\CortexM0\ARM_GCC_493\Debug\Cm0Start.o
                                0x2f9 (size before relaxing)
 .debug_str     0x00000882      0x11c .\CortexM0\ARM_GCC_493\Debug\SCB_SpiCommSlave01.a(cyfitter_cfg.o)
                                0x312 (size before relaxing)
 .debug_str     0x0000099e       0xcc .\CortexM0\ARM_GCC_493\Debug\SCB_SpiCommSlave01.a(LED_GREEN.o)
                                0x289 (size before relaxing)
 .debug_str     0x00000a6a       0x95 .\CortexM0\ARM_GCC_493\Debug\SCB_SpiCommSlave01.a(LED_RED.o)
                                0x27b (size before relaxing)
 .debug_str     0x00000aff       0x9c .\CortexM0\ARM_GCC_493\Debug\SCB_SpiCommSlave01.a(LED_BLUE.o)
                                0x282 (size before relaxing)
 .debug_str     0x00000b9b      0x120 .\CortexM0\ARM_GCC_493\Debug\SCB_SpiCommSlave01.a(SPIS.o)
                                0x2e0 (size before relaxing)
 .debug_str     0x00000cbb      0x135 .\CortexM0\ARM_GCC_493\Debug\SCB_SpiCommSlave01.a(SPIS_SPI_UART.o)
                                0x2f9 (size before relaxing)
 .debug_str     0x00000df0       0x8e .\CortexM0\ARM_GCC_493\Debug\SCB_SpiCommSlave01.a(SPIS_SPI.o)
                                0x25e (size before relaxing)
 .debug_str     0x00000e7e       0x3d .\CortexM0\ARM_GCC_493\Debug\SCB_SpiCommSlave01.a(SPIS_SPI_UART_INT.o)
                                0x207 (size before relaxing)
 .debug_str     0x00000ebb      0x8e3 .\CortexM0\ARM_GCC_493\Debug\SCB_SpiCommSlave01.a(CyLib.o)
                                0xaea (size before relaxing)
 .debug_str     0x0000179e      0x6e7 .\CortexM0\ARM_GCC_493\Debug\SCB_SpiCommSlave01.a(CyLFClk.o)
                                0x90a (size before relaxing)
 .debug_str     0x00001e85       0x61 .\CortexM0\ARM_GCC_493\Debug\SCB_SpiCommSlave01.a(RTD.o)
                                0x22c (size before relaxing)
 .debug_str     0x00001ee6      0x291 .\CortexM0\ARM_GCC_493\Debug\SCB_SpiCommSlave01.a(ADC_SAR_SEQ.o)
                                0x492 (size before relaxing)
 .debug_str     0x00002177       0x39 .\CortexM0\ARM_GCC_493\Debug\SCB_SpiCommSlave01.a(ADC_SAR_SEQ_INT.o)
                                0x1f8 (size before relaxing)
 .debug_str     0x000021b0      0x181 .\CortexM0\ARM_GCC_493\Debug\SCB_SpiCommSlave01.a(ADC_SAR_SEQ_IRQ.o)
                                0x374 (size before relaxing)
 .debug_str     0x00002331       0x8d .\CortexM0\ARM_GCC_493\Debug\SCB_SpiCommSlave01.a(IDAC.o)
                                0x251 (size before relaxing)
 .debug_str     0x000023be       0xaf .\CortexM0\ARM_GCC_493\Debug\SCB_SpiCommSlave01.a(Opamp_1.o)
                                0x25f (size before relaxing)
 .debug_str     0x0000246d       0x9c .\CortexM0\ARM_GCC_493\Debug\SCB_SpiCommSlave01.a(switch_1.o)
                                0x282 (size before relaxing)
 .debug_str     0x00002509       0xc3 .\CortexM0\ARM_GCC_493\Debug\SCB_SpiCommSlave01.a(CyFlash.o)
                                0x2a0 (size before relaxing)

.debug_loc
 *(.debug_loc)

.debug_macinfo
 *(.debug_macinfo)

.debug_ranges   0x00000000      0x8d0
 *(.debug_ranges)
 .debug_ranges  0x00000000       0x10 .\CortexM0\ARM_GCC_493\Debug\main.o
 .debug_ranges  0x00000010       0x58 .\CortexM0\ARM_GCC_493\Debug\cypress_slave_spi.o
 .debug_ranges  0x00000068       0x28 .\CortexM0\ARM_GCC_493\Debug\cypress_arduino.o
 .debug_ranges  0x00000090       0x18 .\CortexM0\ARM_GCC_493\Debug\sensors.o
 .debug_ranges  0x000000a8       0x18 .\CortexM0\ARM_GCC_493\Debug\controls.o
 .debug_ranges  0x000000c0       0x20 .\CortexM0\ARM_GCC_493\Debug\RTD_sensor.o
 .debug_ranges  0x000000e0       0x18 .\CortexM0\ARM_GCC_493\Debug\switch_sensor.o
 .debug_ranges  0x000000f8       0x38 .\CortexM0\ARM_GCC_493\Debug\Cm0Start.o
 .debug_ranges  0x00000130       0x48 .\CortexM0\ARM_GCC_493\Debug\SCB_SpiCommSlave01.a(cyfitter_cfg.o)
 .debug_ranges  0x00000178       0x38 .\CortexM0\ARM_GCC_493\Debug\SCB_SpiCommSlave01.a(LED_GREEN.o)
 .debug_ranges  0x000001b0       0x38 .\CortexM0\ARM_GCC_493\Debug\SCB_SpiCommSlave01.a(LED_RED.o)
 .debug_ranges  0x000001e8       0x38 .\CortexM0\ARM_GCC_493\Debug\SCB_SpiCommSlave01.a(LED_BLUE.o)
 .debug_ranges  0x00000220       0x58 .\CortexM0\ARM_GCC_493\Debug\SCB_SpiCommSlave01.a(SPIS.o)
 .debug_ranges  0x00000278       0x50 .\CortexM0\ARM_GCC_493\Debug\SCB_SpiCommSlave01.a(SPIS_SPI_UART.o)
 .debug_ranges  0x000002c8       0x28 .\CortexM0\ARM_GCC_493\Debug\SCB_SpiCommSlave01.a(SPIS_SPI.o)
 .debug_ranges  0x000002f0       0x10 .\CortexM0\ARM_GCC_493\Debug\SCB_SpiCommSlave01.a(SPIS_SPI_UART_INT.o)
 .debug_ranges  0x00000300      0x250 .\CortexM0\ARM_GCC_493\Debug\SCB_SpiCommSlave01.a(CyLib.o)
 .debug_ranges  0x00000550      0x180 .\CortexM0\ARM_GCC_493\Debug\SCB_SpiCommSlave01.a(CyLFClk.o)
 .debug_ranges  0x000006d0       0x18 .\CortexM0\ARM_GCC_493\Debug\SCB_SpiCommSlave01.a(RTD.o)
 .debug_ranges  0x000006e8       0x98 .\CortexM0\ARM_GCC_493\Debug\SCB_SpiCommSlave01.a(ADC_SAR_SEQ.o)
 .debug_ranges  0x00000780       0x10 .\CortexM0\ARM_GCC_493\Debug\SCB_SpiCommSlave01.a(ADC_SAR_SEQ_INT.o)
 .debug_ranges  0x00000790       0x70 .\CortexM0\ARM_GCC_493\Debug\SCB_SpiCommSlave01.a(ADC_SAR_SEQ_IRQ.o)
 .debug_ranges  0x00000800       0x30 .\CortexM0\ARM_GCC_493\Debug\SCB_SpiCommSlave01.a(IDAC.o)
 .debug_ranges  0x00000830       0x38 .\CortexM0\ARM_GCC_493\Debug\SCB_SpiCommSlave01.a(Opamp_1.o)
 .debug_ranges  0x00000868       0x38 .\CortexM0\ARM_GCC_493\Debug\SCB_SpiCommSlave01.a(switch_1.o)
 .debug_ranges  0x000008a0       0x30 .\CortexM0\ARM_GCC_493\Debug\SCB_SpiCommSlave01.a(CyFlash.o)

.comment        0x00000000       0x70
 .comment       0x00000000       0x70 .\CortexM0\ARM_GCC_493\Debug\main.o
                                 0x71 (size before relaxing)
 .comment       0x00000000       0x71 .\CortexM0\ARM_GCC_493\Debug\cypress_slave_spi.o
 .comment       0x00000000       0x71 .\CortexM0\ARM_GCC_493\Debug\cypress_arduino.o
 .comment       0x00000000       0x71 .\CortexM0\ARM_GCC_493\Debug\sensors.o
 .comment       0x00000000       0x71 .\CortexM0\ARM_GCC_493\Debug\controls.o
 .comment       0x00000000       0x71 .\CortexM0\ARM_GCC_493\Debug\RTD_sensor.o
 .comment       0x00000000       0x71 .\CortexM0\ARM_GCC_493\Debug\switch_sensor.o
 .comment       0x00000000       0x71 .\CortexM0\ARM_GCC_493\Debug\cymetadata.o
 .comment       0x00000000       0x71 .\CortexM0\ARM_GCC_493\Debug\Cm0Start.o
 .comment       0x00000000       0x71 .\CortexM0\ARM_GCC_493\Debug\SCB_SpiCommSlave01.a(cyfitter_cfg.o)
 .comment       0x00000000       0x71 .\CortexM0\ARM_GCC_493\Debug\SCB_SpiCommSlave01.a(LED_GREEN.o)
 .comment       0x00000000       0x71 .\CortexM0\ARM_GCC_493\Debug\SCB_SpiCommSlave01.a(LED_RED.o)
 .comment       0x00000000       0x71 .\CortexM0\ARM_GCC_493\Debug\SCB_SpiCommSlave01.a(LED_BLUE.o)
 .comment       0x00000000       0x71 .\CortexM0\ARM_GCC_493\Debug\SCB_SpiCommSlave01.a(SPIS.o)
 .comment       0x00000000       0x71 .\CortexM0\ARM_GCC_493\Debug\SCB_SpiCommSlave01.a(SPIS_SPI_UART.o)
 .comment       0x00000000       0x71 .\CortexM0\ARM_GCC_493\Debug\SCB_SpiCommSlave01.a(SPIS_SPI.o)
 .comment       0x00000000       0x71 .\CortexM0\ARM_GCC_493\Debug\SCB_SpiCommSlave01.a(SPIS_SPI_UART_INT.o)
 .comment       0x00000000       0x71 .\CortexM0\ARM_GCC_493\Debug\SCB_SpiCommSlave01.a(CyLib.o)
 .comment       0x00000000       0x71 .\CortexM0\ARM_GCC_493\Debug\SCB_SpiCommSlave01.a(CyLFClk.o)
 .comment       0x00000000       0x71 .\CortexM0\ARM_GCC_493\Debug\SCB_SpiCommSlave01.a(RTD.o)
 .comment       0x00000000       0x71 .\CortexM0\ARM_GCC_493\Debug\SCB_SpiCommSlave01.a(ADC_SAR_SEQ.o)
 .comment       0x00000000       0x71 .\CortexM0\ARM_GCC_493\Debug\SCB_SpiCommSlave01.a(ADC_SAR_SEQ_INT.o)
 .comment       0x00000000       0x71 .\CortexM0\ARM_GCC_493\Debug\SCB_SpiCommSlave01.a(ADC_SAR_SEQ_IRQ.o)
 .comment       0x00000000       0x71 .\CortexM0\ARM_GCC_493\Debug\SCB_SpiCommSlave01.a(IDAC.o)
 .comment       0x00000000       0x71 .\CortexM0\ARM_GCC_493\Debug\SCB_SpiCommSlave01.a(Opamp_1.o)
 .comment       0x00000000       0x71 .\CortexM0\ARM_GCC_493\Debug\SCB_SpiCommSlave01.a(switch_1.o)
 .comment       0x00000000       0x71 .\CortexM0\ARM_GCC_493\Debug\SCB_SpiCommSlave01.a(CyFlash.o)

.debug_weaknames
 *(.debug_weaknames)

.debug_funcnames
 *(.debug_funcnames)

.debug_typenames
 *(.debug_typenames)

.debug_varnames
 *(.debug_varnames)

.note.gnu.arm.ident
 *(.note.gnu.arm.ident)

.ARM.attributes
                0x00000000       0x28
 *(.ARM.attributes)
 .ARM.attributes
                0x00000000       0x1e c:/program files (x86)/cypress/psoc creator/4.0/psoc creator/import/gnu/arm/4.9.3/bin/../lib/gcc/arm-none-eabi/4.9.3/armv6-m/crti.o
 .ARM.attributes
                0x0000001e       0x2c c:/program files (x86)/cypress/psoc creator/4.0/psoc creator/import/gnu/arm/4.9.3/bin/../lib/gcc/arm-none-eabi/4.9.3/armv6-m/crtbegin.o
 .ARM.attributes
                0x0000004a       0x1b c:/program files (x86)/cypress/psoc creator/4.0/psoc creator/import/gnu/arm/4.9.3/bin/../lib/gcc/arm-none-eabi/4.9.3/../../../../arm-none-eabi/lib/armv6-m/crt0.o
 .ARM.attributes
                0x00000065       0x31 .\CortexM0\ARM_GCC_493\Debug\main.o
 .ARM.attributes
                0x00000096       0x31 .\CortexM0\ARM_GCC_493\Debug\cypress_slave_spi.o
 .ARM.attributes
                0x000000c7       0x31 .\CortexM0\ARM_GCC_493\Debug\cypress_arduino.o
 .ARM.attributes
                0x000000f8       0x31 .\CortexM0\ARM_GCC_493\Debug\sensors.o
 .ARM.attributes
                0x00000129       0x31 .\CortexM0\ARM_GCC_493\Debug\controls.o
 .ARM.attributes
                0x0000015a       0x31 .\CortexM0\ARM_GCC_493\Debug\RTD_sensor.o
 .ARM.attributes
                0x0000018b       0x31 .\CortexM0\ARM_GCC_493\Debug\switch_sensor.o
 .ARM.attributes
                0x000001bc       0x31 .\CortexM0\ARM_GCC_493\Debug\cymetadata.o
 .ARM.attributes
                0x000001ed       0x31 .\CortexM0\ARM_GCC_493\Debug\Cm0Start.o
 .ARM.attributes
                0x0000021e       0x31 .\CortexM0\ARM_GCC_493\Debug\SCB_SpiCommSlave01.a(cyfitter_cfg.o)
 .ARM.attributes
                0x0000024f       0x31 .\CortexM0\ARM_GCC_493\Debug\SCB_SpiCommSlave01.a(LED_GREEN.o)
 .ARM.attributes
                0x00000280       0x31 .\CortexM0\ARM_GCC_493\Debug\SCB_SpiCommSlave01.a(LED_RED.o)
 .ARM.attributes
                0x000002b1       0x31 .\CortexM0\ARM_GCC_493\Debug\SCB_SpiCommSlave01.a(LED_BLUE.o)
 .ARM.attributes
                0x000002e2       0x31 .\CortexM0\ARM_GCC_493\Debug\SCB_SpiCommSlave01.a(SPIS.o)
 .ARM.attributes
                0x00000313       0x31 .\CortexM0\ARM_GCC_493\Debug\SCB_SpiCommSlave01.a(SPIS_SPI_UART.o)
 .ARM.attributes
                0x00000344       0x31 .\CortexM0\ARM_GCC_493\Debug\SCB_SpiCommSlave01.a(SPIS_SPI.o)
 .ARM.attributes
                0x00000375       0x31 .\CortexM0\ARM_GCC_493\Debug\SCB_SpiCommSlave01.a(SPIS_SPI_UART_INT.o)
 .ARM.attributes
                0x000003a6       0x31 .\CortexM0\ARM_GCC_493\Debug\SCB_SpiCommSlave01.a(CyLib.o)
 .ARM.attributes
                0x000003d7       0x31 .\CortexM0\ARM_GCC_493\Debug\SCB_SpiCommSlave01.a(CyLFClk.o)
 .ARM.attributes
                0x00000408       0x31 .\CortexM0\ARM_GCC_493\Debug\SCB_SpiCommSlave01.a(RTD.o)
 .ARM.attributes
                0x00000439       0x31 .\CortexM0\ARM_GCC_493\Debug\SCB_SpiCommSlave01.a(ADC_SAR_SEQ.o)
 .ARM.attributes
                0x0000046a       0x31 .\CortexM0\ARM_GCC_493\Debug\SCB_SpiCommSlave01.a(ADC_SAR_SEQ_INT.o)
 .ARM.attributes
                0x0000049b       0x31 .\CortexM0\ARM_GCC_493\Debug\SCB_SpiCommSlave01.a(ADC_SAR_SEQ_IRQ.o)
 .ARM.attributes
                0x000004cc       0x31 .\CortexM0\ARM_GCC_493\Debug\SCB_SpiCommSlave01.a(IDAC.o)
 .ARM.attributes
                0x000004fd       0x31 .\CortexM0\ARM_GCC_493\Debug\SCB_SpiCommSlave01.a(Opamp_1.o)
 .ARM.attributes
                0x0000052e       0x31 .\CortexM0\ARM_GCC_493\Debug\SCB_SpiCommSlave01.a(switch_1.o)
 .ARM.attributes
                0x0000055f       0x21 .\CortexM0\ARM_GCC_493\Debug\SCB_SpiCommSlave01.a(CyBootAsmGnu.o)
 .ARM.attributes
                0x00000580       0x31 .\CortexM0\ARM_GCC_493\Debug\SCB_SpiCommSlave01.a(CyFlash.o)
 .ARM.attributes
                0x000005b1       0x1e c:/program files (x86)/cypress/psoc creator/4.0/psoc creator/import/gnu/arm/4.9.3/bin/../lib/gcc/arm-none-eabi/4.9.3/armv6-m\libgcc.a(_udivsi3.o)
 .ARM.attributes
                0x000005cf       0x1e c:/program files (x86)/cypress/psoc creator/4.0/psoc creator/import/gnu/arm/4.9.3/bin/../lib/gcc/arm-none-eabi/4.9.3/armv6-m\libgcc.a(_divsi3.o)
 .ARM.attributes
                0x000005ed       0x1e c:/program files (x86)/cypress/psoc creator/4.0/psoc creator/import/gnu/arm/4.9.3/bin/../lib/gcc/arm-none-eabi/4.9.3/armv6-m\libgcc.a(_dvmd_tls.o)
 .ARM.attributes
                0x0000060b       0x1e c:/program files (x86)/cypress/psoc creator/4.0/psoc creator/import/gnu/arm/4.9.3/bin/../lib/gcc/arm-none-eabi/4.9.3/armv6-m\libgcc.a(_aeabi_ldivmod.o)
 .ARM.attributes
                0x00000629       0x2c c:/program files (x86)/cypress/psoc creator/4.0/psoc creator/import/gnu/arm/4.9.3/bin/../lib/gcc/arm-none-eabi/4.9.3/armv6-m\libgcc.a(_muldi3.o)
 .ARM.attributes
                0x00000655       0x2c c:/program files (x86)/cypress/psoc creator/4.0/psoc creator/import/gnu/arm/4.9.3/bin/../lib/gcc/arm-none-eabi/4.9.3/armv6-m\libgcc.a(_fixunsdfsi.o)
 .ARM.attributes
                0x00000681       0x2c c:/program files (x86)/cypress/psoc creator/4.0/psoc creator/import/gnu/arm/4.9.3/bin/../lib/gcc/arm-none-eabi/4.9.3/armv6-m\libgcc.a(bpabi.o)
 .ARM.attributes
                0x000006ad       0x2c c:/program files (x86)/cypress/psoc creator/4.0/psoc creator/import/gnu/arm/4.9.3/bin/../lib/gcc/arm-none-eabi/4.9.3/armv6-m\libgcc.a(divsf3.o)
 .ARM.attributes
                0x000006d9       0x2c c:/program files (x86)/cypress/psoc creator/4.0/psoc creator/import/gnu/arm/4.9.3/bin/../lib/gcc/arm-none-eabi/4.9.3/armv6-m\libgcc.a(mulsf3.o)
 .ARM.attributes
                0x00000705       0x2c c:/program files (x86)/cypress/psoc creator/4.0/psoc creator/import/gnu/arm/4.9.3/bin/../lib/gcc/arm-none-eabi/4.9.3/armv6-m\libgcc.a(floatsisf.o)
 .ARM.attributes
                0x00000731       0x2c c:/program files (x86)/cypress/psoc creator/4.0/psoc creator/import/gnu/arm/4.9.3/bin/../lib/gcc/arm-none-eabi/4.9.3/armv6-m\libgcc.a(floatunsisf.o)
 .ARM.attributes
                0x0000075d       0x2c c:/program files (x86)/cypress/psoc creator/4.0/psoc creator/import/gnu/arm/4.9.3/bin/../lib/gcc/arm-none-eabi/4.9.3/armv6-m\libgcc.a(divdf3.o)
 .ARM.attributes
                0x00000789       0x2c c:/program files (x86)/cypress/psoc creator/4.0/psoc creator/import/gnu/arm/4.9.3/bin/../lib/gcc/arm-none-eabi/4.9.3/armv6-m\libgcc.a(muldf3.o)
 .ARM.attributes
                0x000007b5       0x2c c:/program files (x86)/cypress/psoc creator/4.0/psoc creator/import/gnu/arm/4.9.3/bin/../lib/gcc/arm-none-eabi/4.9.3/armv6-m\libgcc.a(subdf3.o)
 .ARM.attributes
                0x000007e1       0x2c c:/program files (x86)/cypress/psoc creator/4.0/psoc creator/import/gnu/arm/4.9.3/bin/../lib/gcc/arm-none-eabi/4.9.3/armv6-m\libgcc.a(fixdfsi.o)
 .ARM.attributes
                0x0000080d       0x2c c:/program files (x86)/cypress/psoc creator/4.0/psoc creator/import/gnu/arm/4.9.3/bin/../lib/gcc/arm-none-eabi/4.9.3/armv6-m\libgcc.a(floatunsidf.o)
 .ARM.attributes
                0x00000839       0x2c c:/program files (x86)/cypress/psoc creator/4.0/psoc creator/import/gnu/arm/4.9.3/bin/../lib/gcc/arm-none-eabi/4.9.3/armv6-m\libgcc.a(extendsfdf2.o)
 .ARM.attributes
                0x00000865       0x2c c:/program files (x86)/cypress/psoc creator/4.0/psoc creator/import/gnu/arm/4.9.3/bin/../lib/gcc/arm-none-eabi/4.9.3/armv6-m\libgcc.a(truncdfsf2.o)
 .ARM.attributes
                0x00000891       0x1e c:/program files (x86)/cypress/psoc creator/4.0/psoc creator/import/gnu/arm/4.9.3/bin/../lib/gcc/arm-none-eabi/4.9.3/armv6-m\libgcc.a(_arm_cmpdf2.o)
 .ARM.attributes
                0x000008af       0x1e c:/program files (x86)/cypress/psoc creator/4.0/psoc creator/import/gnu/arm/4.9.3/bin/../lib/gcc/arm-none-eabi/4.9.3/armv6-m\libgcc.a(_clzsi2.o)
 .ARM.attributes
                0x000008cd       0x2c c:/program files (x86)/cypress/psoc creator/4.0/psoc creator/import/gnu/arm/4.9.3/bin/../lib/gcc/arm-none-eabi/4.9.3/armv6-m\libgcc.a(_divdi3.o)
 .ARM.attributes
                0x000008f9       0x2c c:/program files (x86)/cypress/psoc creator/4.0/psoc creator/import/gnu/arm/4.9.3/bin/../lib/gcc/arm-none-eabi/4.9.3/armv6-m\libgcc.a(_udivdi3.o)
 .ARM.attributes
                0x00000925       0x2c c:/program files (x86)/cypress/psoc creator/4.0/psoc creator/import/gnu/arm/4.9.3/bin/../lib/gcc/arm-none-eabi/4.9.3/armv6-m\libgcc.a(eqdf2.o)
 .ARM.attributes
                0x00000951       0x2c c:/program files (x86)/cypress/psoc creator/4.0/psoc creator/import/gnu/arm/4.9.3/bin/../lib/gcc/arm-none-eabi/4.9.3/armv6-m\libgcc.a(gedf2.o)
 .ARM.attributes
                0x0000097d       0x2c c:/program files (x86)/cypress/psoc creator/4.0/psoc creator/import/gnu/arm/4.9.3/bin/../lib/gcc/arm-none-eabi/4.9.3/armv6-m\libgcc.a(ledf2.o)
 .ARM.attributes
                0x000009a9       0x1e c:/program files (x86)/cypress/psoc creator/4.0/psoc creator/import/gnu/arm/4.9.3/bin/../lib/gcc/arm-none-eabi/4.9.3/armv6-m\libgcc.a(_clzdi2.o)
 .ARM.attributes
                0x000009c7       0x2c c:/program files (x86)/cypress/psoc creator/4.0/psoc creator/import/gnu/arm/4.9.3/bin/../lib/gcc/arm-none-eabi/4.9.3/../../../../arm-none-eabi/lib/armv6-m\libg_nano.a(lib_a-errno.o)
 .ARM.attributes
                0x000009f3       0x2c c:/program files (x86)/cypress/psoc creator/4.0/psoc creator/import/gnu/arm/4.9.3/bin/../lib/gcc/arm-none-eabi/4.9.3/../../../../arm-none-eabi/lib/armv6-m\libg_nano.a(lib_a-exit.o)
 .ARM.attributes
                0x00000a1f       0x2c c:/program files (x86)/cypress/psoc creator/4.0/psoc creator/import/gnu/arm/4.9.3/bin/../lib/gcc/arm-none-eabi/4.9.3/../../../../arm-none-eabi/lib/armv6-m\libg_nano.a(lib_a-impure.o)
 .ARM.attributes
                0x00000a4b       0x2c c:/program files (x86)/cypress/psoc creator/4.0/psoc creator/import/gnu/arm/4.9.3/bin/../lib/gcc/arm-none-eabi/4.9.3/../../../../arm-none-eabi/lib/armv6-m\libg_nano.a(lib_a-init.o)
 .ARM.attributes
                0x00000a77       0x2c c:/program files (x86)/cypress/psoc creator/4.0/psoc creator/import/gnu/arm/4.9.3/bin/../lib/gcc/arm-none-eabi/4.9.3/../../../../arm-none-eabi/lib/armv6-m\libg_nano.a(lib_a-memcpy.o)
 .ARM.attributes
                0x00000aa3       0x2c c:/program files (x86)/cypress/psoc creator/4.0/psoc creator/import/gnu/arm/4.9.3/bin/../lib/gcc/arm-none-eabi/4.9.3/../../../../arm-none-eabi/lib/armv6-m\libg_nano.a(lib_a-memset.o)
 .ARM.attributes
                0x00000acf       0x2c c:/program files (x86)/cypress/psoc creator/4.0/psoc creator/import/gnu/arm/4.9.3/bin/../lib/gcc/arm-none-eabi/4.9.3/../../../../arm-none-eabi/lib/armv6-m\libg_nano.a(lib_a-nano-vfprintf_float.o)
 .ARM.attributes
                0x00000afb       0x2c c:/program files (x86)/cypress/psoc creator/4.0/psoc creator/import/gnu/arm/4.9.3/bin/../lib/gcc/arm-none-eabi/4.9.3/../../../../arm-none-eabi/lib/armv6-m\libg_nano.a(lib_a-nano-vfprintf_i.o)
 .ARM.attributes
                0x00000b27       0x2c c:/program files (x86)/cypress/psoc creator/4.0/psoc creator/import/gnu/arm/4.9.3/bin/../lib/gcc/arm-none-eabi/4.9.3/../../../../arm-none-eabi/lib/armv6-m\libg_nano.a(lib_a-s_fpclassify.o)
 .ARM.attributes
                0x00000b53       0x2c c:/program files (x86)/cypress/psoc creator/4.0/psoc creator/import/gnu/arm/4.9.3/bin/../lib/gcc/arm-none-eabi/4.9.3/../../../../arm-none-eabi/lib/armv6-m\libg_nano.a(lib_a-strlen.o)
 .ARM.attributes
                0x00000b7f       0x2c c:/program files (x86)/cypress/psoc creator/4.0/psoc creator/import/gnu/arm/4.9.3/bin/../lib/gcc/arm-none-eabi/4.9.3/../../../../arm-none-eabi/lib/armv6-m\libg_nano.a(lib_a-dtoa.o)
 .ARM.attributes
                0x00000bab       0x2c c:/program files (x86)/cypress/psoc creator/4.0/psoc creator/import/gnu/arm/4.9.3/bin/../lib/gcc/arm-none-eabi/4.9.3/../../../../arm-none-eabi/lib/armv6-m\libg_nano.a(lib_a-locale.o)
 .ARM.attributes
                0x00000bd7       0x2c c:/program files (x86)/cypress/psoc creator/4.0/psoc creator/import/gnu/arm/4.9.3/bin/../lib/gcc/arm-none-eabi/4.9.3/../../../../arm-none-eabi/lib/armv6-m\libg_nano.a(lib_a-malloc.o)
 .ARM.attributes
                0x00000c03       0x2c c:/program files (x86)/cypress/psoc creator/4.0/psoc creator/import/gnu/arm/4.9.3/bin/../lib/gcc/arm-none-eabi/4.9.3/../../../../arm-none-eabi/lib/armv6-m\libg_nano.a(lib_a-memchr.o)
 .ARM.attributes
                0x00000c2f       0x2c c:/program files (x86)/cypress/psoc creator/4.0/psoc creator/import/gnu/arm/4.9.3/bin/../lib/gcc/arm-none-eabi/4.9.3/../../../../arm-none-eabi/lib/armv6-m\libg_nano.a(lib_a-mprec.o)
 .ARM.attributes
                0x00000c5b       0x2c c:/program files (x86)/cypress/psoc creator/4.0/psoc creator/import/gnu/arm/4.9.3/bin/../lib/gcc/arm-none-eabi/4.9.3/../../../../arm-none-eabi/lib/armv6-m\libg_nano.a(lib_a-nano-callocr.o)
 .ARM.attributes
                0x00000c87       0x2c c:/program files (x86)/cypress/psoc creator/4.0/psoc creator/import/gnu/arm/4.9.3/bin/../lib/gcc/arm-none-eabi/4.9.3/../../../../arm-none-eabi/lib/armv6-m\libg_nano.a(lib_a-nano-freer.o)
 .ARM.attributes
                0x00000cb3       0x2c c:/program files (x86)/cypress/psoc creator/4.0/psoc creator/import/gnu/arm/4.9.3/bin/../lib/gcc/arm-none-eabi/4.9.3/../../../../arm-none-eabi/lib/armv6-m\libg_nano.a(lib_a-nano-mallocr.o)
 .ARM.attributes
                0x00000cdf       0x2c c:/program files (x86)/cypress/psoc creator/4.0/psoc creator/import/gnu/arm/4.9.3/bin/../lib/gcc/arm-none-eabi/4.9.3/../../../../arm-none-eabi/lib/armv6-m\libg_nano.a(lib_a-sbrkr.o)
 .ARM.attributes
                0x00000d0b       0x1c c:/program files (x86)/cypress/psoc creator/4.0/psoc creator/import/gnu/arm/4.9.3/bin/../lib/gcc/arm-none-eabi/4.9.3/../../../../arm-none-eabi/lib/armv6-m\libg_nano.a(lib_a-strcmp.o)
 .ARM.attributes
                0x00000d27       0x2c c:/program files (x86)/cypress/psoc creator/4.0/psoc creator/import/gnu/arm/4.9.3/bin/../lib/gcc/arm-none-eabi/4.9.3/../../../../arm-none-eabi/lib/armv6-m\libg_nano.a(lib_a-reent.o)
 .ARM.attributes
                0x00000d53       0x1e c:/program files (x86)/cypress/psoc creator/4.0/psoc creator/import/gnu/arm/4.9.3/bin/../lib/gcc/arm-none-eabi/4.9.3/armv6-m\libgcc.a(_thumb1_case_uqi.o)
 .ARM.attributes
                0x00000d71       0x2c c:/program files (x86)/cypress/psoc creator/4.0/psoc creator/import/gnu/arm/4.9.3/bin/../lib/gcc/arm-none-eabi/4.9.3/armv6-m\libgcc.a(adddf3.o)
 .ARM.attributes
                0x00000d9d       0x2c c:/program files (x86)/cypress/psoc creator/4.0/psoc creator/import/gnu/arm/4.9.3/bin/../lib/gcc/arm-none-eabi/4.9.3/armv6-m\libgcc.a(floatsidf.o)
 .ARM.attributes
                0x00000dc9       0x2c c:/program files (x86)/cypress/psoc creator/4.0/psoc creator/import/gnu/arm/4.9.3/bin/../lib/gcc/arm-none-eabi/4.9.3/armv6-m/crtend.o
 .ARM.attributes
                0x00000df5       0x1e c:/program files (x86)/cypress/psoc creator/4.0/psoc creator/import/gnu/arm/4.9.3/bin/../lib/gcc/arm-none-eabi/4.9.3/armv6-m/crtn.o

/DISCARD/
 *(.note.GNU-stack)
OUTPUT(.\CortexM0\ARM_GCC_493\Debug\SCB_SpiCommSlave01.elf elf32-littlearm)
